Command line invocation:
    /Applications/Xcode.app/Contents/Developer/usr/bin/xcodebuild -project branchr.xcodeproj -scheme branchr -destination "platform=iOS Simulator,name=iPhone 16 Pro" clean build

User defaults from command line:
    IDEPackageSupportUseBuiltinSCM = YES

Build Preparation
Build task concurrency set to 8 via user default IDEBuildOperationMaxNumberOfConcurrentCompileTasks

** CLEAN SUCCEEDED **

Prepare packages

Build Preparation
Build task concurrency set to 8 via user default IDEBuildOperationMaxNumberOfConcurrentCompileTasks

ComputeTargetDependencyGraph
note: Building targets in dependency order
note: Target dependency graph (2 targets)
    Target 'branchr' in project 'branchr'
        ➜ Explicit dependency on target 'BranchrWidgetExtensionExtension' in project 'branchr'
    Target 'BranchrWidgetExtensionExtension' in project 'branchr' (no dependencies)

GatherProvisioningInputs

CreateBuildDescription

ExecuteExternalTool /Applications/Xcode.app/Contents/Developer/usr/bin/actool --version --output-format xml1

ExecuteExternalTool /Applications/Xcode.app/Contents/Developer/usr/bin/actool --print-asset-tag-combinations --output-format xml1 /Users/joedormond/Documents/branchr/Assets.xcassets /Users/joedormond/Documents/branchr/branchr-ios/branchr/Preview Content/Preview Assets.xcassets

ExecuteExternalTool /Applications/Xcode.app/Contents/Developer/Toolchains/XcodeDefault.xctoolchain/usr/bin/clang -v -E -dM -isysroot /Applications/Xcode.app/Contents/Developer/Platforms/iPhoneSimulator.platform/Developer/SDKs/iPhoneSimulator18.2.sdk -x c -c /dev/null

ExecuteExternalTool /Applications/Xcode.app/Contents/Developer/Toolchains/XcodeDefault.xctoolchain/usr/bin/swiftc --version

ExecuteExternalTool /Applications/Xcode.app/Contents/Developer/Toolchains/XcodeDefault.xctoolchain/usr/bin/ld -version_details

Build description signature: 4874084546ed412fda533b74ceae836f
Build description path: /Users/joedormond/Library/Developer/Xcode/DerivedData/branchr-aheaqiyakzptavfcnnusrgtfekde/Build/Intermediates.noindex/XCBuildData/4874084546ed412fda533b74ceae836f.xcbuilddata
CreateBuildDirectory /Users/joedormond/Library/Developer/Xcode/DerivedData/branchr-aheaqiyakzptavfcnnusrgtfekde/Build/Products
    cd /Users/joedormond/Documents/branchr/branchr.xcodeproj
    builtin-create-build-directory /Users/joedormond/Library/Developer/Xcode/DerivedData/branchr-aheaqiyakzptavfcnnusrgtfekde/Build/Products

CreateBuildDirectory /Users/joedormond/Library/Developer/Xcode/DerivedData/branchr-aheaqiyakzptavfcnnusrgtfekde/Build/Intermediates.noindex
    cd /Users/joedormond/Documents/branchr/branchr.xcodeproj
    builtin-create-build-directory /Users/joedormond/Library/Developer/Xcode/DerivedData/branchr-aheaqiyakzptavfcnnusrgtfekde/Build/Intermediates.noindex

ClangStatCache /Applications/Xcode.app/Contents/Developer/Toolchains/XcodeDefault.xctoolchain/usr/bin/clang-stat-cache /Applications/Xcode.app/Contents/Developer/Platforms/iPhoneSimulator.platform/Developer/SDKs/iPhoneSimulator18.2.sdk /Users/joedormond/Library/Developer/Xcode/DerivedData/SDKStatCaches.noindex/iphonesimulator18.2-22C146-07b28473f605e47e75261259d3ef3b5a.sdkstatcache
    cd /Users/joedormond/Documents/branchr/branchr.xcodeproj
    /Applications/Xcode.app/Contents/Developer/Toolchains/XcodeDefault.xctoolchain/usr/bin/clang-stat-cache /Applications/Xcode.app/Contents/Developer/Platforms/iPhoneSimulator.platform/Developer/SDKs/iPhoneSimulator18.2.sdk -o /Users/joedormond/Library/Developer/Xcode/DerivedData/SDKStatCaches.noindex/iphonesimulator18.2-22C146-07b28473f605e47e75261259d3ef3b5a.sdkstatcache

CreateBuildDirectory /Users/joedormond/Library/Developer/Xcode/DerivedData/branchr-aheaqiyakzptavfcnnusrgtfekde/Build/Products/Debug-iphonesimulator
    cd /Users/joedormond/Documents/branchr/branchr.xcodeproj
    builtin-create-build-directory /Users/joedormond/Library/Developer/Xcode/DerivedData/branchr-aheaqiyakzptavfcnnusrgtfekde/Build/Products/Debug-iphonesimulator

CreateBuildDirectory /Users/joedormond/Library/Developer/Xcode/DerivedData/branchr-aheaqiyakzptavfcnnusrgtfekde/Build/Intermediates.noindex/EagerLinkingTBDs/Debug-iphonesimulator
    cd /Users/joedormond/Documents/branchr/branchr.xcodeproj
    builtin-create-build-directory /Users/joedormond/Library/Developer/Xcode/DerivedData/branchr-aheaqiyakzptavfcnnusrgtfekde/Build/Intermediates.noindex/EagerLinkingTBDs/Debug-iphonesimulator

WriteAuxiliaryFile /Users/joedormond/Library/Developer/Xcode/DerivedData/branchr-aheaqiyakzptavfcnnusrgtfekde/Build/Intermediates.noindex/branchr.build/Debug-iphonesimulator/branchr-4a61610b9fd872c5be8b4146eac78aac-VFS-iphonesimulator/all-product-headers.yaml
    cd /Users/joedormond/Documents/branchr/branchr.xcodeproj
    write-file /Users/joedormond/Library/Developer/Xcode/DerivedData/branchr-aheaqiyakzptavfcnnusrgtfekde/Build/Intermediates.noindex/branchr.build/Debug-iphonesimulator/branchr-4a61610b9fd872c5be8b4146eac78aac-VFS-iphonesimulator/all-product-headers.yaml

WriteAuxiliaryFile /Users/joedormond/Library/Developer/Xcode/DerivedData/branchr-aheaqiyakzptavfcnnusrgtfekde/Build/Intermediates.noindex/branchr.build/Debug-iphonesimulator/BranchrWidgetExtensionExtension.build/DerivedSources/Entitlements-Simulated.plist (in target 'BranchrWidgetExtensionExtension' from project 'branchr')
    cd /Users/joedormond/Documents/branchr
    write-file /Users/joedormond/Library/Developer/Xcode/DerivedData/branchr-aheaqiyakzptavfcnnusrgtfekde/Build/Intermediates.noindex/branchr.build/Debug-iphonesimulator/BranchrWidgetExtensionExtension.build/DerivedSources/Entitlements-Simulated.plist

WriteAuxiliaryFile /Users/joedormond/Library/Developer/Xcode/DerivedData/branchr-aheaqiyakzptavfcnnusrgtfekde/Build/Intermediates.noindex/branchr.build/Debug-iphonesimulator/BranchrWidgetExtensionExtension.build/Objects-normal/x86_64/BranchrWidgetExtensionExtension.LinkFileList (in target 'BranchrWidgetExtensionExtension' from project 'branchr')
    cd /Users/joedormond/Documents/branchr
    write-file /Users/joedormond/Library/Developer/Xcode/DerivedData/branchr-aheaqiyakzptavfcnnusrgtfekde/Build/Intermediates.noindex/branchr.build/Debug-iphonesimulator/BranchrWidgetExtensionExtension.build/Objects-normal/x86_64/BranchrWidgetExtensionExtension.LinkFileList

WriteAuxiliaryFile /Users/joedormond/Library/Developer/Xcode/DerivedData/branchr-aheaqiyakzptavfcnnusrgtfekde/Build/Intermediates.noindex/branchr.build/Debug-iphonesimulator/BranchrWidgetExtensionExtension.build/Objects-normal/x86_64/BranchrWidgetExtensionExtension_const_extract_protocols.json (in target 'BranchrWidgetExtensionExtension' from project 'branchr')
    cd /Users/joedormond/Documents/branchr
    write-file /Users/joedormond/Library/Developer/Xcode/DerivedData/branchr-aheaqiyakzptavfcnnusrgtfekde/Build/Intermediates.noindex/branchr.build/Debug-iphonesimulator/BranchrWidgetExtensionExtension.build/Objects-normal/x86_64/BranchrWidgetExtensionExtension_const_extract_protocols.json

WriteAuxiliaryFile /Users/joedormond/Library/Developer/Xcode/DerivedData/branchr-aheaqiyakzptavfcnnusrgtfekde/Build/Intermediates.noindex/branchr.build/Debug-iphonesimulator/BranchrWidgetExtensionExtension.build/Objects-normal/x86_64/BranchrWidgetExtensionExtension.SwiftConstValuesFileList (in target 'BranchrWidgetExtensionExtension' from project 'branchr')
    cd /Users/joedormond/Documents/branchr
    write-file /Users/joedormond/Library/Developer/Xcode/DerivedData/branchr-aheaqiyakzptavfcnnusrgtfekde/Build/Intermediates.noindex/branchr.build/Debug-iphonesimulator/BranchrWidgetExtensionExtension.build/Objects-normal/x86_64/BranchrWidgetExtensionExtension.SwiftConstValuesFileList

WriteAuxiliaryFile /Users/joedormond/Library/Developer/Xcode/DerivedData/branchr-aheaqiyakzptavfcnnusrgtfekde/Build/Intermediates.noindex/branchr.build/Debug-iphonesimulator/BranchrWidgetExtensionExtension.build/Objects-normal/x86_64/BranchrWidgetExtensionExtension-OutputFileMap.json (in target 'BranchrWidgetExtensionExtension' from project 'branchr')
    cd /Users/joedormond/Documents/branchr
    write-file /Users/joedormond/Library/Developer/Xcode/DerivedData/branchr-aheaqiyakzptavfcnnusrgtfekde/Build/Intermediates.noindex/branchr.build/Debug-iphonesimulator/BranchrWidgetExtensionExtension.build/Objects-normal/x86_64/BranchrWidgetExtensionExtension-OutputFileMap.json

WriteAuxiliaryFile /Users/joedormond/Library/Developer/Xcode/DerivedData/branchr-aheaqiyakzptavfcnnusrgtfekde/Build/Intermediates.noindex/branchr.build/Debug-iphonesimulator/BranchrWidgetExtensionExtension.build/BranchrWidgetExtensionExtension.hmap (in target 'BranchrWidgetExtensionExtension' from project 'branchr')
    cd /Users/joedormond/Documents/branchr
    write-file /Users/joedormond/Library/Developer/Xcode/DerivedData/branchr-aheaqiyakzptavfcnnusrgtfekde/Build/Intermediates.noindex/branchr.build/Debug-iphonesimulator/BranchrWidgetExtensionExtension.build/BranchrWidgetExtensionExtension.hmap

WriteAuxiliaryFile /Users/joedormond/Library/Developer/Xcode/DerivedData/branchr-aheaqiyakzptavfcnnusrgtfekde/Build/Intermediates.noindex/branchr.build/Debug-iphonesimulator/BranchrWidgetExtensionExtension.build/BranchrWidgetExtensionExtension-own-target-headers.hmap (in target 'BranchrWidgetExtensionExtension' from project 'branchr')
    cd /Users/joedormond/Documents/branchr
    write-file /Users/joedormond/Library/Developer/Xcode/DerivedData/branchr-aheaqiyakzptavfcnnusrgtfekde/Build/Intermediates.noindex/branchr.build/Debug-iphonesimulator/BranchrWidgetExtensionExtension.build/BranchrWidgetExtensionExtension-own-target-headers.hmap

WriteAuxiliaryFile /Users/joedormond/Library/Developer/Xcode/DerivedData/branchr-aheaqiyakzptavfcnnusrgtfekde/Build/Intermediates.noindex/branchr.build/Debug-iphonesimulator/BranchrWidgetExtensionExtension.build/BranchrWidgetExtensionExtension-project-headers.hmap (in target 'BranchrWidgetExtensionExtension' from project 'branchr')
    cd /Users/joedormond/Documents/branchr
    write-file /Users/joedormond/Library/Developer/Xcode/DerivedData/branchr-aheaqiyakzptavfcnnusrgtfekde/Build/Intermediates.noindex/branchr.build/Debug-iphonesimulator/BranchrWidgetExtensionExtension.build/BranchrWidgetExtensionExtension-project-headers.hmap

WriteAuxiliaryFile /Users/joedormond/Library/Developer/Xcode/DerivedData/branchr-aheaqiyakzptavfcnnusrgtfekde/Build/Intermediates.noindex/branchr.build/Debug-iphonesimulator/branchr.build/branchr.hmap (in target 'branchr' from project 'branchr')
    cd /Users/joedormond/Documents/branchr
    write-file /Users/joedormond/Library/Developer/Xcode/DerivedData/branchr-aheaqiyakzptavfcnnusrgtfekde/Build/Intermediates.noindex/branchr.build/Debug-iphonesimulator/branchr.build/branchr.hmap

WriteAuxiliaryFile /Users/joedormond/Library/Developer/Xcode/DerivedData/branchr-aheaqiyakzptavfcnnusrgtfekde/Build/Intermediates.noindex/branchr.build/Debug-iphonesimulator/branchr.build/branchr.DependencyMetadataFileList (in target 'branchr' from project 'branchr')
    cd /Users/joedormond/Documents/branchr
    write-file /Users/joedormond/Library/Developer/Xcode/DerivedData/branchr-aheaqiyakzptavfcnnusrgtfekde/Build/Intermediates.noindex/branchr.build/Debug-iphonesimulator/branchr.build/branchr.DependencyMetadataFileList

WriteAuxiliaryFile /Users/joedormond/Library/Developer/Xcode/DerivedData/branchr-aheaqiyakzptavfcnnusrgtfekde/Build/Intermediates.noindex/branchr.build/Debug-iphonesimulator/branchr.build/branchr-project-headers.hmap (in target 'branchr' from project 'branchr')
    cd /Users/joedormond/Documents/branchr
    write-file /Users/joedormond/Library/Developer/Xcode/DerivedData/branchr-aheaqiyakzptavfcnnusrgtfekde/Build/Intermediates.noindex/branchr.build/Debug-iphonesimulator/branchr.build/branchr-project-headers.hmap

WriteAuxiliaryFile /Users/joedormond/Library/Developer/Xcode/DerivedData/branchr-aheaqiyakzptavfcnnusrgtfekde/Build/Intermediates.noindex/branchr.build/Debug-iphonesimulator/branchr.build/branchr-own-target-headers.hmap (in target 'branchr' from project 'branchr')
    cd /Users/joedormond/Documents/branchr
    write-file /Users/joedormond/Library/Developer/Xcode/DerivedData/branchr-aheaqiyakzptavfcnnusrgtfekde/Build/Intermediates.noindex/branchr.build/Debug-iphonesimulator/branchr.build/branchr-own-target-headers.hmap

WriteAuxiliaryFile /Users/joedormond/Library/Developer/Xcode/DerivedData/branchr-aheaqiyakzptavfcnnusrgtfekde/Build/Intermediates.noindex/branchr.build/Debug-iphonesimulator/branchr.build/branchr-generated-files.hmap (in target 'branchr' from project 'branchr')
    cd /Users/joedormond/Documents/branchr
    write-file /Users/joedormond/Library/Developer/Xcode/DerivedData/branchr-aheaqiyakzptavfcnnusrgtfekde/Build/Intermediates.noindex/branchr.build/Debug-iphonesimulator/branchr.build/branchr-generated-files.hmap

WriteAuxiliaryFile /Users/joedormond/Library/Developer/Xcode/DerivedData/branchr-aheaqiyakzptavfcnnusrgtfekde/Build/Intermediates.noindex/branchr.build/Debug-iphonesimulator/branchr.build/branchr-all-target-headers.hmap (in target 'branchr' from project 'branchr')
    cd /Users/joedormond/Documents/branchr
    write-file /Users/joedormond/Library/Developer/Xcode/DerivedData/branchr-aheaqiyakzptavfcnnusrgtfekde/Build/Intermediates.noindex/branchr.build/Debug-iphonesimulator/branchr.build/branchr-all-target-headers.hmap

WriteAuxiliaryFile /Users/joedormond/Library/Developer/Xcode/DerivedData/branchr-aheaqiyakzptavfcnnusrgtfekde/Build/Intermediates.noindex/branchr.build/Debug-iphonesimulator/branchr.build/branchr-all-non-framework-target-headers.hmap (in target 'branchr' from project 'branchr')
    cd /Users/joedormond/Documents/branchr
    write-file /Users/joedormond/Library/Developer/Xcode/DerivedData/branchr-aheaqiyakzptavfcnnusrgtfekde/Build/Intermediates.noindex/branchr.build/Debug-iphonesimulator/branchr.build/branchr-all-non-framework-target-headers.hmap

WriteAuxiliaryFile /Users/joedormond/Library/Developer/Xcode/DerivedData/branchr-aheaqiyakzptavfcnnusrgtfekde/Build/Intermediates.noindex/branchr.build/Debug-iphonesimulator/branchr.build/branchr-DebugDylibPath-normal-x86_64.txt (in target 'branchr' from project 'branchr')
    cd /Users/joedormond/Documents/branchr
    write-file /Users/joedormond/Library/Developer/Xcode/DerivedData/branchr-aheaqiyakzptavfcnnusrgtfekde/Build/Intermediates.noindex/branchr.build/Debug-iphonesimulator/branchr.build/branchr-DebugDylibPath-normal-x86_64.txt

WriteAuxiliaryFile /Users/joedormond/Library/Developer/Xcode/DerivedData/branchr-aheaqiyakzptavfcnnusrgtfekde/Build/Intermediates.noindex/branchr.build/Debug-iphonesimulator/branchr.build/branchr-DebugDylibInstallName-normal-x86_64.txt (in target 'branchr' from project 'branchr')
    cd /Users/joedormond/Documents/branchr
    write-file /Users/joedormond/Library/Developer/Xcode/DerivedData/branchr-aheaqiyakzptavfcnnusrgtfekde/Build/Intermediates.noindex/branchr.build/Debug-iphonesimulator/branchr.build/branchr-DebugDylibInstallName-normal-x86_64.txt

WriteAuxiliaryFile /Users/joedormond/Library/Developer/Xcode/DerivedData/branchr-aheaqiyakzptavfcnnusrgtfekde/Build/Intermediates.noindex/branchr.build/Debug-iphonesimulator/branchr.build/Objects-normal/x86_64/branchr_const_extract_protocols.json (in target 'branchr' from project 'branchr')
    cd /Users/joedormond/Documents/branchr
    write-file /Users/joedormond/Library/Developer/Xcode/DerivedData/branchr-aheaqiyakzptavfcnnusrgtfekde/Build/Intermediates.noindex/branchr.build/Debug-iphonesimulator/branchr.build/Objects-normal/x86_64/branchr_const_extract_protocols.json

WriteAuxiliaryFile /Users/joedormond/Library/Developer/Xcode/DerivedData/branchr-aheaqiyakzptavfcnnusrgtfekde/Build/Intermediates.noindex/branchr.build/Debug-iphonesimulator/branchr.build/Objects-normal/x86_64/branchr.SwiftFileList (in target 'branchr' from project 'branchr')
    cd /Users/joedormond/Documents/branchr
    write-file /Users/joedormond/Library/Developer/Xcode/DerivedData/branchr-aheaqiyakzptavfcnnusrgtfekde/Build/Intermediates.noindex/branchr.build/Debug-iphonesimulator/branchr.build/Objects-normal/x86_64/branchr.SwiftFileList

WriteAuxiliaryFile /Users/joedormond/Library/Developer/Xcode/DerivedData/branchr-aheaqiyakzptavfcnnusrgtfekde/Build/Intermediates.noindex/branchr.build/Debug-iphonesimulator/branchr.build/Objects-normal/x86_64/branchr.SwiftConstValuesFileList (in target 'branchr' from project 'branchr')
    cd /Users/joedormond/Documents/branchr
    write-file /Users/joedormond/Library/Developer/Xcode/DerivedData/branchr-aheaqiyakzptavfcnnusrgtfekde/Build/Intermediates.noindex/branchr.build/Debug-iphonesimulator/branchr.build/Objects-normal/x86_64/branchr.SwiftConstValuesFileList

WriteAuxiliaryFile /Users/joedormond/Library/Developer/Xcode/DerivedData/branchr-aheaqiyakzptavfcnnusrgtfekde/Build/Intermediates.noindex/branchr.build/Debug-iphonesimulator/branchr.build/Objects-normal/x86_64/branchr.LinkFileList (in target 'branchr' from project 'branchr')
    cd /Users/joedormond/Documents/branchr
    write-file /Users/joedormond/Library/Developer/Xcode/DerivedData/branchr-aheaqiyakzptavfcnnusrgtfekde/Build/Intermediates.noindex/branchr.build/Debug-iphonesimulator/branchr.build/Objects-normal/x86_64/branchr.LinkFileList

WriteAuxiliaryFile /Users/joedormond/Library/Developer/Xcode/DerivedData/branchr-aheaqiyakzptavfcnnusrgtfekde/Build/Intermediates.noindex/branchr.build/Debug-iphonesimulator/branchr.build/Objects-normal/x86_64/branchr-OutputFileMap.json (in target 'branchr' from project 'branchr')
    cd /Users/joedormond/Documents/branchr
    write-file /Users/joedormond/Library/Developer/Xcode/DerivedData/branchr-aheaqiyakzptavfcnnusrgtfekde/Build/Intermediates.noindex/branchr.build/Debug-iphonesimulator/branchr.build/Objects-normal/x86_64/branchr-OutputFileMap.json

WriteAuxiliaryFile /Users/joedormond/Library/Developer/Xcode/DerivedData/branchr-aheaqiyakzptavfcnnusrgtfekde/Build/Intermediates.noindex/branchr.build/Debug-iphonesimulator/branchr.build/DerivedSources/Entitlements-Simulated.plist (in target 'branchr' from project 'branchr')
    cd /Users/joedormond/Documents/branchr
    write-file /Users/joedormond/Library/Developer/Xcode/DerivedData/branchr-aheaqiyakzptavfcnnusrgtfekde/Build/Intermediates.noindex/branchr.build/Debug-iphonesimulator/branchr.build/DerivedSources/Entitlements-Simulated.plist

WriteAuxiliaryFile /Users/joedormond/Library/Developer/Xcode/DerivedData/branchr-aheaqiyakzptavfcnnusrgtfekde/Build/Intermediates.noindex/branchr.build/Debug-iphonesimulator/BranchrWidgetExtensionExtension.build/Objects-normal/x86_64/BranchrWidgetExtensionExtension.SwiftFileList (in target 'BranchrWidgetExtensionExtension' from project 'branchr')
    cd /Users/joedormond/Documents/branchr
    write-file /Users/joedormond/Library/Developer/Xcode/DerivedData/branchr-aheaqiyakzptavfcnnusrgtfekde/Build/Intermediates.noindex/branchr.build/Debug-iphonesimulator/BranchrWidgetExtensionExtension.build/Objects-normal/x86_64/BranchrWidgetExtensionExtension.SwiftFileList

WriteAuxiliaryFile /Users/joedormond/Library/Developer/Xcode/DerivedData/branchr-aheaqiyakzptavfcnnusrgtfekde/Build/Intermediates.noindex/branchr.build/Debug-iphonesimulator/BranchrWidgetExtensionExtension.build/BranchrWidgetExtensionExtension-generated-files.hmap (in target 'BranchrWidgetExtensionExtension' from project 'branchr')
    cd /Users/joedormond/Documents/branchr
    write-file /Users/joedormond/Library/Developer/Xcode/DerivedData/branchr-aheaqiyakzptavfcnnusrgtfekde/Build/Intermediates.noindex/branchr.build/Debug-iphonesimulator/BranchrWidgetExtensionExtension.build/BranchrWidgetExtensionExtension-generated-files.hmap

WriteAuxiliaryFile /Users/joedormond/Library/Developer/Xcode/DerivedData/branchr-aheaqiyakzptavfcnnusrgtfekde/Build/Intermediates.noindex/branchr.build/Debug-iphonesimulator/BranchrWidgetExtensionExtension.build/BranchrWidgetExtensionExtension.DependencyMetadataFileList (in target 'BranchrWidgetExtensionExtension' from project 'branchr')
    cd /Users/joedormond/Documents/branchr
    write-file /Users/joedormond/Library/Developer/Xcode/DerivedData/branchr-aheaqiyakzptavfcnnusrgtfekde/Build/Intermediates.noindex/branchr.build/Debug-iphonesimulator/BranchrWidgetExtensionExtension.build/BranchrWidgetExtensionExtension.DependencyMetadataFileList

WriteAuxiliaryFile /Users/joedormond/Library/Developer/Xcode/DerivedData/branchr-aheaqiyakzptavfcnnusrgtfekde/Build/Intermediates.noindex/branchr.build/Debug-iphonesimulator/BranchrWidgetExtensionExtension.build/BranchrWidgetExtensionExtension-all-target-headers.hmap (in target 'BranchrWidgetExtensionExtension' from project 'branchr')
    cd /Users/joedormond/Documents/branchr
    write-file /Users/joedormond/Library/Developer/Xcode/DerivedData/branchr-aheaqiyakzptavfcnnusrgtfekde/Build/Intermediates.noindex/branchr.build/Debug-iphonesimulator/BranchrWidgetExtensionExtension.build/BranchrWidgetExtensionExtension-all-target-headers.hmap

WriteAuxiliaryFile /Users/joedormond/Library/Developer/Xcode/DerivedData/branchr-aheaqiyakzptavfcnnusrgtfekde/Build/Intermediates.noindex/branchr.build/Debug-iphonesimulator/BranchrWidgetExtensionExtension.build/BranchrWidgetExtensionExtension-all-non-framework-target-headers.hmap (in target 'BranchrWidgetExtensionExtension' from project 'branchr')
    cd /Users/joedormond/Documents/branchr
    write-file /Users/joedormond/Library/Developer/Xcode/DerivedData/branchr-aheaqiyakzptavfcnnusrgtfekde/Build/Intermediates.noindex/branchr.build/Debug-iphonesimulator/BranchrWidgetExtensionExtension.build/BranchrWidgetExtensionExtension-all-non-framework-target-headers.hmap

WriteAuxiliaryFile /Users/joedormond/Library/Developer/Xcode/DerivedData/branchr-aheaqiyakzptavfcnnusrgtfekde/Build/Intermediates.noindex/branchr.build/Debug-iphonesimulator/BranchrWidgetExtensionExtension.build/BranchrWidgetExtensionExtension-DebugEntryPoint-normal-x86_64.txt (in target 'BranchrWidgetExtensionExtension' from project 'branchr')
    cd /Users/joedormond/Documents/branchr
    write-file /Users/joedormond/Library/Developer/Xcode/DerivedData/branchr-aheaqiyakzptavfcnnusrgtfekde/Build/Intermediates.noindex/branchr.build/Debug-iphonesimulator/BranchrWidgetExtensionExtension.build/BranchrWidgetExtensionExtension-DebugEntryPoint-normal-x86_64.txt

WriteAuxiliaryFile /Users/joedormond/Library/Developer/Xcode/DerivedData/branchr-aheaqiyakzptavfcnnusrgtfekde/Build/Intermediates.noindex/branchr.build/Debug-iphonesimulator/BranchrWidgetExtensionExtension.build/BranchrWidgetExtensionExtension-DebugDylibPath-normal-x86_64.txt (in target 'BranchrWidgetExtensionExtension' from project 'branchr')
    cd /Users/joedormond/Documents/branchr
    write-file /Users/joedormond/Library/Developer/Xcode/DerivedData/branchr-aheaqiyakzptavfcnnusrgtfekde/Build/Intermediates.noindex/branchr.build/Debug-iphonesimulator/BranchrWidgetExtensionExtension.build/BranchrWidgetExtensionExtension-DebugDylibPath-normal-x86_64.txt

WriteAuxiliaryFile /Users/joedormond/Library/Developer/Xcode/DerivedData/branchr-aheaqiyakzptavfcnnusrgtfekde/Build/Intermediates.noindex/branchr.build/Debug-iphonesimulator/BranchrWidgetExtensionExtension.build/BranchrWidgetExtensionExtension-DebugDylibInstallName-normal-x86_64.txt (in target 'BranchrWidgetExtensionExtension' from project 'branchr')
    cd /Users/joedormond/Documents/branchr
    write-file /Users/joedormond/Library/Developer/Xcode/DerivedData/branchr-aheaqiyakzptavfcnnusrgtfekde/Build/Intermediates.noindex/branchr.build/Debug-iphonesimulator/BranchrWidgetExtensionExtension.build/BranchrWidgetExtensionExtension-DebugDylibInstallName-normal-x86_64.txt

MkDir /Users/joedormond/Library/Developer/Xcode/DerivedData/branchr-aheaqiyakzptavfcnnusrgtfekde/Build/Products/Debug-iphonesimulator/branchr.app (in target 'branchr' from project 'branchr')
    cd /Users/joedormond/Documents/branchr
    /bin/mkdir -p /Users/joedormond/Library/Developer/Xcode/DerivedData/branchr-aheaqiyakzptavfcnnusrgtfekde/Build/Products/Debug-iphonesimulator/branchr.app

MkDir /Users/joedormond/Library/Developer/Xcode/DerivedData/branchr-aheaqiyakzptavfcnnusrgtfekde/Build/Products/Debug-iphonesimulator/branchr.app/PlugIns (in target 'branchr' from project 'branchr')
    cd /Users/joedormond/Documents/branchr
    /bin/mkdir -p /Users/joedormond/Library/Developer/Xcode/DerivedData/branchr-aheaqiyakzptavfcnnusrgtfekde/Build/Products/Debug-iphonesimulator/branchr.app/PlugIns

MkDir /Users/joedormond/Library/Developer/Xcode/DerivedData/branchr-aheaqiyakzptavfcnnusrgtfekde/Build/Products/Debug-iphonesimulator/BranchrWidgetExtensionExtension.appex (in target 'BranchrWidgetExtensionExtension' from project 'branchr')
    cd /Users/joedormond/Documents/branchr
    /bin/mkdir -p /Users/joedormond/Library/Developer/Xcode/DerivedData/branchr-aheaqiyakzptavfcnnusrgtfekde/Build/Products/Debug-iphonesimulator/BranchrWidgetExtensionExtension.appex

ProcessProductPackaging /Users/joedormond/Documents/branchr/BranchrWidgetExtensionExtension.entitlements /Users/joedormond/Library/Developer/Xcode/DerivedData/branchr-aheaqiyakzptavfcnnusrgtfekde/Build/Intermediates.noindex/branchr.build/Debug-iphonesimulator/BranchrWidgetExtensionExtension.build/BranchrWidgetExtensionExtension.appex.xcent (in target 'BranchrWidgetExtensionExtension' from project 'branchr')
    cd /Users/joedormond/Documents/branchr
    
    Entitlements:
    
    {
}
    
    builtin-productPackagingUtility /Users/joedormond/Documents/branchr/BranchrWidgetExtensionExtension.entitlements -entitlements -format xml -o /Users/joedormond/Library/Developer/Xcode/DerivedData/branchr-aheaqiyakzptavfcnnusrgtfekde/Build/Intermediates.noindex/branchr.build/Debug-iphonesimulator/BranchrWidgetExtensionExtension.build/BranchrWidgetExtensionExtension.appex.xcent

ProcessProductPackaging /Users/joedormond/Documents/branchr/BranchrWidgetExtensionExtension.entitlements /Users/joedormond/Library/Developer/Xcode/DerivedData/branchr-aheaqiyakzptavfcnnusrgtfekde/Build/Intermediates.noindex/branchr.build/Debug-iphonesimulator/BranchrWidgetExtensionExtension.build/BranchrWidgetExtensionExtension.appex-Simulated.xcent (in target 'BranchrWidgetExtensionExtension' from project 'branchr')
    cd /Users/joedormond/Documents/branchr
    
    Entitlements:
    
    {
    "application-identifier" = "69Y49KN8KD.com.joedormond.branchr2025.BranchrWidgetExtension";
    "com.apple.developer.media-device-discovery-extension" = 1;
    "com.apple.security.application-groups" =     (
        "group.com.joedormond.branchr2025"
    );
}
    
    builtin-productPackagingUtility /Users/joedormond/Documents/branchr/BranchrWidgetExtensionExtension.entitlements -entitlements -format xml -o /Users/joedormond/Library/Developer/Xcode/DerivedData/branchr-aheaqiyakzptavfcnnusrgtfekde/Build/Intermediates.noindex/branchr.build/Debug-iphonesimulator/BranchrWidgetExtensionExtension.build/BranchrWidgetExtensionExtension.appex-Simulated.xcent

ProcessProductPackagingDER /Users/joedormond/Library/Developer/Xcode/DerivedData/branchr-aheaqiyakzptavfcnnusrgtfekde/Build/Intermediates.noindex/branchr.build/Debug-iphonesimulator/BranchrWidgetExtensionExtension.build/BranchrWidgetExtensionExtension.appex.xcent /Users/joedormond/Library/Developer/Xcode/DerivedData/branchr-aheaqiyakzptavfcnnusrgtfekde/Build/Intermediates.noindex/branchr.build/Debug-iphonesimulator/BranchrWidgetExtensionExtension.build/BranchrWidgetExtensionExtension.appex.xcent.der (in target 'BranchrWidgetExtensionExtension' from project 'branchr')
    cd /Users/joedormond/Documents/branchr
    /usr/bin/derq query -f xml -i /Users/joedormond/Library/Developer/Xcode/DerivedData/branchr-aheaqiyakzptavfcnnusrgtfekde/Build/Intermediates.noindex/branchr.build/Debug-iphonesimulator/BranchrWidgetExtensionExtension.build/BranchrWidgetExtensionExtension.appex.xcent -o /Users/joedormond/Library/Developer/Xcode/DerivedData/branchr-aheaqiyakzptavfcnnusrgtfekde/Build/Intermediates.noindex/branchr.build/Debug-iphonesimulator/BranchrWidgetExtensionExtension.build/BranchrWidgetExtensionExtension.appex.xcent.der --raw

ProcessProductPackagingDER /Users/joedormond/Library/Developer/Xcode/DerivedData/branchr-aheaqiyakzptavfcnnusrgtfekde/Build/Intermediates.noindex/branchr.build/Debug-iphonesimulator/BranchrWidgetExtensionExtension.build/BranchrWidgetExtensionExtension.appex-Simulated.xcent /Users/joedormond/Library/Developer/Xcode/DerivedData/branchr-aheaqiyakzptavfcnnusrgtfekde/Build/Intermediates.noindex/branchr.build/Debug-iphonesimulator/BranchrWidgetExtensionExtension.build/BranchrWidgetExtensionExtension.appex-Simulated.xcent.der (in target 'BranchrWidgetExtensionExtension' from project 'branchr')
    cd /Users/joedormond/Documents/branchr
    /usr/bin/derq query -f xml -i /Users/joedormond/Library/Developer/Xcode/DerivedData/branchr-aheaqiyakzptavfcnnusrgtfekde/Build/Intermediates.noindex/branchr.build/Debug-iphonesimulator/BranchrWidgetExtensionExtension.build/BranchrWidgetExtensionExtension.appex-Simulated.xcent -o /Users/joedormond/Library/Developer/Xcode/DerivedData/branchr-aheaqiyakzptavfcnnusrgtfekde/Build/Intermediates.noindex/branchr.build/Debug-iphonesimulator/BranchrWidgetExtensionExtension.build/BranchrWidgetExtensionExtension.appex-Simulated.xcent.der --raw

Ld /Users/joedormond/Library/Developer/Xcode/DerivedData/branchr-aheaqiyakzptavfcnnusrgtfekde/Build/Products/Debug-iphonesimulator/BranchrWidgetExtensionExtension.appex/__preview.dylib normal (in target 'BranchrWidgetExtensionExtension' from project 'branchr')
    cd /Users/joedormond/Documents/branchr
    /Applications/Xcode.app/Contents/Developer/Toolchains/XcodeDefault.xctoolchain/usr/bin/clang -Xlinker -reproducible -target x86_64-apple-ios18.2-simulator -dynamiclib -isysroot /Applications/Xcode.app/Contents/Developer/Platforms/iPhoneSimulator.platform/Developer/SDKs/iPhoneSimulator18.2.sdk -O0 -L/Users/joedormond/Library/Developer/Xcode/DerivedData/branchr-aheaqiyakzptavfcnnusrgtfekde/Build/Products/Debug-iphonesimulator -F/Users/joedormond/Library/Developer/Xcode/DerivedData/branchr-aheaqiyakzptavfcnnusrgtfekde/Build/Products/Debug-iphonesimulator -install_name @rpath/BranchrWidgetExtensionExtension.debug.dylib -dead_strip -Xlinker -export_dynamic -Xlinker -no_deduplicate -Xlinker -objc_abi_version -Xlinker 2 -Xlinker -sectcreate -Xlinker __TEXT -Xlinker __entitlements -Xlinker /Users/joedormond/Library/Developer/Xcode/DerivedData/branchr-aheaqiyakzptavfcnnusrgtfekde/Build/Intermediates.noindex/branchr.build/Debug-iphonesimulator/BranchrWidgetExtensionExtension.build/BranchrWidgetExtensionExtension.appex-Simulated.xcent -Xlinker -sectcreate -Xlinker __TEXT -Xlinker __ents_der -Xlinker /Users/joedormond/Library/Developer/Xcode/DerivedData/branchr-aheaqiyakzptavfcnnusrgtfekde/Build/Intermediates.noindex/branchr.build/Debug-iphonesimulator/BranchrWidgetExtensionExtension.build/BranchrWidgetExtensionExtension.appex-Simulated.xcent.der -o /Users/joedormond/Library/Developer/Xcode/DerivedData/branchr-aheaqiyakzptavfcnnusrgtfekde/Build/Products/Debug-iphonesimulator/BranchrWidgetExtensionExtension.appex/__preview.dylib

MkDir /Users/joedormond/Library/Developer/Xcode/DerivedData/branchr-aheaqiyakzptavfcnnusrgtfekde/Build/Intermediates.noindex/branchr.build/Debug-iphonesimulator/BranchrWidgetExtensionExtension.build/assetcatalog_output/unthinned (in target 'BranchrWidgetExtensionExtension' from project 'branchr')
    cd /Users/joedormond/Documents/branchr
    /bin/mkdir -p /Users/joedormond/Library/Developer/Xcode/DerivedData/branchr-aheaqiyakzptavfcnnusrgtfekde/Build/Intermediates.noindex/branchr.build/Debug-iphonesimulator/BranchrWidgetExtensionExtension.build/assetcatalog_output/unthinned

MkDir /Users/joedormond/Library/Developer/Xcode/DerivedData/branchr-aheaqiyakzptavfcnnusrgtfekde/Build/Intermediates.noindex/branchr.build/Debug-iphonesimulator/BranchrWidgetExtensionExtension.build/assetcatalog_output/thinned (in target 'BranchrWidgetExtensionExtension' from project 'branchr')
    cd /Users/joedormond/Documents/branchr
    /bin/mkdir -p /Users/joedormond/Library/Developer/Xcode/DerivedData/branchr-aheaqiyakzptavfcnnusrgtfekde/Build/Intermediates.noindex/branchr.build/Debug-iphonesimulator/BranchrWidgetExtensionExtension.build/assetcatalog_output/thinned

GenerateAssetSymbols /Users/joedormond/Documents/branchr/BranchrWidgetExtension/Assets.xcassets (in target 'BranchrWidgetExtensionExtension' from project 'branchr')
    cd /Users/joedormond/Documents/branchr
    /Applications/Xcode.app/Contents/Developer/usr/bin/actool --output-format human-readable-text --notices --warnings --export-dependency-info /Users/joedormond/Library/Developer/Xcode/DerivedData/branchr-aheaqiyakzptavfcnnusrgtfekde/Build/Intermediates.noindex/branchr.build/Debug-iphonesimulator/BranchrWidgetExtensionExtension.build/assetcatalog_dependencies --output-partial-info-plist /Users/joedormond/Library/Developer/Xcode/DerivedData/branchr-aheaqiyakzptavfcnnusrgtfekde/Build/Intermediates.noindex/branchr.build/Debug-iphonesimulator/BranchrWidgetExtensionExtension.build/assetcatalog_generated_info.plist --accent-color AccentColor --widget-background-color WidgetBackground --compress-pngs --enable-on-demand-resources NO --standalone-icon-behavior all --development-region en --target-device iphone --target-device ipad --minimum-deployment-target 18.2 --platform iphonesimulator --compile /Users/joedormond/Library/Developer/Xcode/DerivedData/branchr-aheaqiyakzptavfcnnusrgtfekde/Build/Products/Debug-iphonesimulator/BranchrWidgetExtensionExtension.appex /Users/joedormond/Documents/branchr/BranchrWidgetExtension/Assets.xcassets --bundle-identifier com.joedormond.branchr2025.BranchrWidgetExtension --generate-swift-asset-symbols /Users/joedormond/Library/Developer/Xcode/DerivedData/branchr-aheaqiyakzptavfcnnusrgtfekde/Build/Intermediates.noindex/branchr.build/Debug-iphonesimulator/BranchrWidgetExtensionExtension.build/DerivedSources/GeneratedAssetSymbols.swift --generate-objc-asset-symbols /Users/joedormond/Library/Developer/Xcode/DerivedData/branchr-aheaqiyakzptavfcnnusrgtfekde/Build/Intermediates.noindex/branchr.build/Debug-iphonesimulator/BranchrWidgetExtensionExtension.build/DerivedSources/GeneratedAssetSymbols.h --generate-asset-symbol-index /Users/joedormond/Library/Developer/Xcode/DerivedData/branchr-aheaqiyakzptavfcnnusrgtfekde/Build/Intermediates.noindex/branchr.build/Debug-iphonesimulator/BranchrWidgetExtensionExtension.build/DerivedSources/GeneratedAssetSymbols-Index.plist
/* com.apple.actool.compilation-results */
/Users/joedormond/Library/Developer/Xcode/DerivedData/branchr-aheaqiyakzptavfcnnusrgtfekde/Build/Intermediates.noindex/branchr.build/Debug-iphonesimulator/BranchrWidgetExtensionExtension.build/DerivedSources/GeneratedAssetSymbols-Index.plist
/Users/joedormond/Library/Developer/Xcode/DerivedData/branchr-aheaqiyakzptavfcnnusrgtfekde/Build/Intermediates.noindex/branchr.build/Debug-iphonesimulator/BranchrWidgetExtensionExtension.build/DerivedSources/GeneratedAssetSymbols.h
/Users/joedormond/Library/Developer/Xcode/DerivedData/branchr-aheaqiyakzptavfcnnusrgtfekde/Build/Intermediates.noindex/branchr.build/Debug-iphonesimulator/BranchrWidgetExtensionExtension.build/DerivedSources/GeneratedAssetSymbols.swift


CompileAssetCatalogVariant thinned /Users/joedormond/Library/Developer/Xcode/DerivedData/branchr-aheaqiyakzptavfcnnusrgtfekde/Build/Products/Debug-iphonesimulator/BranchrWidgetExtensionExtension.appex /Users/joedormond/Documents/branchr/BranchrWidgetExtension/Assets.xcassets (in target 'BranchrWidgetExtensionExtension' from project 'branchr')
    cd /Users/joedormond/Documents/branchr
    /Applications/Xcode.app/Contents/Developer/usr/bin/actool --output-format human-readable-text --notices --warnings --export-dependency-info /Users/joedormond/Library/Developer/Xcode/DerivedData/branchr-aheaqiyakzptavfcnnusrgtfekde/Build/Intermediates.noindex/branchr.build/Debug-iphonesimulator/BranchrWidgetExtensionExtension.build/assetcatalog_dependencies_thinned --output-partial-info-plist /Users/joedormond/Library/Developer/Xcode/DerivedData/branchr-aheaqiyakzptavfcnnusrgtfekde/Build/Intermediates.noindex/branchr.build/Debug-iphonesimulator/BranchrWidgetExtensionExtension.build/assetcatalog_generated_info.plist --accent-color AccentColor --widget-background-color WidgetBackground --compress-pngs --enable-on-demand-resources NO --standalone-icon-behavior all --filter-for-thinning-device-configuration iPhone17,1 --filter-for-device-os-version 18.3.1 --development-region en --target-device iphone --target-device ipad --minimum-deployment-target 18.2 --platform iphonesimulator --compile /Users/joedormond/Library/Developer/Xcode/DerivedData/branchr-aheaqiyakzptavfcnnusrgtfekde/Build/Intermediates.noindex/branchr.build/Debug-iphonesimulator/BranchrWidgetExtensionExtension.build/assetcatalog_output/thinned /Users/joedormond/Documents/branchr/BranchrWidgetExtension/Assets.xcassets
/* com.apple.actool.compilation-results */
/Users/joedormond/Library/Developer/Xcode/DerivedData/branchr-aheaqiyakzptavfcnnusrgtfekde/Build/Intermediates.noindex/branchr.build/Debug-iphonesimulator/BranchrWidgetExtensionExtension.build/assetcatalog_generated_info.plist


SwiftDriver BranchrWidgetExtensionExtension normal x86_64 com.apple.xcode.tools.swift.compiler (in target 'BranchrWidgetExtensionExtension' from project 'branchr')
    cd /Users/joedormond/Documents/branchr
    builtin-SwiftDriver -- /Applications/Xcode.app/Contents/Developer/Toolchains/XcodeDefault.xctoolchain/usr/bin/swiftc -module-name BranchrWidgetExtensionExtension -Onone -enforce-exclusivity\=checked @/Users/joedormond/Library/Developer/Xcode/DerivedData/branchr-aheaqiyakzptavfcnnusrgtfekde/Build/Intermediates.noindex/branchr.build/Debug-iphonesimulator/BranchrWidgetExtensionExtension.build/Objects-normal/x86_64/BranchrWidgetExtensionExtension.SwiftFileList -DDEBUG -enable-bare-slash-regex -enable-experimental-feature DebugDescriptionMacro -sdk /Applications/Xcode.app/Contents/Developer/Platforms/iPhoneSimulator.platform/Developer/SDKs/iPhoneSimulator18.2.sdk -target x86_64-apple-ios18.2-simulator -g -module-cache-path /Users/joedormond/Library/Developer/Xcode/DerivedData/ModuleCache.noindex -Xfrontend -serialize-debugging-options -application-extension -enable-testing -index-store-path /Users/joedormond/Library/Developer/Xcode/DerivedData/branchr-aheaqiyakzptavfcnnusrgtfekde/Index.noindex/DataStore -enable-experimental-feature OpaqueTypeErasure -Xcc -D_LIBCPP_HARDENING_MODE\=_LIBCPP_HARDENING_MODE_DEBUG -swift-version 5 -I /Users/joedormond/Library/Developer/Xcode/DerivedData/branchr-aheaqiyakzptavfcnnusrgtfekde/Build/Products/Debug-iphonesimulator -F /Users/joedormond/Library/Developer/Xcode/DerivedData/branchr-aheaqiyakzptavfcnnusrgtfekde/Build/Products/Debug-iphonesimulator -emit-localized-strings -emit-localized-strings-path /Users/joedormond/Library/Developer/Xcode/DerivedData/branchr-aheaqiyakzptavfcnnusrgtfekde/Build/Intermediates.noindex/branchr.build/Debug-iphonesimulator/BranchrWidgetExtensionExtension.build/Objects-normal/x86_64 -c -j4 -enable-batch-mode -incremental -Xcc -ivfsstatcache -Xcc /Users/joedormond/Library/Developer/Xcode/DerivedData/SDKStatCaches.noindex/iphonesimulator18.2-22C146-07b28473f605e47e75261259d3ef3b5a.sdkstatcache -output-file-map /Users/joedormond/Library/Developer/Xcode/DerivedData/branchr-aheaqiyakzptavfcnnusrgtfekde/Build/Intermediates.noindex/branchr.build/Debug-iphonesimulator/BranchrWidgetExtensionExtension.build/Objects-normal/x86_64/BranchrWidgetExtensionExtension-OutputFileMap.json -use-frontend-parseable-output -save-temps -no-color-diagnostics -serialize-diagnostics -emit-dependencies -emit-module -emit-module-path /Users/joedormond/Library/Developer/Xcode/DerivedData/branchr-aheaqiyakzptavfcnnusrgtfekde/Build/Intermediates.noindex/branchr.build/Debug-iphonesimulator/BranchrWidgetExtensionExtension.build/Objects-normal/x86_64/BranchrWidgetExtensionExtension.swiftmodule -validate-clang-modules-once -clang-build-session-file /Users/joedormond/Library/Developer/Xcode/DerivedData/ModuleCache.noindex/Session.modulevalidation -Xcc -I/Users/joedormond/Library/Developer/Xcode/DerivedData/branchr-aheaqiyakzptavfcnnusrgtfekde/Build/Intermediates.noindex/branchr.build/Debug-iphonesimulator/BranchrWidgetExtensionExtension.build/swift-overrides.hmap -emit-const-values -Xfrontend -const-gather-protocols-file -Xfrontend /Users/joedormond/Library/Developer/Xcode/DerivedData/branchr-aheaqiyakzptavfcnnusrgtfekde/Build/Intermediates.noindex/branchr.build/Debug-iphonesimulator/BranchrWidgetExtensionExtension.build/Objects-normal/x86_64/BranchrWidgetExtensionExtension_const_extract_protocols.json -Xcc -iquote -Xcc /Users/joedormond/Library/Developer/Xcode/DerivedData/branchr-aheaqiyakzptavfcnnusrgtfekde/Build/Intermediates.noindex/branchr.build/Debug-iphonesimulator/BranchrWidgetExtensionExtension.build/BranchrWidgetExtensionExtension-generated-files.hmap -Xcc -I/Users/joedormond/Library/Developer/Xcode/DerivedData/branchr-aheaqiyakzptavfcnnusrgtfekde/Build/Intermediates.noindex/branchr.build/Debug-iphonesimulator/BranchrWidgetExtensionExtension.build/BranchrWidgetExtensionExtension-own-target-headers.hmap -Xcc -I/Users/joedormond/Library/Developer/Xcode/DerivedData/branchr-aheaqiyakzptavfcnnusrgtfekde/Build/Intermediates.noindex/branchr.build/Debug-iphonesimulator/BranchrWidgetExtensionExtension.build/BranchrWidgetExtensionExtension-all-target-headers.hmap -Xcc -iquote -Xcc /Users/joedormond/Library/Developer/Xcode/DerivedData/branchr-aheaqiyakzptavfcnnusrgtfekde/Build/Intermediates.noindex/branchr.build/Debug-iphonesimulator/BranchrWidgetExtensionExtension.build/BranchrWidgetExtensionExtension-project-headers.hmap -Xcc -I/Users/joedormond/Library/Developer/Xcode/DerivedData/branchr-aheaqiyakzptavfcnnusrgtfekde/Build/Products/Debug-iphonesimulator/include -Xcc -I/Users/joedormond/Library/Developer/Xcode/DerivedData/branchr-aheaqiyakzptavfcnnusrgtfekde/Build/Intermediates.noindex/branchr.build/Debug-iphonesimulator/BranchrWidgetExtensionExtension.build/DerivedSources-normal/x86_64 -Xcc -I/Users/joedormond/Library/Developer/Xcode/DerivedData/branchr-aheaqiyakzptavfcnnusrgtfekde/Build/Intermediates.noindex/branchr.build/Debug-iphonesimulator/BranchrWidgetExtensionExtension.build/DerivedSources/x86_64 -Xcc -I/Users/joedormond/Library/Developer/Xcode/DerivedData/branchr-aheaqiyakzptavfcnnusrgtfekde/Build/Intermediates.noindex/branchr.build/Debug-iphonesimulator/BranchrWidgetExtensionExtension.build/DerivedSources -Xcc -DDEBUG\=1 -emit-objc-header -emit-objc-header-path /Users/joedormond/Library/Developer/Xcode/DerivedData/branchr-aheaqiyakzptavfcnnusrgtfekde/Build/Intermediates.noindex/branchr.build/Debug-iphonesimulator/BranchrWidgetExtensionExtension.build/Objects-normal/x86_64/BranchrWidgetExtensionExtension-Swift.h -working-directory /Users/joedormond/Documents/branchr -experimental-emit-module-separately -disable-cmo

LinkAssetCatalog /Users/joedormond/Documents/branchr/BranchrWidgetExtension/Assets.xcassets (in target 'BranchrWidgetExtensionExtension' from project 'branchr')
    cd /Users/joedormond/Documents/branchr
    builtin-linkAssetCatalog --thinned /Users/joedormond/Library/Developer/Xcode/DerivedData/branchr-aheaqiyakzptavfcnnusrgtfekde/Build/Intermediates.noindex/branchr.build/Debug-iphonesimulator/BranchrWidgetExtensionExtension.build/assetcatalog_output/thinned --thinned-dependencies /Users/joedormond/Library/Developer/Xcode/DerivedData/branchr-aheaqiyakzptavfcnnusrgtfekde/Build/Intermediates.noindex/branchr.build/Debug-iphonesimulator/BranchrWidgetExtensionExtension.build/assetcatalog_dependencies_thinned --unthinned /Users/joedormond/Library/Developer/Xcode/DerivedData/branchr-aheaqiyakzptavfcnnusrgtfekde/Build/Intermediates.noindex/branchr.build/Debug-iphonesimulator/BranchrWidgetExtensionExtension.build/assetcatalog_output/unthinned --unthinned-dependencies /Users/joedormond/Library/Developer/Xcode/DerivedData/branchr-aheaqiyakzptavfcnnusrgtfekde/Build/Intermediates.noindex/branchr.build/Debug-iphonesimulator/BranchrWidgetExtensionExtension.build/assetcatalog_dependencies_unthinned --output /Users/joedormond/Library/Developer/Xcode/DerivedData/branchr-aheaqiyakzptavfcnnusrgtfekde/Build/Products/Debug-iphonesimulator/BranchrWidgetExtensionExtension.appex

ProcessInfoPlistFile /Users/joedormond/Library/Developer/Xcode/DerivedData/branchr-aheaqiyakzptavfcnnusrgtfekde/Build/Products/Debug-iphonesimulator/BranchrWidgetExtensionExtension.appex/Info.plist /Users/joedormond/Documents/branchr/BranchrWidgetExtension/Info.plist (in target 'BranchrWidgetExtensionExtension' from project 'branchr')
    cd /Users/joedormond/Documents/branchr
    builtin-infoPlistUtility /Users/joedormond/Documents/branchr/BranchrWidgetExtension/Info.plist -producttype com.apple.product-type.app-extension -expandbuildsettings -format binary -platform iphonesimulator -additionalcontentfile /Users/joedormond/Library/Developer/Xcode/DerivedData/branchr-aheaqiyakzptavfcnnusrgtfekde/Build/Intermediates.noindex/branchr.build/Debug-iphonesimulator/BranchrWidgetExtensionExtension.build/assetcatalog_generated_info.plist -o /Users/joedormond/Library/Developer/Xcode/DerivedData/branchr-aheaqiyakzptavfcnnusrgtfekde/Build/Products/Debug-iphonesimulator/BranchrWidgetExtensionExtension.appex/Info.plist

SwiftCompile normal x86_64 Compiling\ SharedModels.swift /Users/joedormond/Documents/branchr/BranchrWidgetExtension/SharedModels.swift (in target 'BranchrWidgetExtensionExtension' from project 'branchr')
    cd /Users/joedormond/Documents/branchr
    builtin-swiftTaskExecution -- /Applications/Xcode.app/Contents/Developer/Toolchains/XcodeDefault.xctoolchain/usr/bin/swift-frontend -frontend -c /Users/joedormond/Documents/branchr/BranchrWidgetExtension/BranchrWidget.swift /Users/joedormond/Documents/branchr/BranchrWidgetExtension/BranchrWidgetBundle.swift -primary-file /Users/joedormond/Documents/branchr/BranchrWidgetExtension/SharedModels.swift /Users/joedormond/Library/Developer/Xcode/DerivedData/branchr-aheaqiyakzptavfcnnusrgtfekde/Build/Intermediates.noindex/branchr.build/Debug-iphonesimulator/BranchrWidgetExtensionExtension.build/DerivedSources/GeneratedAssetSymbols.swift -emit-dependencies-path /Users/joedormond/Library/Developer/Xcode/DerivedData/branchr-aheaqiyakzptavfcnnusrgtfekde/Build/Intermediates.noindex/branchr.build/Debug-iphonesimulator/BranchrWidgetExtensionExtension.build/Objects-normal/x86_64/SharedModels.d -emit-const-values-path /Users/joedormond/Library/Developer/Xcode/DerivedData/branchr-aheaqiyakzptavfcnnusrgtfekde/Build/Intermediates.noindex/branchr.build/Debug-iphonesimulator/BranchrWidgetExtensionExtension.build/Objects-normal/x86_64/SharedModels.swiftconstvalues -emit-reference-dependencies-path /Users/joedormond/Library/Developer/Xcode/DerivedData/branchr-aheaqiyakzptavfcnnusrgtfekde/Build/Intermediates.noindex/branchr.build/Debug-iphonesimulator/BranchrWidgetExtensionExtension.build/Objects-normal/x86_64/SharedModels.swiftdeps -serialize-diagnostics-path /Users/joedormond/Library/Developer/Xcode/DerivedData/branchr-aheaqiyakzptavfcnnusrgtfekde/Build/Intermediates.noindex/branchr.build/Debug-iphonesimulator/BranchrWidgetExtensionExtension.build/Objects-normal/x86_64/SharedModels.dia -emit-localized-strings -emit-localized-strings-path /Users/joedormond/Library/Developer/Xcode/DerivedData/branchr-aheaqiyakzptavfcnnusrgtfekde/Build/Intermediates.noindex/branchr.build/Debug-iphonesimulator/BranchrWidgetExtensionExtension.build/Objects-normal/x86_64 -target x86_64-apple-ios18.2-simulator -enable-objc-interop -sdk /Applications/Xcode.app/Contents/Developer/Platforms/iPhoneSimulator.platform/Developer/SDKs/iPhoneSimulator18.2.sdk -I /Users/joedormond/Library/Developer/Xcode/DerivedData/branchr-aheaqiyakzptavfcnnusrgtfekde/Build/Products/Debug-iphonesimulator -F /Users/joedormond/Library/Developer/Xcode/DerivedData/branchr-aheaqiyakzptavfcnnusrgtfekde/Build/Products/Debug-iphonesimulator -no-color-diagnostics -application-extension -enable-testing -g -debug-info-format\=dwarf -dwarf-version\=5 -module-cache-path /Users/joedormond/Library/Developer/Xcode/DerivedData/ModuleCache.noindex -swift-version 5 -enforce-exclusivity\=checked -Onone -D DEBUG -serialize-debugging-options -const-gather-protocols-file /Users/joedormond/Library/Developer/Xcode/DerivedData/branchr-aheaqiyakzptavfcnnusrgtfekde/Build/Intermediates.noindex/branchr.build/Debug-iphonesimulator/BranchrWidgetExtensionExtension.build/Objects-normal/x86_64/BranchrWidgetExtensionExtension_const_extract_protocols.json -enable-experimental-feature DebugDescriptionMacro -enable-experimental-feature OpaqueTypeErasure -enable-bare-slash-regex -empty-abi-descriptor -validate-clang-modules-once -clang-build-session-file /Users/joedormond/Library/Developer/Xcode/DerivedData/ModuleCache.noindex/Session.modulevalidation -Xcc -working-directory -Xcc /Users/joedormond/Documents/branchr -resource-dir /Applications/Xcode.app/Contents/Developer/Toolchains/XcodeDefault.xctoolchain/usr/lib/swift -enable-anonymous-context-mangled-names -file-compilation-dir /Users/joedormond/Documents/branchr -Xcc -D_LIBCPP_HARDENING_MODE\=_LIBCPP_HARDENING_MODE_DEBUG -Xcc -ivfsstatcache -Xcc /Users/joedormond/Library/Developer/Xcode/DerivedData/SDKStatCaches.noindex/iphonesimulator18.2-22C146-07b28473f605e47e75261259d3ef3b5a.sdkstatcache -Xcc -I/Users/joedormond/Library/Developer/Xcode/DerivedData/branchr-aheaqiyakzptavfcnnusrgtfekde/Build/Intermediates.noindex/branchr.build/Debug-iphonesimulator/BranchrWidgetExtensionExtension.build/swift-overrides.hmap -Xcc -iquote -Xcc /Users/joedormond/Library/Developer/Xcode/DerivedData/branchr-aheaqiyakzptavfcnnusrgtfekde/Build/Intermediates.noindex/branchr.build/Debug-iphonesimulator/BranchrWidgetExtensionExtension.build/BranchrWidgetExtensionExtension-generated-files.hmap -Xcc -I/Users/joedormond/Library/Developer/Xcode/DerivedData/branchr-aheaqiyakzptavfcnnusrgtfekde/Build/Intermediates.noindex/branchr.build/Debug-iphonesimulator/BranchrWidgetExtensionExtension.build/BranchrWidgetExtensionExtension-own-target-headers.hmap -Xcc -I/Users/joedormond/Library/Developer/Xcode/DerivedData/branchr-aheaqiyakzptavfcnnusrgtfekde/Build/Intermediates.noindex/branchr.build/Debug-iphonesimulator/BranchrWidgetExtensionExtension.build/BranchrWidgetExtensionExtension-all-target-headers.hmap -Xcc -iquote -Xcc /Users/joedormond/Library/Developer/Xcode/DerivedData/branchr-aheaqiyakzptavfcnnusrgtfekde/Build/Intermediates.noindex/branchr.build/Debug-iphonesimulator/BranchrWidgetExtensionExtension.build/BranchrWidgetExtensionExtension-project-headers.hmap -Xcc -I/Users/joedormond/Library/Developer/Xcode/DerivedData/branchr-aheaqiyakzptavfcnnusrgtfekde/Build/Products/Debug-iphonesimulator/include -Xcc -I/Users/joedormond/Library/Developer/Xcode/DerivedData/branchr-aheaqiyakzptavfcnnusrgtfekde/Build/Intermediates.noindex/branchr.build/Debug-iphonesimulator/BranchrWidgetExtensionExtension.build/DerivedSources-normal/x86_64 -Xcc -I/Users/joedormond/Library/Developer/Xcode/DerivedData/branchr-aheaqiyakzptavfcnnusrgtfekde/Build/Intermediates.noindex/branchr.build/Debug-iphonesimulator/BranchrWidgetExtensionExtension.build/DerivedSources/x86_64 -Xcc -I/Users/joedormond/Library/Developer/Xcode/DerivedData/branchr-aheaqiyakzptavfcnnusrgtfekde/Build/Intermediates.noindex/branchr.build/Debug-iphonesimulator/BranchrWidgetExtensionExtension.build/DerivedSources -Xcc -DDEBUG\=1 -module-name BranchrWidgetExtensionExtension -frontend-parseable-output -disable-clang-spi -target-sdk-version 18.2 -target-sdk-name iphonesimulator18.2 -external-plugin-path /Applications/Xcode.app/Contents/Developer/Platforms/iPhoneOS.platform/Developer/usr/lib/swift/host/plugins\#/Applications/Xcode.app/Contents/Developer/Platforms/iPhoneOS.platform/Developer/usr/bin/swift-plugin-server -external-plugin-path /Applications/Xcode.app/Contents/Developer/Platforms/iPhoneOS.platform/Developer/usr/local/lib/swift/host/plugins\#/Applications/Xcode.app/Contents/Developer/Platforms/iPhoneOS.platform/Developer/usr/bin/swift-plugin-server -plugin-path /Applications/Xcode.app/Contents/Developer/Toolchains/XcodeDefault.xctoolchain/usr/lib/swift/host/plugins -plugin-path /Applications/Xcode.app/Contents/Developer/Toolchains/XcodeDefault.xctoolchain/usr/local/lib/swift/host/plugins -o /Users/joedormond/Library/Developer/Xcode/DerivedData/branchr-aheaqiyakzptavfcnnusrgtfekde/Build/Intermediates.noindex/branchr.build/Debug-iphonesimulator/BranchrWidgetExtensionExtension.build/Objects-normal/x86_64/SharedModels.o -index-unit-output-path /branchr.build/Debug-iphonesimulator/BranchrWidgetExtensionExtension.build/Objects-normal/x86_64/SharedModels.o -index-store-path /Users/joedormond/Library/Developer/Xcode/DerivedData/branchr-aheaqiyakzptavfcnnusrgtfekde/Index.noindex/DataStore -index-system-modules

SwiftCompile normal x86_64 /Users/joedormond/Documents/branchr/BranchrWidgetExtension/SharedModels.swift (in target 'BranchrWidgetExtensionExtension' from project 'branchr')
    cd /Users/joedormond/Documents/branchr
    /Applications/Xcode.app/Contents/Developer/Toolchains/XcodeDefault.xctoolchain/usr/bin/swift-frontend -c /Users/joedormond/Documents/branchr/BranchrWidgetExtension/BranchrWidget.swift /Users/joedormond/Documents/branchr/BranchrWidgetExtension/BranchrWidgetBundle.swift -primary-file /Users/joedormond/Documents/branchr/BranchrWidgetExtension/SharedModels.swift /Users/joedormond/Library/Developer/Xcode/DerivedData/branchr-aheaqiyakzptavfcnnusrgtfekde/Build/Intermediates.noindex/branchr.build/Debug-iphonesimulator/BranchrWidgetExtensionExtension.build/DerivedSources/GeneratedAssetSymbols.swift -emit-dependencies-path /Users/joedormond/Library/Developer/Xcode/DerivedData/branchr-aheaqiyakzptavfcnnusrgtfekde/Build/Intermediates.noindex/branchr.build/Debug-iphonesimulator/BranchrWidgetExtensionExtension.build/Objects-normal/x86_64/SharedModels.d -emit-const-values-path /Users/joedormond/Library/Developer/Xcode/DerivedData/branchr-aheaqiyakzptavfcnnusrgtfekde/Build/Intermediates.noindex/branchr.build/Debug-iphonesimulator/BranchrWidgetExtensionExtension.build/Objects-normal/x86_64/SharedModels.swiftconstvalues -emit-reference-dependencies-path /Users/joedormond/Library/Developer/Xcode/DerivedData/branchr-aheaqiyakzptavfcnnusrgtfekde/Build/Intermediates.noindex/branchr.build/Debug-iphonesimulator/BranchrWidgetExtensionExtension.build/Objects-normal/x86_64/SharedModels.swiftdeps -serialize-diagnostics-path /Users/joedormond/Library/Developer/Xcode/DerivedData/branchr-aheaqiyakzptavfcnnusrgtfekde/Build/Intermediates.noindex/branchr.build/Debug-iphonesimulator/BranchrWidgetExtensionExtension.build/Objects-normal/x86_64/SharedModels.dia -emit-localized-strings -emit-localized-strings-path /Users/joedormond/Library/Developer/Xcode/DerivedData/branchr-aheaqiyakzptavfcnnusrgtfekde/Build/Intermediates.noindex/branchr.build/Debug-iphonesimulator/BranchrWidgetExtensionExtension.build/Objects-normal/x86_64 -target x86_64-apple-ios18.2-simulator -enable-objc-interop -sdk /Applications/Xcode.app/Contents/Developer/Platforms/iPhoneSimulator.platform/Developer/SDKs/iPhoneSimulator18.2.sdk -I /Users/joedormond/Library/Developer/Xcode/DerivedData/branchr-aheaqiyakzptavfcnnusrgtfekde/Build/Products/Debug-iphonesimulator -F /Users/joedormond/Library/Developer/Xcode/DerivedData/branchr-aheaqiyakzptavfcnnusrgtfekde/Build/Products/Debug-iphonesimulator -no-color-diagnostics -application-extension -enable-testing -g -debug-info-format\=dwarf -dwarf-version\=5 -module-cache-path /Users/joedormond/Library/Developer/Xcode/DerivedData/ModuleCache.noindex -swift-version 5 -enforce-exclusivity\=checked -Onone -D DEBUG -serialize-debugging-options -const-gather-protocols-file /Users/joedormond/Library/Developer/Xcode/DerivedData/branchr-aheaqiyakzptavfcnnusrgtfekde/Build/Intermediates.noindex/branchr.build/Debug-iphonesimulator/BranchrWidgetExtensionExtension.build/Objects-normal/x86_64/BranchrWidgetExtensionExtension_const_extract_protocols.json -enable-experimental-feature DebugDescriptionMacro -enable-experimental-feature OpaqueTypeErasure -enable-bare-slash-regex -empty-abi-descriptor -validate-clang-modules-once -clang-build-session-file /Users/joedormond/Library/Developer/Xcode/DerivedData/ModuleCache.noindex/Session.modulevalidation -Xcc -working-directory -Xcc /Users/joedormond/Documents/branchr -resource-dir /Applications/Xcode.app/Contents/Developer/Toolchains/XcodeDefault.xctoolchain/usr/lib/swift -enable-anonymous-context-mangled-names -file-compilation-dir /Users/joedormond/Documents/branchr -Xcc -D_LIBCPP_HARDENING_MODE\=_LIBCPP_HARDENING_MODE_DEBUG -Xcc -ivfsstatcache -Xcc /Users/joedormond/Library/Developer/Xcode/DerivedData/SDKStatCaches.noindex/iphonesimulator18.2-22C146-07b28473f605e47e75261259d3ef3b5a.sdkstatcache -Xcc -I/Users/joedormond/Library/Developer/Xcode/DerivedData/branchr-aheaqiyakzptavfcnnusrgtfekde/Build/Intermediates.noindex/branchr.build/Debug-iphonesimulator/BranchrWidgetExtensionExtension.build/swift-overrides.hmap -Xcc -iquote -Xcc /Users/joedormond/Library/Developer/Xcode/DerivedData/branchr-aheaqiyakzptavfcnnusrgtfekde/Build/Intermediates.noindex/branchr.build/Debug-iphonesimulator/BranchrWidgetExtensionExtension.build/BranchrWidgetExtensionExtension-generated-files.hmap -Xcc -I/Users/joedormond/Library/Developer/Xcode/DerivedData/branchr-aheaqiyakzptavfcnnusrgtfekde/Build/Intermediates.noindex/branchr.build/Debug-iphonesimulator/BranchrWidgetExtensionExtension.build/BranchrWidgetExtensionExtension-own-target-headers.hmap -Xcc -I/Users/joedormond/Library/Developer/Xcode/DerivedData/branchr-aheaqiyakzptavfcnnusrgtfekde/Build/Intermediates.noindex/branchr.build/Debug-iphonesimulator/BranchrWidgetExtensionExtension.build/BranchrWidgetExtensionExtension-all-target-headers.hmap -Xcc -iquote -Xcc /Users/joedormond/Library/Developer/Xcode/DerivedData/branchr-aheaqiyakzptavfcnnusrgtfekde/Build/Intermediates.noindex/branchr.build/Debug-iphonesimulator/BranchrWidgetExtensionExtension.build/BranchrWidgetExtensionExtension-project-headers.hmap -Xcc -I/Users/joedormond/Library/Developer/Xcode/DerivedData/branchr-aheaqiyakzptavfcnnusrgtfekde/Build/Products/Debug-iphonesimulator/include -Xcc -I/Users/joedormond/Library/Developer/Xcode/DerivedData/branchr-aheaqiyakzptavfcnnusrgtfekde/Build/Intermediates.noindex/branchr.build/Debug-iphonesimulator/BranchrWidgetExtensionExtension.build/DerivedSources-normal/x86_64 -Xcc -I/Users/joedormond/Library/Developer/Xcode/DerivedData/branchr-aheaqiyakzptavfcnnusrgtfekde/Build/Intermediates.noindex/branchr.build/Debug-iphonesimulator/BranchrWidgetExtensionExtension.build/DerivedSources/x86_64 -Xcc -I/Users/joedormond/Library/Developer/Xcode/DerivedData/branchr-aheaqiyakzptavfcnnusrgtfekde/Build/Intermediates.noindex/branchr.build/Debug-iphonesimulator/BranchrWidgetExtensionExtension.build/DerivedSources -Xcc -DDEBUG\=1 -module-name BranchrWidgetExtensionExtension -frontend-parseable-output -disable-clang-spi -target-sdk-version 18.2 -target-sdk-name iphonesimulator18.2 -external-plugin-path /Applications/Xcode.app/Contents/Developer/Platforms/iPhoneOS.platform/Developer/usr/lib/swift/host/plugins\#/Applications/Xcode.app/Contents/Developer/Platforms/iPhoneOS.platform/Developer/usr/bin/swift-plugin-server -external-plugin-path /Applications/Xcode.app/Contents/Developer/Platforms/iPhoneOS.platform/Developer/usr/local/lib/swift/host/plugins\#/Applications/Xcode.app/Contents/Developer/Platforms/iPhoneOS.platform/Developer/usr/bin/swift-plugin-server -plugin-path /Applications/Xcode.app/Contents/Developer/Toolchains/XcodeDefault.xctoolchain/usr/lib/swift/host/plugins -plugin-path /Applications/Xcode.app/Contents/Developer/Toolchains/XcodeDefault.xctoolchain/usr/local/lib/swift/host/plugins -o /Users/joedormond/Library/Developer/Xcode/DerivedData/branchr-aheaqiyakzptavfcnnusrgtfekde/Build/Intermediates.noindex/branchr.build/Debug-iphonesimulator/BranchrWidgetExtensionExtension.build/Objects-normal/x86_64/SharedModels.o -index-unit-output-path /branchr.build/Debug-iphonesimulator/BranchrWidgetExtensionExtension.build/Objects-normal/x86_64/SharedModels.o -index-store-path /Users/joedormond/Library/Developer/Xcode/DerivedData/branchr-aheaqiyakzptavfcnnusrgtfekde/Index.noindex/DataStore -index-system-modules

SwiftCompile normal x86_64 Compiling\ BranchrWidgetBundle.swift /Users/joedormond/Documents/branchr/BranchrWidgetExtension/BranchrWidgetBundle.swift (in target 'BranchrWidgetExtensionExtension' from project 'branchr')
    cd /Users/joedormond/Documents/branchr
    builtin-swiftTaskExecution -- /Applications/Xcode.app/Contents/Developer/Toolchains/XcodeDefault.xctoolchain/usr/bin/swift-frontend -frontend -c /Users/joedormond/Documents/branchr/BranchrWidgetExtension/BranchrWidget.swift -primary-file /Users/joedormond/Documents/branchr/BranchrWidgetExtension/BranchrWidgetBundle.swift /Users/joedormond/Documents/branchr/BranchrWidgetExtension/SharedModels.swift /Users/joedormond/Library/Developer/Xcode/DerivedData/branchr-aheaqiyakzptavfcnnusrgtfekde/Build/Intermediates.noindex/branchr.build/Debug-iphonesimulator/BranchrWidgetExtensionExtension.build/DerivedSources/GeneratedAssetSymbols.swift -emit-dependencies-path /Users/joedormond/Library/Developer/Xcode/DerivedData/branchr-aheaqiyakzptavfcnnusrgtfekde/Build/Intermediates.noindex/branchr.build/Debug-iphonesimulator/BranchrWidgetExtensionExtension.build/Objects-normal/x86_64/BranchrWidgetBundle.d -emit-const-values-path /Users/joedormond/Library/Developer/Xcode/DerivedData/branchr-aheaqiyakzptavfcnnusrgtfekde/Build/Intermediates.noindex/branchr.build/Debug-iphonesimulator/BranchrWidgetExtensionExtension.build/Objects-normal/x86_64/BranchrWidgetBundle.swiftconstvalues -emit-reference-dependencies-path /Users/joedormond/Library/Developer/Xcode/DerivedData/branchr-aheaqiyakzptavfcnnusrgtfekde/Build/Intermediates.noindex/branchr.build/Debug-iphonesimulator/BranchrWidgetExtensionExtension.build/Objects-normal/x86_64/BranchrWidgetBundle.swiftdeps -serialize-diagnostics-path /Users/joedormond/Library/Developer/Xcode/DerivedData/branchr-aheaqiyakzptavfcnnusrgtfekde/Build/Intermediates.noindex/branchr.build/Debug-iphonesimulator/BranchrWidgetExtensionExtension.build/Objects-normal/x86_64/BranchrWidgetBundle.dia -emit-localized-strings -emit-localized-strings-path /Users/joedormond/Library/Developer/Xcode/DerivedData/branchr-aheaqiyakzptavfcnnusrgtfekde/Build/Intermediates.noindex/branchr.build/Debug-iphonesimulator/BranchrWidgetExtensionExtension.build/Objects-normal/x86_64 -target x86_64-apple-ios18.2-simulator -enable-objc-interop -sdk /Applications/Xcode.app/Contents/Developer/Platforms/iPhoneSimulator.platform/Developer/SDKs/iPhoneSimulator18.2.sdk -I /Users/joedormond/Library/Developer/Xcode/DerivedData/branchr-aheaqiyakzptavfcnnusrgtfekde/Build/Products/Debug-iphonesimulator -F /Users/joedormond/Library/Developer/Xcode/DerivedData/branchr-aheaqiyakzptavfcnnusrgtfekde/Build/Products/Debug-iphonesimulator -no-color-diagnostics -application-extension -enable-testing -g -debug-info-format\=dwarf -dwarf-version\=5 -module-cache-path /Users/joedormond/Library/Developer/Xcode/DerivedData/ModuleCache.noindex -swift-version 5 -enforce-exclusivity\=checked -Onone -D DEBUG -serialize-debugging-options -const-gather-protocols-file /Users/joedormond/Library/Developer/Xcode/DerivedData/branchr-aheaqiyakzptavfcnnusrgtfekde/Build/Intermediates.noindex/branchr.build/Debug-iphonesimulator/BranchrWidgetExtensionExtension.build/Objects-normal/x86_64/BranchrWidgetExtensionExtension_const_extract_protocols.json -enable-experimental-feature DebugDescriptionMacro -enable-experimental-feature OpaqueTypeErasure -enable-bare-slash-regex -empty-abi-descriptor -validate-clang-modules-once -clang-build-session-file /Users/joedormond/Library/Developer/Xcode/DerivedData/ModuleCache.noindex/Session.modulevalidation -Xcc -working-directory -Xcc /Users/joedormond/Documents/branchr -resource-dir /Applications/Xcode.app/Contents/Developer/Toolchains/XcodeDefault.xctoolchain/usr/lib/swift -enable-anonymous-context-mangled-names -file-compilation-dir /Users/joedormond/Documents/branchr -Xcc -D_LIBCPP_HARDENING_MODE\=_LIBCPP_HARDENING_MODE_DEBUG -Xcc -ivfsstatcache -Xcc /Users/joedormond/Library/Developer/Xcode/DerivedData/SDKStatCaches.noindex/iphonesimulator18.2-22C146-07b28473f605e47e75261259d3ef3b5a.sdkstatcache -Xcc -I/Users/joedormond/Library/Developer/Xcode/DerivedData/branchr-aheaqiyakzptavfcnnusrgtfekde/Build/Intermediates.noindex/branchr.build/Debug-iphonesimulator/BranchrWidgetExtensionExtension.build/swift-overrides.hmap -Xcc -iquote -Xcc /Users/joedormond/Library/Developer/Xcode/DerivedData/branchr-aheaqiyakzptavfcnnusrgtfekde/Build/Intermediates.noindex/branchr.build/Debug-iphonesimulator/BranchrWidgetExtensionExtension.build/BranchrWidgetExtensionExtension-generated-files.hmap -Xcc -I/Users/joedormond/Library/Developer/Xcode/DerivedData/branchr-aheaqiyakzptavfcnnusrgtfekde/Build/Intermediates.noindex/branchr.build/Debug-iphonesimulator/BranchrWidgetExtensionExtension.build/BranchrWidgetExtensionExtension-own-target-headers.hmap -Xcc -I/Users/joedormond/Library/Developer/Xcode/DerivedData/branchr-aheaqiyakzptavfcnnusrgtfekde/Build/Intermediates.noindex/branchr.build/Debug-iphonesimulator/BranchrWidgetExtensionExtension.build/BranchrWidgetExtensionExtension-all-target-headers.hmap -Xcc -iquote -Xcc /Users/joedormond/Library/Developer/Xcode/DerivedData/branchr-aheaqiyakzptavfcnnusrgtfekde/Build/Intermediates.noindex/branchr.build/Debug-iphonesimulator/BranchrWidgetExtensionExtension.build/BranchrWidgetExtensionExtension-project-headers.hmap -Xcc -I/Users/joedormond/Library/Developer/Xcode/DerivedData/branchr-aheaqiyakzptavfcnnusrgtfekde/Build/Products/Debug-iphonesimulator/include -Xcc -I/Users/joedormond/Library/Developer/Xcode/DerivedData/branchr-aheaqiyakzptavfcnnusrgtfekde/Build/Intermediates.noindex/branchr.build/Debug-iphonesimulator/BranchrWidgetExtensionExtension.build/DerivedSources-normal/x86_64 -Xcc -I/Users/joedormond/Library/Developer/Xcode/DerivedData/branchr-aheaqiyakzptavfcnnusrgtfekde/Build/Intermediates.noindex/branchr.build/Debug-iphonesimulator/BranchrWidgetExtensionExtension.build/DerivedSources/x86_64 -Xcc -I/Users/joedormond/Library/Developer/Xcode/DerivedData/branchr-aheaqiyakzptavfcnnusrgtfekde/Build/Intermediates.noindex/branchr.build/Debug-iphonesimulator/BranchrWidgetExtensionExtension.build/DerivedSources -Xcc -DDEBUG\=1 -module-name BranchrWidgetExtensionExtension -frontend-parseable-output -disable-clang-spi -target-sdk-version 18.2 -target-sdk-name iphonesimulator18.2 -external-plugin-path /Applications/Xcode.app/Contents/Developer/Platforms/iPhoneOS.platform/Developer/usr/lib/swift/host/plugins\#/Applications/Xcode.app/Contents/Developer/Platforms/iPhoneOS.platform/Developer/usr/bin/swift-plugin-server -external-plugin-path /Applications/Xcode.app/Contents/Developer/Platforms/iPhoneOS.platform/Developer/usr/local/lib/swift/host/plugins\#/Applications/Xcode.app/Contents/Developer/Platforms/iPhoneOS.platform/Developer/usr/bin/swift-plugin-server -plugin-path /Applications/Xcode.app/Contents/Developer/Toolchains/XcodeDefault.xctoolchain/usr/lib/swift/host/plugins -plugin-path /Applications/Xcode.app/Contents/Developer/Toolchains/XcodeDefault.xctoolchain/usr/local/lib/swift/host/plugins -o /Users/joedormond/Library/Developer/Xcode/DerivedData/branchr-aheaqiyakzptavfcnnusrgtfekde/Build/Intermediates.noindex/branchr.build/Debug-iphonesimulator/BranchrWidgetExtensionExtension.build/Objects-normal/x86_64/BranchrWidgetBundle.o -index-unit-output-path /branchr.build/Debug-iphonesimulator/BranchrWidgetExtensionExtension.build/Objects-normal/x86_64/BranchrWidgetBundle.o -index-store-path /Users/joedormond/Library/Developer/Xcode/DerivedData/branchr-aheaqiyakzptavfcnnusrgtfekde/Index.noindex/DataStore -index-system-modules
SwiftCompile normal x86_64 /Users/joedormond/Documents/branchr/BranchrWidgetExtension/BranchrWidgetBundle.swift (in target 'BranchrWidgetExtensionExtension' from project 'branchr')
    cd /Users/joedormond/Documents/branchr
    /Applications/Xcode.app/Contents/Developer/Toolchains/XcodeDefault.xctoolchain/usr/bin/swift-frontend -c /Users/joedormond/Documents/branchr/BranchrWidgetExtension/BranchrWidget.swift -primary-file /Users/joedormond/Documents/branchr/BranchrWidgetExtension/BranchrWidgetBundle.swift /Users/joedormond/Documents/branchr/BranchrWidgetExtension/SharedModels.swift /Users/joedormond/Library/Developer/Xcode/DerivedData/branchr-aheaqiyakzptavfcnnusrgtfekde/Build/Intermediates.noindex/branchr.build/Debug-iphonesimulator/BranchrWidgetExtensionExtension.build/DerivedSources/GeneratedAssetSymbols.swift -emit-dependencies-path /Users/joedormond/Library/Developer/Xcode/DerivedData/branchr-aheaqiyakzptavfcnnusrgtfekde/Build/Intermediates.noindex/branchr.build/Debug-iphonesimulator/BranchrWidgetExtensionExtension.build/Objects-normal/x86_64/BranchrWidgetBundle.d -emit-const-values-path /Users/joedormond/Library/Developer/Xcode/DerivedData/branchr-aheaqiyakzptavfcnnusrgtfekde/Build/Intermediates.noindex/branchr.build/Debug-iphonesimulator/BranchrWidgetExtensionExtension.build/Objects-normal/x86_64/BranchrWidgetBundle.swiftconstvalues -emit-reference-dependencies-path /Users/joedormond/Library/Developer/Xcode/DerivedData/branchr-aheaqiyakzptavfcnnusrgtfekde/Build/Intermediates.noindex/branchr.build/Debug-iphonesimulator/BranchrWidgetExtensionExtension.build/Objects-normal/x86_64/BranchrWidgetBundle.swiftdeps -serialize-diagnostics-path /Users/joedormond/Library/Developer/Xcode/DerivedData/branchr-aheaqiyakzptavfcnnusrgtfekde/Build/Intermediates.noindex/branchr.build/Debug-iphonesimulator/BranchrWidgetExtensionExtension.build/Objects-normal/x86_64/BranchrWidgetBundle.dia -emit-localized-strings -emit-localized-strings-path /Users/joedormond/Library/Developer/Xcode/DerivedData/branchr-aheaqiyakzptavfcnnusrgtfekde/Build/Intermediates.noindex/branchr.build/Debug-iphonesimulator/BranchrWidgetExtensionExtension.build/Objects-normal/x86_64 -target x86_64-apple-ios18.2-simulator -enable-objc-interop -sdk /Applications/Xcode.app/Contents/Developer/Platforms/iPhoneSimulator.platform/Developer/SDKs/iPhoneSimulator18.2.sdk -I /Users/joedormond/Library/Developer/Xcode/DerivedData/branchr-aheaqiyakzptavfcnnusrgtfekde/Build/Products/Debug-iphonesimulator -F /Users/joedormond/Library/Developer/Xcode/DerivedData/branchr-aheaqiyakzptavfcnnusrgtfekde/Build/Products/Debug-iphonesimulator -no-color-diagnostics -application-extension -enable-testing -g -debug-info-format\=dwarf -dwarf-version\=5 -module-cache-path /Users/joedormond/Library/Developer/Xcode/DerivedData/ModuleCache.noindex -swift-version 5 -enforce-exclusivity\=checked -Onone -D DEBUG -serialize-debugging-options -const-gather-protocols-file /Users/joedormond/Library/Developer/Xcode/DerivedData/branchr-aheaqiyakzptavfcnnusrgtfekde/Build/Intermediates.noindex/branchr.build/Debug-iphonesimulator/BranchrWidgetExtensionExtension.build/Objects-normal/x86_64/BranchrWidgetExtensionExtension_const_extract_protocols.json -enable-experimental-feature DebugDescriptionMacro -enable-experimental-feature OpaqueTypeErasure -enable-bare-slash-regex -empty-abi-descriptor -validate-clang-modules-once -clang-build-session-file /Users/joedormond/Library/Developer/Xcode/DerivedData/ModuleCache.noindex/Session.modulevalidation -Xcc -working-directory -Xcc /Users/joedormond/Documents/branchr -resource-dir /Applications/Xcode.app/Contents/Developer/Toolchains/XcodeDefault.xctoolchain/usr/lib/swift -enable-anonymous-context-mangled-names -file-compilation-dir /Users/joedormond/Documents/branchr -Xcc -D_LIBCPP_HARDENING_MODE\=_LIBCPP_HARDENING_MODE_DEBUG -Xcc -ivfsstatcache -Xcc /Users/joedormond/Library/Developer/Xcode/DerivedData/SDKStatCaches.noindex/iphonesimulator18.2-22C146-07b28473f605e47e75261259d3ef3b5a.sdkstatcache -Xcc -I/Users/joedormond/Library/Developer/Xcode/DerivedData/branchr-aheaqiyakzptavfcnnusrgtfekde/Build/Intermediates.noindex/branchr.build/Debug-iphonesimulator/BranchrWidgetExtensionExtension.build/swift-overrides.hmap -Xcc -iquote -Xcc /Users/joedormond/Library/Developer/Xcode/DerivedData/branchr-aheaqiyakzptavfcnnusrgtfekde/Build/Intermediates.noindex/branchr.build/Debug-iphonesimulator/BranchrWidgetExtensionExtension.build/BranchrWidgetExtensionExtension-generated-files.hmap -Xcc -I/Users/joedormond/Library/Developer/Xcode/DerivedData/branchr-aheaqiyakzptavfcnnusrgtfekde/Build/Intermediates.noindex/branchr.build/Debug-iphonesimulator/BranchrWidgetExtensionExtension.build/BranchrWidgetExtensionExtension-own-target-headers.hmap -Xcc -I/Users/joedormond/Library/Developer/Xcode/DerivedData/branchr-aheaqiyakzptavfcnnusrgtfekde/Build/Intermediates.noindex/branchr.build/Debug-iphonesimulator/BranchrWidgetExtensionExtension.build/BranchrWidgetExtensionExtension-all-target-headers.hmap -Xcc -iquote -Xcc /Users/joedormond/Library/Developer/Xcode/DerivedData/branchr-aheaqiyakzptavfcnnusrgtfekde/Build/Intermediates.noindex/branchr.build/Debug-iphonesimulator/BranchrWidgetExtensionExtension.build/BranchrWidgetExtensionExtension-project-headers.hmap -Xcc -I/Users/joedormond/Library/Developer/Xcode/DerivedData/branchr-aheaqiyakzptavfcnnusrgtfekde/Build/Products/Debug-iphonesimulator/include -Xcc -I/Users/joedormond/Library/Developer/Xcode/DerivedData/branchr-aheaqiyakzptavfcnnusrgtfekde/Build/Intermediates.noindex/branchr.build/Debug-iphonesimulator/BranchrWidgetExtensionExtension.build/DerivedSources-normal/x86_64 -Xcc -I/Users/joedormond/Library/Developer/Xcode/DerivedData/branchr-aheaqiyakzptavfcnnusrgtfekde/Build/Intermediates.noindex/branchr.build/Debug-iphonesimulator/BranchrWidgetExtensionExtension.build/DerivedSources/x86_64 -Xcc -I/Users/joedormond/Library/Developer/Xcode/DerivedData/branchr-aheaqiyakzptavfcnnusrgtfekde/Build/Intermediates.noindex/branchr.build/Debug-iphonesimulator/BranchrWidgetExtensionExtension.build/DerivedSources -Xcc -DDEBUG\=1 -module-name BranchrWidgetExtensionExtension -frontend-parseable-output -disable-clang-spi -target-sdk-version 18.2 -target-sdk-name iphonesimulator18.2 -external-plugin-path /Applications/Xcode.app/Contents/Developer/Platforms/iPhoneOS.platform/Developer/usr/lib/swift/host/plugins\#/Applications/Xcode.app/Contents/Developer/Platforms/iPhoneOS.platform/Developer/usr/bin/swift-plugin-server -external-plugin-path /Applications/Xcode.app/Contents/Developer/Platforms/iPhoneOS.platform/Developer/usr/local/lib/swift/host/plugins\#/Applications/Xcode.app/Contents/Developer/Platforms/iPhoneOS.platform/Developer/usr/bin/swift-plugin-server -plugin-path /Applications/Xcode.app/Contents/Developer/Toolchains/XcodeDefault.xctoolchain/usr/lib/swift/host/plugins -plugin-path /Applications/Xcode.app/Contents/Developer/Toolchains/XcodeDefault.xctoolchain/usr/local/lib/swift/host/plugins -o /Users/joedormond/Library/Developer/Xcode/DerivedData/branchr-aheaqiyakzptavfcnnusrgtfekde/Build/Intermediates.noindex/branchr.build/Debug-iphonesimulator/BranchrWidgetExtensionExtension.build/Objects-normal/x86_64/BranchrWidgetBundle.o -index-unit-output-path /branchr.build/Debug-iphonesimulator/BranchrWidgetExtensionExtension.build/Objects-normal/x86_64/BranchrWidgetBundle.o -index-store-path /Users/joedormond/Library/Developer/Xcode/DerivedData/branchr-aheaqiyakzptavfcnnusrgtfekde/Index.noindex/DataStore -index-system-modules

SwiftEmitModule normal x86_64 Emitting\ module\ for\ BranchrWidgetExtensionExtension (in target 'BranchrWidgetExtensionExtension' from project 'branchr')
    cd /Users/joedormond/Documents/branchr
    builtin-swiftTaskExecution -- /Applications/Xcode.app/Contents/Developer/Toolchains/XcodeDefault.xctoolchain/usr/bin/swift-frontend -frontend -emit-module -experimental-skip-non-inlinable-function-bodies-without-types /Users/joedormond/Documents/branchr/BranchrWidgetExtension/BranchrWidget.swift /Users/joedormond/Documents/branchr/BranchrWidgetExtension/BranchrWidgetBundle.swift /Users/joedormond/Documents/branchr/BranchrWidgetExtension/SharedModels.swift /Users/joedormond/Library/Developer/Xcode/DerivedData/branchr-aheaqiyakzptavfcnnusrgtfekde/Build/Intermediates.noindex/branchr.build/Debug-iphonesimulator/BranchrWidgetExtensionExtension.build/DerivedSources/GeneratedAssetSymbols.swift -target x86_64-apple-ios18.2-simulator -enable-objc-interop -sdk /Applications/Xcode.app/Contents/Developer/Platforms/iPhoneSimulator.platform/Developer/SDKs/iPhoneSimulator18.2.sdk -I /Users/joedormond/Library/Developer/Xcode/DerivedData/branchr-aheaqiyakzptavfcnnusrgtfekde/Build/Products/Debug-iphonesimulator -F /Users/joedormond/Library/Developer/Xcode/DerivedData/branchr-aheaqiyakzptavfcnnusrgtfekde/Build/Products/Debug-iphonesimulator -no-color-diagnostics -application-extension -enable-testing -g -debug-info-format\=dwarf -dwarf-version\=5 -module-cache-path /Users/joedormond/Library/Developer/Xcode/DerivedData/ModuleCache.noindex -swift-version 5 -enforce-exclusivity\=checked -Onone -D DEBUG -serialize-debugging-options -const-gather-protocols-file /Users/joedormond/Library/Developer/Xcode/DerivedData/branchr-aheaqiyakzptavfcnnusrgtfekde/Build/Intermediates.noindex/branchr.build/Debug-iphonesimulator/BranchrWidgetExtensionExtension.build/Objects-normal/x86_64/BranchrWidgetExtensionExtension_const_extract_protocols.json -enable-experimental-feature DebugDescriptionMacro -enable-experimental-feature OpaqueTypeErasure -enable-bare-slash-regex -empty-abi-descriptor -validate-clang-modules-once -clang-build-session-file /Users/joedormond/Library/Developer/Xcode/DerivedData/ModuleCache.noindex/Session.modulevalidation -Xcc -working-directory -Xcc /Users/joedormond/Documents/branchr -resource-dir /Applications/Xcode.app/Contents/Developer/Toolchains/XcodeDefault.xctoolchain/usr/lib/swift -enable-anonymous-context-mangled-names -file-compilation-dir /Users/joedormond/Documents/branchr -Xcc -D_LIBCPP_HARDENING_MODE\=_LIBCPP_HARDENING_MODE_DEBUG -Xcc -ivfsstatcache -Xcc /Users/joedormond/Library/Developer/Xcode/DerivedData/SDKStatCaches.noindex/iphonesimulator18.2-22C146-07b28473f605e47e75261259d3ef3b5a.sdkstatcache -Xcc -I/Users/joedormond/Library/Developer/Xcode/DerivedData/branchr-aheaqiyakzptavfcnnusrgtfekde/Build/Intermediates.noindex/branchr.build/Debug-iphonesimulator/BranchrWidgetExtensionExtension.build/swift-overrides.hmap -Xcc -iquote -Xcc /Users/joedormond/Library/Developer/Xcode/DerivedData/branchr-aheaqiyakzptavfcnnusrgtfekde/Build/Intermediates.noindex/branchr.build/Debug-iphonesimulator/BranchrWidgetExtensionExtension.build/BranchrWidgetExtensionExtension-generated-files.hmap -Xcc -I/Users/joedormond/Library/Developer/Xcode/DerivedData/branchr-aheaqiyakzptavfcnnusrgtfekde/Build/Intermediates.noindex/branchr.build/Debug-iphonesimulator/BranchrWidgetExtensionExtension.build/BranchrWidgetExtensionExtension-own-target-headers.hmap -Xcc -I/Users/joedormond/Library/Developer/Xcode/DerivedData/branchr-aheaqiyakzptavfcnnusrgtfekde/Build/Intermediates.noindex/branchr.build/Debug-iphonesimulator/BranchrWidgetExtensionExtension.build/BranchrWidgetExtensionExtension-all-target-headers.hmap -Xcc -iquote -Xcc /Users/joedormond/Library/Developer/Xcode/DerivedData/branchr-aheaqiyakzptavfcnnusrgtfekde/Build/Intermediates.noindex/branchr.build/Debug-iphonesimulator/BranchrWidgetExtensionExtension.build/BranchrWidgetExtensionExtension-project-headers.hmap -Xcc -I/Users/joedormond/Library/Developer/Xcode/DerivedData/branchr-aheaqiyakzptavfcnnusrgtfekde/Build/Products/Debug-iphonesimulator/include -Xcc -I/Users/joedormond/Library/Developer/Xcode/DerivedData/branchr-aheaqiyakzptavfcnnusrgtfekde/Build/Intermediates.noindex/branchr.build/Debug-iphonesimulator/BranchrWidgetExtensionExtension.build/DerivedSources-normal/x86_64 -Xcc -I/Users/joedormond/Library/Developer/Xcode/DerivedData/branchr-aheaqiyakzptavfcnnusrgtfekde/Build/Intermediates.noindex/branchr.build/Debug-iphonesimulator/BranchrWidgetExtensionExtension.build/DerivedSources/x86_64 -Xcc -I/Users/joedormond/Library/Developer/Xcode/DerivedData/branchr-aheaqiyakzptavfcnnusrgtfekde/Build/Intermediates.noindex/branchr.build/Debug-iphonesimulator/BranchrWidgetExtensionExtension.build/DerivedSources -Xcc -DDEBUG\=1 -module-name BranchrWidgetExtensionExtension -frontend-parseable-output -disable-clang-spi -target-sdk-version 18.2 -target-sdk-name iphonesimulator18.2 -external-plugin-path /Applications/Xcode.app/Contents/Developer/Platforms/iPhoneOS.platform/Developer/usr/lib/swift/host/plugins\#/Applications/Xcode.app/Contents/Developer/Platforms/iPhoneOS.platform/Developer/usr/bin/swift-plugin-server -external-plugin-path /Applications/Xcode.app/Contents/Developer/Platforms/iPhoneOS.platform/Developer/usr/local/lib/swift/host/plugins\#/Applications/Xcode.app/Contents/Developer/Platforms/iPhoneOS.platform/Developer/usr/bin/swift-plugin-server -plugin-path /Applications/Xcode.app/Contents/Developer/Toolchains/XcodeDefault.xctoolchain/usr/lib/swift/host/plugins -plugin-path /Applications/Xcode.app/Contents/Developer/Toolchains/XcodeDefault.xctoolchain/usr/local/lib/swift/host/plugins -emit-module-doc-path /Users/joedormond/Library/Developer/Xcode/DerivedData/branchr-aheaqiyakzptavfcnnusrgtfekde/Build/Intermediates.noindex/branchr.build/Debug-iphonesimulator/BranchrWidgetExtensionExtension.build/Objects-normal/x86_64/BranchrWidgetExtensionExtension.swiftdoc -emit-module-source-info-path /Users/joedormond/Library/Developer/Xcode/DerivedData/branchr-aheaqiyakzptavfcnnusrgtfekde/Build/Intermediates.noindex/branchr.build/Debug-iphonesimulator/BranchrWidgetExtensionExtension.build/Objects-normal/x86_64/BranchrWidgetExtensionExtension.swiftsourceinfo -emit-objc-header-path /Users/joedormond/Library/Developer/Xcode/DerivedData/branchr-aheaqiyakzptavfcnnusrgtfekde/Build/Intermediates.noindex/branchr.build/Debug-iphonesimulator/BranchrWidgetExtensionExtension.build/Objects-normal/x86_64/BranchrWidgetExtensionExtension-Swift.h -serialize-diagnostics-path /Users/joedormond/Library/Developer/Xcode/DerivedData/branchr-aheaqiyakzptavfcnnusrgtfekde/Build/Intermediates.noindex/branchr.build/Debug-iphonesimulator/BranchrWidgetExtensionExtension.build/Objects-normal/x86_64/BranchrWidgetExtensionExtension-master-emit-module.dia -emit-dependencies-path /Users/joedormond/Library/Developer/Xcode/DerivedData/branchr-aheaqiyakzptavfcnnusrgtfekde/Build/Intermediates.noindex/branchr.build/Debug-iphonesimulator/BranchrWidgetExtensionExtension.build/Objects-normal/x86_64/BranchrWidgetExtensionExtension-master-emit-module.d -o /Users/joedormond/Library/Developer/Xcode/DerivedData/branchr-aheaqiyakzptavfcnnusrgtfekde/Build/Intermediates.noindex/branchr.build/Debug-iphonesimulator/BranchrWidgetExtensionExtension.build/Objects-normal/x86_64/BranchrWidgetExtensionExtension.swiftmodule -emit-abi-descriptor-path /Users/joedormond/Library/Developer/Xcode/DerivedData/branchr-aheaqiyakzptavfcnnusrgtfekde/Build/Intermediates.noindex/branchr.build/Debug-iphonesimulator/BranchrWidgetExtensionExtension.build/Objects-normal/x86_64/BranchrWidgetExtensionExtension.abi.json
EmitSwiftModule normal x86_64 (in target 'BranchrWidgetExtensionExtension' from project 'branchr')
    cd /Users/joedormond/Documents/branchr
    /Applications/Xcode.app/Contents/Developer/Toolchains/XcodeDefault.xctoolchain/usr/bin/swift-frontend -emit-module -experimental-skip-non-inlinable-function-bodies-without-types /Users/joedormond/Documents/branchr/BranchrWidgetExtension/BranchrWidget.swift /Users/joedormond/Documents/branchr/BranchrWidgetExtension/BranchrWidgetBundle.swift /Users/joedormond/Documents/branchr/BranchrWidgetExtension/SharedModels.swift /Users/joedormond/Library/Developer/Xcode/DerivedData/branchr-aheaqiyakzptavfcnnusrgtfekde/Build/Intermediates.noindex/branchr.build/Debug-iphonesimulator/BranchrWidgetExtensionExtension.build/DerivedSources/GeneratedAssetSymbols.swift -target x86_64-apple-ios18.2-simulator -enable-objc-interop -sdk /Applications/Xcode.app/Contents/Developer/Platforms/iPhoneSimulator.platform/Developer/SDKs/iPhoneSimulator18.2.sdk -I /Users/joedormond/Library/Developer/Xcode/DerivedData/branchr-aheaqiyakzptavfcnnusrgtfekde/Build/Products/Debug-iphonesimulator -F /Users/joedormond/Library/Developer/Xcode/DerivedData/branchr-aheaqiyakzptavfcnnusrgtfekde/Build/Products/Debug-iphonesimulator -no-color-diagnostics -application-extension -enable-testing -g -debug-info-format\=dwarf -dwarf-version\=5 -module-cache-path /Users/joedormond/Library/Developer/Xcode/DerivedData/ModuleCache.noindex -swift-version 5 -enforce-exclusivity\=checked -Onone -D DEBUG -serialize-debugging-options -const-gather-protocols-file /Users/joedormond/Library/Developer/Xcode/DerivedData/branchr-aheaqiyakzptavfcnnusrgtfekde/Build/Intermediates.noindex/branchr.build/Debug-iphonesimulator/BranchrWidgetExtensionExtension.build/Objects-normal/x86_64/BranchrWidgetExtensionExtension_const_extract_protocols.json -enable-experimental-feature DebugDescriptionMacro -enable-experimental-feature OpaqueTypeErasure -enable-bare-slash-regex -empty-abi-descriptor -validate-clang-modules-once -clang-build-session-file /Users/joedormond/Library/Developer/Xcode/DerivedData/ModuleCache.noindex/Session.modulevalidation -Xcc -working-directory -Xcc /Users/joedormond/Documents/branchr -resource-dir /Applications/Xcode.app/Contents/Developer/Toolchains/XcodeDefault.xctoolchain/usr/lib/swift -enable-anonymous-context-mangled-names -file-compilation-dir /Users/joedormond/Documents/branchr -Xcc -D_LIBCPP_HARDENING_MODE\=_LIBCPP_HARDENING_MODE_DEBUG -Xcc -ivfsstatcache -Xcc /Users/joedormond/Library/Developer/Xcode/DerivedData/SDKStatCaches.noindex/iphonesimulator18.2-22C146-07b28473f605e47e75261259d3ef3b5a.sdkstatcache -Xcc -I/Users/joedormond/Library/Developer/Xcode/DerivedData/branchr-aheaqiyakzptavfcnnusrgtfekde/Build/Intermediates.noindex/branchr.build/Debug-iphonesimulator/BranchrWidgetExtensionExtension.build/swift-overrides.hmap -Xcc -iquote -Xcc /Users/joedormond/Library/Developer/Xcode/DerivedData/branchr-aheaqiyakzptavfcnnusrgtfekde/Build/Intermediates.noindex/branchr.build/Debug-iphonesimulator/BranchrWidgetExtensionExtension.build/BranchrWidgetExtensionExtension-generated-files.hmap -Xcc -I/Users/joedormond/Library/Developer/Xcode/DerivedData/branchr-aheaqiyakzptavfcnnusrgtfekde/Build/Intermediates.noindex/branchr.build/Debug-iphonesimulator/BranchrWidgetExtensionExtension.build/BranchrWidgetExtensionExtension-own-target-headers.hmap -Xcc -I/Users/joedormond/Library/Developer/Xcode/DerivedData/branchr-aheaqiyakzptavfcnnusrgtfekde/Build/Intermediates.noindex/branchr.build/Debug-iphonesimulator/BranchrWidgetExtensionExtension.build/BranchrWidgetExtensionExtension-all-target-headers.hmap -Xcc -iquote -Xcc /Users/joedormond/Library/Developer/Xcode/DerivedData/branchr-aheaqiyakzptavfcnnusrgtfekde/Build/Intermediates.noindex/branchr.build/Debug-iphonesimulator/BranchrWidgetExtensionExtension.build/BranchrWidgetExtensionExtension-project-headers.hmap -Xcc -I/Users/joedormond/Library/Developer/Xcode/DerivedData/branchr-aheaqiyakzptavfcnnusrgtfekde/Build/Products/Debug-iphonesimulator/include -Xcc -I/Users/joedormond/Library/Developer/Xcode/DerivedData/branchr-aheaqiyakzptavfcnnusrgtfekde/Build/Intermediates.noindex/branchr.build/Debug-iphonesimulator/BranchrWidgetExtensionExtension.build/DerivedSources-normal/x86_64 -Xcc -I/Users/joedormond/Library/Developer/Xcode/DerivedData/branchr-aheaqiyakzptavfcnnusrgtfekde/Build/Intermediates.noindex/branchr.build/Debug-iphonesimulator/BranchrWidgetExtensionExtension.build/DerivedSources/x86_64 -Xcc -I/Users/joedormond/Library/Developer/Xcode/DerivedData/branchr-aheaqiyakzptavfcnnusrgtfekde/Build/Intermediates.noindex/branchr.build/Debug-iphonesimulator/BranchrWidgetExtensionExtension.build/DerivedSources -Xcc -DDEBUG\=1 -module-name BranchrWidgetExtensionExtension -frontend-parseable-output -disable-clang-spi -target-sdk-version 18.2 -target-sdk-name iphonesimulator18.2 -external-plugin-path /Applications/Xcode.app/Contents/Developer/Platforms/iPhoneOS.platform/Developer/usr/lib/swift/host/plugins\#/Applications/Xcode.app/Contents/Developer/Platforms/iPhoneOS.platform/Developer/usr/bin/swift-plugin-server -external-plugin-path /Applications/Xcode.app/Contents/Developer/Platforms/iPhoneOS.platform/Developer/usr/local/lib/swift/host/plugins\#/Applications/Xcode.app/Contents/Developer/Platforms/iPhoneOS.platform/Developer/usr/bin/swift-plugin-server -plugin-path /Applications/Xcode.app/Contents/Developer/Toolchains/XcodeDefault.xctoolchain/usr/lib/swift/host/plugins -plugin-path /Applications/Xcode.app/Contents/Developer/Toolchains/XcodeDefault.xctoolchain/usr/local/lib/swift/host/plugins -emit-module-doc-path /Users/joedormond/Library/Developer/Xcode/DerivedData/branchr-aheaqiyakzptavfcnnusrgtfekde/Build/Intermediates.noindex/branchr.build/Debug-iphonesimulator/BranchrWidgetExtensionExtension.build/Objects-normal/x86_64/BranchrWidgetExtensionExtension.swiftdoc -emit-module-source-info-path /Users/joedormond/Library/Developer/Xcode/DerivedData/branchr-aheaqiyakzptavfcnnusrgtfekde/Build/Intermediates.noindex/branchr.build/Debug-iphonesimulator/BranchrWidgetExtensionExtension.build/Objects-normal/x86_64/BranchrWidgetExtensionExtension.swiftsourceinfo -emit-objc-header-path /Users/joedormond/Library/Developer/Xcode/DerivedData/branchr-aheaqiyakzptavfcnnusrgtfekde/Build/Intermediates.noindex/branchr.build/Debug-iphonesimulator/BranchrWidgetExtensionExtension.build/Objects-normal/x86_64/BranchrWidgetExtensionExtension-Swift.h -serialize-diagnostics-path /Users/joedormond/Library/Developer/Xcode/DerivedData/branchr-aheaqiyakzptavfcnnusrgtfekde/Build/Intermediates.noindex/branchr.build/Debug-iphonesimulator/BranchrWidgetExtensionExtension.build/Objects-normal/x86_64/BranchrWidgetExtensionExtension-master-emit-module.dia -emit-dependencies-path /Users/joedormond/Library/Developer/Xcode/DerivedData/branchr-aheaqiyakzptavfcnnusrgtfekde/Build/Intermediates.noindex/branchr.build/Debug-iphonesimulator/BranchrWidgetExtensionExtension.build/Objects-normal/x86_64/BranchrWidgetExtensionExtension-master-emit-module.d -o /Users/joedormond/Library/Developer/Xcode/DerivedData/branchr-aheaqiyakzptavfcnnusrgtfekde/Build/Intermediates.noindex/branchr.build/Debug-iphonesimulator/BranchrWidgetExtensionExtension.build/Objects-normal/x86_64/BranchrWidgetExtensionExtension.swiftmodule -emit-abi-descriptor-path /Users/joedormond/Library/Developer/Xcode/DerivedData/branchr-aheaqiyakzptavfcnnusrgtfekde/Build/Intermediates.noindex/branchr.build/Debug-iphonesimulator/BranchrWidgetExtensionExtension.build/Objects-normal/x86_64/BranchrWidgetExtensionExtension.abi.json

SwiftCompile normal x86_64 Compiling\ BranchrWidget.swift /Users/joedormond/Documents/branchr/BranchrWidgetExtension/BranchrWidget.swift (in target 'BranchrWidgetExtensionExtension' from project 'branchr')
    cd /Users/joedormond/Documents/branchr
    builtin-swiftTaskExecution -- /Applications/Xcode.app/Contents/Developer/Toolchains/XcodeDefault.xctoolchain/usr/bin/swift-frontend -frontend -c -primary-file /Users/joedormond/Documents/branchr/BranchrWidgetExtension/BranchrWidget.swift /Users/joedormond/Documents/branchr/BranchrWidgetExtension/BranchrWidgetBundle.swift /Users/joedormond/Documents/branchr/BranchrWidgetExtension/SharedModels.swift /Users/joedormond/Library/Developer/Xcode/DerivedData/branchr-aheaqiyakzptavfcnnusrgtfekde/Build/Intermediates.noindex/branchr.build/Debug-iphonesimulator/BranchrWidgetExtensionExtension.build/DerivedSources/GeneratedAssetSymbols.swift -emit-dependencies-path /Users/joedormond/Library/Developer/Xcode/DerivedData/branchr-aheaqiyakzptavfcnnusrgtfekde/Build/Intermediates.noindex/branchr.build/Debug-iphonesimulator/BranchrWidgetExtensionExtension.build/Objects-normal/x86_64/BranchrWidget.d -emit-const-values-path /Users/joedormond/Library/Developer/Xcode/DerivedData/branchr-aheaqiyakzptavfcnnusrgtfekde/Build/Intermediates.noindex/branchr.build/Debug-iphonesimulator/BranchrWidgetExtensionExtension.build/Objects-normal/x86_64/BranchrWidget.swiftconstvalues -emit-reference-dependencies-path /Users/joedormond/Library/Developer/Xcode/DerivedData/branchr-aheaqiyakzptavfcnnusrgtfekde/Build/Intermediates.noindex/branchr.build/Debug-iphonesimulator/BranchrWidgetExtensionExtension.build/Objects-normal/x86_64/BranchrWidget.swiftdeps -serialize-diagnostics-path /Users/joedormond/Library/Developer/Xcode/DerivedData/branchr-aheaqiyakzptavfcnnusrgtfekde/Build/Intermediates.noindex/branchr.build/Debug-iphonesimulator/BranchrWidgetExtensionExtension.build/Objects-normal/x86_64/BranchrWidget.dia -emit-localized-strings -emit-localized-strings-path /Users/joedormond/Library/Developer/Xcode/DerivedData/branchr-aheaqiyakzptavfcnnusrgtfekde/Build/Intermediates.noindex/branchr.build/Debug-iphonesimulator/BranchrWidgetExtensionExtension.build/Objects-normal/x86_64 -target x86_64-apple-ios18.2-simulator -enable-objc-interop -sdk /Applications/Xcode.app/Contents/Developer/Platforms/iPhoneSimulator.platform/Developer/SDKs/iPhoneSimulator18.2.sdk -I /Users/joedormond/Library/Developer/Xcode/DerivedData/branchr-aheaqiyakzptavfcnnusrgtfekde/Build/Products/Debug-iphonesimulator -F /Users/joedormond/Library/Developer/Xcode/DerivedData/branchr-aheaqiyakzptavfcnnusrgtfekde/Build/Products/Debug-iphonesimulator -no-color-diagnostics -application-extension -enable-testing -g -debug-info-format\=dwarf -dwarf-version\=5 -module-cache-path /Users/joedormond/Library/Developer/Xcode/DerivedData/ModuleCache.noindex -swift-version 5 -enforce-exclusivity\=checked -Onone -D DEBUG -serialize-debugging-options -const-gather-protocols-file /Users/joedormond/Library/Developer/Xcode/DerivedData/branchr-aheaqiyakzptavfcnnusrgtfekde/Build/Intermediates.noindex/branchr.build/Debug-iphonesimulator/BranchrWidgetExtensionExtension.build/Objects-normal/x86_64/BranchrWidgetExtensionExtension_const_extract_protocols.json -enable-experimental-feature DebugDescriptionMacro -enable-experimental-feature OpaqueTypeErasure -enable-bare-slash-regex -empty-abi-descriptor -validate-clang-modules-once -clang-build-session-file /Users/joedormond/Library/Developer/Xcode/DerivedData/ModuleCache.noindex/Session.modulevalidation -Xcc -working-directory -Xcc /Users/joedormond/Documents/branchr -resource-dir /Applications/Xcode.app/Contents/Developer/Toolchains/XcodeDefault.xctoolchain/usr/lib/swift -enable-anonymous-context-mangled-names -file-compilation-dir /Users/joedormond/Documents/branchr -Xcc -D_LIBCPP_HARDENING_MODE\=_LIBCPP_HARDENING_MODE_DEBUG -Xcc -ivfsstatcache -Xcc /Users/joedormond/Library/Developer/Xcode/DerivedData/SDKStatCaches.noindex/iphonesimulator18.2-22C146-07b28473f605e47e75261259d3ef3b5a.sdkstatcache -Xcc -I/Users/joedormond/Library/Developer/Xcode/DerivedData/branchr-aheaqiyakzptavfcnnusrgtfekde/Build/Intermediates.noindex/branchr.build/Debug-iphonesimulator/BranchrWidgetExtensionExtension.build/swift-overrides.hmap -Xcc -iquote -Xcc /Users/joedormond/Library/Developer/Xcode/DerivedData/branchr-aheaqiyakzptavfcnnusrgtfekde/Build/Intermediates.noindex/branchr.build/Debug-iphonesimulator/BranchrWidgetExtensionExtension.build/BranchrWidgetExtensionExtension-generated-files.hmap -Xcc -I/Users/joedormond/Library/Developer/Xcode/DerivedData/branchr-aheaqiyakzptavfcnnusrgtfekde/Build/Intermediates.noindex/branchr.build/Debug-iphonesimulator/BranchrWidgetExtensionExtension.build/BranchrWidgetExtensionExtension-own-target-headers.hmap -Xcc -I/Users/joedormond/Library/Developer/Xcode/DerivedData/branchr-aheaqiyakzptavfcnnusrgtfekde/Build/Intermediates.noindex/branchr.build/Debug-iphonesimulator/BranchrWidgetExtensionExtension.build/BranchrWidgetExtensionExtension-all-target-headers.hmap -Xcc -iquote -Xcc /Users/joedormond/Library/Developer/Xcode/DerivedData/branchr-aheaqiyakzptavfcnnusrgtfekde/Build/Intermediates.noindex/branchr.build/Debug-iphonesimulator/BranchrWidgetExtensionExtension.build/BranchrWidgetExtensionExtension-project-headers.hmap -Xcc -I/Users/joedormond/Library/Developer/Xcode/DerivedData/branchr-aheaqiyakzptavfcnnusrgtfekde/Build/Products/Debug-iphonesimulator/include -Xcc -I/Users/joedormond/Library/Developer/Xcode/DerivedData/branchr-aheaqiyakzptavfcnnusrgtfekde/Build/Intermediates.noindex/branchr.build/Debug-iphonesimulator/BranchrWidgetExtensionExtension.build/DerivedSources-normal/x86_64 -Xcc -I/Users/joedormond/Library/Developer/Xcode/DerivedData/branchr-aheaqiyakzptavfcnnusrgtfekde/Build/Intermediates.noindex/branchr.build/Debug-iphonesimulator/BranchrWidgetExtensionExtension.build/DerivedSources/x86_64 -Xcc -I/Users/joedormond/Library/Developer/Xcode/DerivedData/branchr-aheaqiyakzptavfcnnusrgtfekde/Build/Intermediates.noindex/branchr.build/Debug-iphonesimulator/BranchrWidgetExtensionExtension.build/DerivedSources -Xcc -DDEBUG\=1 -module-name BranchrWidgetExtensionExtension -frontend-parseable-output -disable-clang-spi -target-sdk-version 18.2 -target-sdk-name iphonesimulator18.2 -external-plugin-path /Applications/Xcode.app/Contents/Developer/Platforms/iPhoneOS.platform/Developer/usr/lib/swift/host/plugins\#/Applications/Xcode.app/Contents/Developer/Platforms/iPhoneOS.platform/Developer/usr/bin/swift-plugin-server -external-plugin-path /Applications/Xcode.app/Contents/Developer/Platforms/iPhoneOS.platform/Developer/usr/local/lib/swift/host/plugins\#/Applications/Xcode.app/Contents/Developer/Platforms/iPhoneOS.platform/Developer/usr/bin/swift-plugin-server -plugin-path /Applications/Xcode.app/Contents/Developer/Toolchains/XcodeDefault.xctoolchain/usr/lib/swift/host/plugins -plugin-path /Applications/Xcode.app/Contents/Developer/Toolchains/XcodeDefault.xctoolchain/usr/local/lib/swift/host/plugins -o /Users/joedormond/Library/Developer/Xcode/DerivedData/branchr-aheaqiyakzptavfcnnusrgtfekde/Build/Intermediates.noindex/branchr.build/Debug-iphonesimulator/BranchrWidgetExtensionExtension.build/Objects-normal/x86_64/BranchrWidget.o -index-unit-output-path /branchr.build/Debug-iphonesimulator/BranchrWidgetExtensionExtension.build/Objects-normal/x86_64/BranchrWidget.o -index-store-path /Users/joedormond/Library/Developer/Xcode/DerivedData/branchr-aheaqiyakzptavfcnnusrgtfekde/Index.noindex/DataStore -index-system-modules
SwiftCompile normal x86_64 /Users/joedormond/Documents/branchr/BranchrWidgetExtension/BranchrWidget.swift (in target 'BranchrWidgetExtensionExtension' from project 'branchr')
    cd /Users/joedormond/Documents/branchr
    /Applications/Xcode.app/Contents/Developer/Toolchains/XcodeDefault.xctoolchain/usr/bin/swift-frontend -c -primary-file /Users/joedormond/Documents/branchr/BranchrWidgetExtension/BranchrWidget.swift /Users/joedormond/Documents/branchr/BranchrWidgetExtension/BranchrWidgetBundle.swift /Users/joedormond/Documents/branchr/BranchrWidgetExtension/SharedModels.swift /Users/joedormond/Library/Developer/Xcode/DerivedData/branchr-aheaqiyakzptavfcnnusrgtfekde/Build/Intermediates.noindex/branchr.build/Debug-iphonesimulator/BranchrWidgetExtensionExtension.build/DerivedSources/GeneratedAssetSymbols.swift -emit-dependencies-path /Users/joedormond/Library/Developer/Xcode/DerivedData/branchr-aheaqiyakzptavfcnnusrgtfekde/Build/Intermediates.noindex/branchr.build/Debug-iphonesimulator/BranchrWidgetExtensionExtension.build/Objects-normal/x86_64/BranchrWidget.d -emit-const-values-path /Users/joedormond/Library/Developer/Xcode/DerivedData/branchr-aheaqiyakzptavfcnnusrgtfekde/Build/Intermediates.noindex/branchr.build/Debug-iphonesimulator/BranchrWidgetExtensionExtension.build/Objects-normal/x86_64/BranchrWidget.swiftconstvalues -emit-reference-dependencies-path /Users/joedormond/Library/Developer/Xcode/DerivedData/branchr-aheaqiyakzptavfcnnusrgtfekde/Build/Intermediates.noindex/branchr.build/Debug-iphonesimulator/BranchrWidgetExtensionExtension.build/Objects-normal/x86_64/BranchrWidget.swiftdeps -serialize-diagnostics-path /Users/joedormond/Library/Developer/Xcode/DerivedData/branchr-aheaqiyakzptavfcnnusrgtfekde/Build/Intermediates.noindex/branchr.build/Debug-iphonesimulator/BranchrWidgetExtensionExtension.build/Objects-normal/x86_64/BranchrWidget.dia -emit-localized-strings -emit-localized-strings-path /Users/joedormond/Library/Developer/Xcode/DerivedData/branchr-aheaqiyakzptavfcnnusrgtfekde/Build/Intermediates.noindex/branchr.build/Debug-iphonesimulator/BranchrWidgetExtensionExtension.build/Objects-normal/x86_64 -target x86_64-apple-ios18.2-simulator -enable-objc-interop -sdk /Applications/Xcode.app/Contents/Developer/Platforms/iPhoneSimulator.platform/Developer/SDKs/iPhoneSimulator18.2.sdk -I /Users/joedormond/Library/Developer/Xcode/DerivedData/branchr-aheaqiyakzptavfcnnusrgtfekde/Build/Products/Debug-iphonesimulator -F /Users/joedormond/Library/Developer/Xcode/DerivedData/branchr-aheaqiyakzptavfcnnusrgtfekde/Build/Products/Debug-iphonesimulator -no-color-diagnostics -application-extension -enable-testing -g -debug-info-format\=dwarf -dwarf-version\=5 -module-cache-path /Users/joedormond/Library/Developer/Xcode/DerivedData/ModuleCache.noindex -swift-version 5 -enforce-exclusivity\=checked -Onone -D DEBUG -serialize-debugging-options -const-gather-protocols-file /Users/joedormond/Library/Developer/Xcode/DerivedData/branchr-aheaqiyakzptavfcnnusrgtfekde/Build/Intermediates.noindex/branchr.build/Debug-iphonesimulator/BranchrWidgetExtensionExtension.build/Objects-normal/x86_64/BranchrWidgetExtensionExtension_const_extract_protocols.json -enable-experimental-feature DebugDescriptionMacro -enable-experimental-feature OpaqueTypeErasure -enable-bare-slash-regex -empty-abi-descriptor -validate-clang-modules-once -clang-build-session-file /Users/joedormond/Library/Developer/Xcode/DerivedData/ModuleCache.noindex/Session.modulevalidation -Xcc -working-directory -Xcc /Users/joedormond/Documents/branchr -resource-dir /Applications/Xcode.app/Contents/Developer/Toolchains/XcodeDefault.xctoolchain/usr/lib/swift -enable-anonymous-context-mangled-names -file-compilation-dir /Users/joedormond/Documents/branchr -Xcc -D_LIBCPP_HARDENING_MODE\=_LIBCPP_HARDENING_MODE_DEBUG -Xcc -ivfsstatcache -Xcc /Users/joedormond/Library/Developer/Xcode/DerivedData/SDKStatCaches.noindex/iphonesimulator18.2-22C146-07b28473f605e47e75261259d3ef3b5a.sdkstatcache -Xcc -I/Users/joedormond/Library/Developer/Xcode/DerivedData/branchr-aheaqiyakzptavfcnnusrgtfekde/Build/Intermediates.noindex/branchr.build/Debug-iphonesimulator/BranchrWidgetExtensionExtension.build/swift-overrides.hmap -Xcc -iquote -Xcc /Users/joedormond/Library/Developer/Xcode/DerivedData/branchr-aheaqiyakzptavfcnnusrgtfekde/Build/Intermediates.noindex/branchr.build/Debug-iphonesimulator/BranchrWidgetExtensionExtension.build/BranchrWidgetExtensionExtension-generated-files.hmap -Xcc -I/Users/joedormond/Library/Developer/Xcode/DerivedData/branchr-aheaqiyakzptavfcnnusrgtfekde/Build/Intermediates.noindex/branchr.build/Debug-iphonesimulator/BranchrWidgetExtensionExtension.build/BranchrWidgetExtensionExtension-own-target-headers.hmap -Xcc -I/Users/joedormond/Library/Developer/Xcode/DerivedData/branchr-aheaqiyakzptavfcnnusrgtfekde/Build/Intermediates.noindex/branchr.build/Debug-iphonesimulator/BranchrWidgetExtensionExtension.build/BranchrWidgetExtensionExtension-all-target-headers.hmap -Xcc -iquote -Xcc /Users/joedormond/Library/Developer/Xcode/DerivedData/branchr-aheaqiyakzptavfcnnusrgtfekde/Build/Intermediates.noindex/branchr.build/Debug-iphonesimulator/BranchrWidgetExtensionExtension.build/BranchrWidgetExtensionExtension-project-headers.hmap -Xcc -I/Users/joedormond/Library/Developer/Xcode/DerivedData/branchr-aheaqiyakzptavfcnnusrgtfekde/Build/Products/Debug-iphonesimulator/include -Xcc -I/Users/joedormond/Library/Developer/Xcode/DerivedData/branchr-aheaqiyakzptavfcnnusrgtfekde/Build/Intermediates.noindex/branchr.build/Debug-iphonesimulator/BranchrWidgetExtensionExtension.build/DerivedSources-normal/x86_64 -Xcc -I/Users/joedormond/Library/Developer/Xcode/DerivedData/branchr-aheaqiyakzptavfcnnusrgtfekde/Build/Intermediates.noindex/branchr.build/Debug-iphonesimulator/BranchrWidgetExtensionExtension.build/DerivedSources/x86_64 -Xcc -I/Users/joedormond/Library/Developer/Xcode/DerivedData/branchr-aheaqiyakzptavfcnnusrgtfekde/Build/Intermediates.noindex/branchr.build/Debug-iphonesimulator/BranchrWidgetExtensionExtension.build/DerivedSources -Xcc -DDEBUG\=1 -module-name BranchrWidgetExtensionExtension -frontend-parseable-output -disable-clang-spi -target-sdk-version 18.2 -target-sdk-name iphonesimulator18.2 -external-plugin-path /Applications/Xcode.app/Contents/Developer/Platforms/iPhoneOS.platform/Developer/usr/lib/swift/host/plugins\#/Applications/Xcode.app/Contents/Developer/Platforms/iPhoneOS.platform/Developer/usr/bin/swift-plugin-server -external-plugin-path /Applications/Xcode.app/Contents/Developer/Platforms/iPhoneOS.platform/Developer/usr/local/lib/swift/host/plugins\#/Applications/Xcode.app/Contents/Developer/Platforms/iPhoneOS.platform/Developer/usr/bin/swift-plugin-server -plugin-path /Applications/Xcode.app/Contents/Developer/Toolchains/XcodeDefault.xctoolchain/usr/lib/swift/host/plugins -plugin-path /Applications/Xcode.app/Contents/Developer/Toolchains/XcodeDefault.xctoolchain/usr/local/lib/swift/host/plugins -o /Users/joedormond/Library/Developer/Xcode/DerivedData/branchr-aheaqiyakzptavfcnnusrgtfekde/Build/Intermediates.noindex/branchr.build/Debug-iphonesimulator/BranchrWidgetExtensionExtension.build/Objects-normal/x86_64/BranchrWidget.o -index-unit-output-path /branchr.build/Debug-iphonesimulator/BranchrWidgetExtensionExtension.build/Objects-normal/x86_64/BranchrWidget.o -index-store-path /Users/joedormond/Library/Developer/Xcode/DerivedData/branchr-aheaqiyakzptavfcnnusrgtfekde/Index.noindex/DataStore -index-system-modules

SwiftCompile normal x86_64 Compiling\ GeneratedAssetSymbols.swift /Users/joedormond/Library/Developer/Xcode/DerivedData/branchr-aheaqiyakzptavfcnnusrgtfekde/Build/Intermediates.noindex/branchr.build/Debug-iphonesimulator/BranchrWidgetExtensionExtension.build/DerivedSources/GeneratedAssetSymbols.swift (in target 'BranchrWidgetExtensionExtension' from project 'branchr')
    cd /Users/joedormond/Documents/branchr
    builtin-swiftTaskExecution -- /Applications/Xcode.app/Contents/Developer/Toolchains/XcodeDefault.xctoolchain/usr/bin/swift-frontend -frontend -c /Users/joedormond/Documents/branchr/BranchrWidgetExtension/BranchrWidget.swift /Users/joedormond/Documents/branchr/BranchrWidgetExtension/BranchrWidgetBundle.swift /Users/joedormond/Documents/branchr/BranchrWidgetExtension/SharedModels.swift -primary-file /Users/joedormond/Library/Developer/Xcode/DerivedData/branchr-aheaqiyakzptavfcnnusrgtfekde/Build/Intermediates.noindex/branchr.build/Debug-iphonesimulator/BranchrWidgetExtensionExtension.build/DerivedSources/GeneratedAssetSymbols.swift -emit-dependencies-path /Users/joedormond/Library/Developer/Xcode/DerivedData/branchr-aheaqiyakzptavfcnnusrgtfekde/Build/Intermediates.noindex/branchr.build/Debug-iphonesimulator/BranchrWidgetExtensionExtension.build/Objects-normal/x86_64/GeneratedAssetSymbols.d -emit-const-values-path /Users/joedormond/Library/Developer/Xcode/DerivedData/branchr-aheaqiyakzptavfcnnusrgtfekde/Build/Intermediates.noindex/branchr.build/Debug-iphonesimulator/BranchrWidgetExtensionExtension.build/Objects-normal/x86_64/GeneratedAssetSymbols.swiftconstvalues -emit-reference-dependencies-path /Users/joedormond/Library/Developer/Xcode/DerivedData/branchr-aheaqiyakzptavfcnnusrgtfekde/Build/Intermediates.noindex/branchr.build/Debug-iphonesimulator/BranchrWidgetExtensionExtension.build/Objects-normal/x86_64/GeneratedAssetSymbols.swiftdeps -serialize-diagnostics-path /Users/joedormond/Library/Developer/Xcode/DerivedData/branchr-aheaqiyakzptavfcnnusrgtfekde/Build/Intermediates.noindex/branchr.build/Debug-iphonesimulator/BranchrWidgetExtensionExtension.build/Objects-normal/x86_64/GeneratedAssetSymbols.dia -emit-localized-strings -emit-localized-strings-path /Users/joedormond/Library/Developer/Xcode/DerivedData/branchr-aheaqiyakzptavfcnnusrgtfekde/Build/Intermediates.noindex/branchr.build/Debug-iphonesimulator/BranchrWidgetExtensionExtension.build/Objects-normal/x86_64 -target x86_64-apple-ios18.2-simulator -enable-objc-interop -sdk /Applications/Xcode.app/Contents/Developer/Platforms/iPhoneSimulator.platform/Developer/SDKs/iPhoneSimulator18.2.sdk -I /Users/joedormond/Library/Developer/Xcode/DerivedData/branchr-aheaqiyakzptavfcnnusrgtfekde/Build/Products/Debug-iphonesimulator -F /Users/joedormond/Library/Developer/Xcode/DerivedData/branchr-aheaqiyakzptavfcnnusrgtfekde/Build/Products/Debug-iphonesimulator -no-color-diagnostics -application-extension -enable-testing -g -debug-info-format\=dwarf -dwarf-version\=5 -module-cache-path /Users/joedormond/Library/Developer/Xcode/DerivedData/ModuleCache.noindex -swift-version 5 -enforce-exclusivity\=checked -Onone -D DEBUG -serialize-debugging-options -const-gather-protocols-file /Users/joedormond/Library/Developer/Xcode/DerivedData/branchr-aheaqiyakzptavfcnnusrgtfekde/Build/Intermediates.noindex/branchr.build/Debug-iphonesimulator/BranchrWidgetExtensionExtension.build/Objects-normal/x86_64/BranchrWidgetExtensionExtension_const_extract_protocols.json -enable-experimental-feature DebugDescriptionMacro -enable-experimental-feature OpaqueTypeErasure -enable-bare-slash-regex -empty-abi-descriptor -validate-clang-modules-once -clang-build-session-file /Users/joedormond/Library/Developer/Xcode/DerivedData/ModuleCache.noindex/Session.modulevalidation -Xcc -working-directory -Xcc /Users/joedormond/Documents/branchr -resource-dir /Applications/Xcode.app/Contents/Developer/Toolchains/XcodeDefault.xctoolchain/usr/lib/swift -enable-anonymous-context-mangled-names -file-compilation-dir /Users/joedormond/Documents/branchr -Xcc -D_LIBCPP_HARDENING_MODE\=_LIBCPP_HARDENING_MODE_DEBUG -Xcc -ivfsstatcache -Xcc /Users/joedormond/Library/Developer/Xcode/DerivedData/SDKStatCaches.noindex/iphonesimulator18.2-22C146-07b28473f605e47e75261259d3ef3b5a.sdkstatcache -Xcc -I/Users/joedormond/Library/Developer/Xcode/DerivedData/branchr-aheaqiyakzptavfcnnusrgtfekde/Build/Intermediates.noindex/branchr.build/Debug-iphonesimulator/BranchrWidgetExtensionExtension.build/swift-overrides.hmap -Xcc -iquote -Xcc /Users/joedormond/Library/Developer/Xcode/DerivedData/branchr-aheaqiyakzptavfcnnusrgtfekde/Build/Intermediates.noindex/branchr.build/Debug-iphonesimulator/BranchrWidgetExtensionExtension.build/BranchrWidgetExtensionExtension-generated-files.hmap -Xcc -I/Users/joedormond/Library/Developer/Xcode/DerivedData/branchr-aheaqiyakzptavfcnnusrgtfekde/Build/Intermediates.noindex/branchr.build/Debug-iphonesimulator/BranchrWidgetExtensionExtension.build/BranchrWidgetExtensionExtension-own-target-headers.hmap -Xcc -I/Users/joedormond/Library/Developer/Xcode/DerivedData/branchr-aheaqiyakzptavfcnnusrgtfekde/Build/Intermediates.noindex/branchr.build/Debug-iphonesimulator/BranchrWidgetExtensionExtension.build/BranchrWidgetExtensionExtension-all-target-headers.hmap -Xcc -iquote -Xcc /Users/joedormond/Library/Developer/Xcode/DerivedData/branchr-aheaqiyakzptavfcnnusrgtfekde/Build/Intermediates.noindex/branchr.build/Debug-iphonesimulator/BranchrWidgetExtensionExtension.build/BranchrWidgetExtensionExtension-project-headers.hmap -Xcc -I/Users/joedormond/Library/Developer/Xcode/DerivedData/branchr-aheaqiyakzptavfcnnusrgtfekde/Build/Products/Debug-iphonesimulator/include -Xcc -I/Users/joedormond/Library/Developer/Xcode/DerivedData/branchr-aheaqiyakzptavfcnnusrgtfekde/Build/Intermediates.noindex/branchr.build/Debug-iphonesimulator/BranchrWidgetExtensionExtension.build/DerivedSources-normal/x86_64 -Xcc -I/Users/joedormond/Library/Developer/Xcode/DerivedData/branchr-aheaqiyakzptavfcnnusrgtfekde/Build/Intermediates.noindex/branchr.build/Debug-iphonesimulator/BranchrWidgetExtensionExtension.build/DerivedSources/x86_64 -Xcc -I/Users/joedormond/Library/Developer/Xcode/DerivedData/branchr-aheaqiyakzptavfcnnusrgtfekde/Build/Intermediates.noindex/branchr.build/Debug-iphonesimulator/BranchrWidgetExtensionExtension.build/DerivedSources -Xcc -DDEBUG\=1 -module-name BranchrWidgetExtensionExtension -frontend-parseable-output -disable-clang-spi -target-sdk-version 18.2 -target-sdk-name iphonesimulator18.2 -external-plugin-path /Applications/Xcode.app/Contents/Developer/Platforms/iPhoneOS.platform/Developer/usr/lib/swift/host/plugins\#/Applications/Xcode.app/Contents/Developer/Platforms/iPhoneOS.platform/Developer/usr/bin/swift-plugin-server -external-plugin-path /Applications/Xcode.app/Contents/Developer/Platforms/iPhoneOS.platform/Developer/usr/local/lib/swift/host/plugins\#/Applications/Xcode.app/Contents/Developer/Platforms/iPhoneOS.platform/Developer/usr/bin/swift-plugin-server -plugin-path /Applications/Xcode.app/Contents/Developer/Toolchains/XcodeDefault.xctoolchain/usr/lib/swift/host/plugins -plugin-path /Applications/Xcode.app/Contents/Developer/Toolchains/XcodeDefault.xctoolchain/usr/local/lib/swift/host/plugins -o /Users/joedormond/Library/Developer/Xcode/DerivedData/branchr-aheaqiyakzptavfcnnusrgtfekde/Build/Intermediates.noindex/branchr.build/Debug-iphonesimulator/BranchrWidgetExtensionExtension.build/Objects-normal/x86_64/GeneratedAssetSymbols.o -index-unit-output-path /branchr.build/Debug-iphonesimulator/BranchrWidgetExtensionExtension.build/Objects-normal/x86_64/GeneratedAssetSymbols.o -index-store-path /Users/joedormond/Library/Developer/Xcode/DerivedData/branchr-aheaqiyakzptavfcnnusrgtfekde/Index.noindex/DataStore -index-system-modules

SwiftCompile normal x86_64 /Users/joedormond/Library/Developer/Xcode/DerivedData/branchr-aheaqiyakzptavfcnnusrgtfekde/Build/Intermediates.noindex/branchr.build/Debug-iphonesimulator/BranchrWidgetExtensionExtension.build/DerivedSources/GeneratedAssetSymbols.swift (in target 'BranchrWidgetExtensionExtension' from project 'branchr')
    cd /Users/joedormond/Documents/branchr
    /Applications/Xcode.app/Contents/Developer/Toolchains/XcodeDefault.xctoolchain/usr/bin/swift-frontend -c /Users/joedormond/Documents/branchr/BranchrWidgetExtension/BranchrWidget.swift /Users/joedormond/Documents/branchr/BranchrWidgetExtension/BranchrWidgetBundle.swift /Users/joedormond/Documents/branchr/BranchrWidgetExtension/SharedModels.swift -primary-file /Users/joedormond/Library/Developer/Xcode/DerivedData/branchr-aheaqiyakzptavfcnnusrgtfekde/Build/Intermediates.noindex/branchr.build/Debug-iphonesimulator/BranchrWidgetExtensionExtension.build/DerivedSources/GeneratedAssetSymbols.swift -emit-dependencies-path /Users/joedormond/Library/Developer/Xcode/DerivedData/branchr-aheaqiyakzptavfcnnusrgtfekde/Build/Intermediates.noindex/branchr.build/Debug-iphonesimulator/BranchrWidgetExtensionExtension.build/Objects-normal/x86_64/GeneratedAssetSymbols.d -emit-const-values-path /Users/joedormond/Library/Developer/Xcode/DerivedData/branchr-aheaqiyakzptavfcnnusrgtfekde/Build/Intermediates.noindex/branchr.build/Debug-iphonesimulator/BranchrWidgetExtensionExtension.build/Objects-normal/x86_64/GeneratedAssetSymbols.swiftconstvalues -emit-reference-dependencies-path /Users/joedormond/Library/Developer/Xcode/DerivedData/branchr-aheaqiyakzptavfcnnusrgtfekde/Build/Intermediates.noindex/branchr.build/Debug-iphonesimulator/BranchrWidgetExtensionExtension.build/Objects-normal/x86_64/GeneratedAssetSymbols.swiftdeps -serialize-diagnostics-path /Users/joedormond/Library/Developer/Xcode/DerivedData/branchr-aheaqiyakzptavfcnnusrgtfekde/Build/Intermediates.noindex/branchr.build/Debug-iphonesimulator/BranchrWidgetExtensionExtension.build/Objects-normal/x86_64/GeneratedAssetSymbols.dia -emit-localized-strings -emit-localized-strings-path /Users/joedormond/Library/Developer/Xcode/DerivedData/branchr-aheaqiyakzptavfcnnusrgtfekde/Build/Intermediates.noindex/branchr.build/Debug-iphonesimulator/BranchrWidgetExtensionExtension.build/Objects-normal/x86_64 -target x86_64-apple-ios18.2-simulator -enable-objc-interop -sdk /Applications/Xcode.app/Contents/Developer/Platforms/iPhoneSimulator.platform/Developer/SDKs/iPhoneSimulator18.2.sdk -I /Users/joedormond/Library/Developer/Xcode/DerivedData/branchr-aheaqiyakzptavfcnnusrgtfekde/Build/Products/Debug-iphonesimulator -F /Users/joedormond/Library/Developer/Xcode/DerivedData/branchr-aheaqiyakzptavfcnnusrgtfekde/Build/Products/Debug-iphonesimulator -no-color-diagnostics -application-extension -enable-testing -g -debug-info-format\=dwarf -dwarf-version\=5 -module-cache-path /Users/joedormond/Library/Developer/Xcode/DerivedData/ModuleCache.noindex -swift-version 5 -enforce-exclusivity\=checked -Onone -D DEBUG -serialize-debugging-options -const-gather-protocols-file /Users/joedormond/Library/Developer/Xcode/DerivedData/branchr-aheaqiyakzptavfcnnusrgtfekde/Build/Intermediates.noindex/branchr.build/Debug-iphonesimulator/BranchrWidgetExtensionExtension.build/Objects-normal/x86_64/BranchrWidgetExtensionExtension_const_extract_protocols.json -enable-experimental-feature DebugDescriptionMacro -enable-experimental-feature OpaqueTypeErasure -enable-bare-slash-regex -empty-abi-descriptor -validate-clang-modules-once -clang-build-session-file /Users/joedormond/Library/Developer/Xcode/DerivedData/ModuleCache.noindex/Session.modulevalidation -Xcc -working-directory -Xcc /Users/joedormond/Documents/branchr -resource-dir /Applications/Xcode.app/Contents/Developer/Toolchains/XcodeDefault.xctoolchain/usr/lib/swift -enable-anonymous-context-mangled-names -file-compilation-dir /Users/joedormond/Documents/branchr -Xcc -D_LIBCPP_HARDENING_MODE\=_LIBCPP_HARDENING_MODE_DEBUG -Xcc -ivfsstatcache -Xcc /Users/joedormond/Library/Developer/Xcode/DerivedData/SDKStatCaches.noindex/iphonesimulator18.2-22C146-07b28473f605e47e75261259d3ef3b5a.sdkstatcache -Xcc -I/Users/joedormond/Library/Developer/Xcode/DerivedData/branchr-aheaqiyakzptavfcnnusrgtfekde/Build/Intermediates.noindex/branchr.build/Debug-iphonesimulator/BranchrWidgetExtensionExtension.build/swift-overrides.hmap -Xcc -iquote -Xcc /Users/joedormond/Library/Developer/Xcode/DerivedData/branchr-aheaqiyakzptavfcnnusrgtfekde/Build/Intermediates.noindex/branchr.build/Debug-iphonesimulator/BranchrWidgetExtensionExtension.build/BranchrWidgetExtensionExtension-generated-files.hmap -Xcc -I/Users/joedormond/Library/Developer/Xcode/DerivedData/branchr-aheaqiyakzptavfcnnusrgtfekde/Build/Intermediates.noindex/branchr.build/Debug-iphonesimulator/BranchrWidgetExtensionExtension.build/BranchrWidgetExtensionExtension-own-target-headers.hmap -Xcc -I/Users/joedormond/Library/Developer/Xcode/DerivedData/branchr-aheaqiyakzptavfcnnusrgtfekde/Build/Intermediates.noindex/branchr.build/Debug-iphonesimulator/BranchrWidgetExtensionExtension.build/BranchrWidgetExtensionExtension-all-target-headers.hmap -Xcc -iquote -Xcc /Users/joedormond/Library/Developer/Xcode/DerivedData/branchr-aheaqiyakzptavfcnnusrgtfekde/Build/Intermediates.noindex/branchr.build/Debug-iphonesimulator/BranchrWidgetExtensionExtension.build/BranchrWidgetExtensionExtension-project-headers.hmap -Xcc -I/Users/joedormond/Library/Developer/Xcode/DerivedData/branchr-aheaqiyakzptavfcnnusrgtfekde/Build/Products/Debug-iphonesimulator/include -Xcc -I/Users/joedormond/Library/Developer/Xcode/DerivedData/branchr-aheaqiyakzptavfcnnusrgtfekde/Build/Intermediates.noindex/branchr.build/Debug-iphonesimulator/BranchrWidgetExtensionExtension.build/DerivedSources-normal/x86_64 -Xcc -I/Users/joedormond/Library/Developer/Xcode/DerivedData/branchr-aheaqiyakzptavfcnnusrgtfekde/Build/Intermediates.noindex/branchr.build/Debug-iphonesimulator/BranchrWidgetExtensionExtension.build/DerivedSources/x86_64 -Xcc -I/Users/joedormond/Library/Developer/Xcode/DerivedData/branchr-aheaqiyakzptavfcnnusrgtfekde/Build/Intermediates.noindex/branchr.build/Debug-iphonesimulator/BranchrWidgetExtensionExtension.build/DerivedSources -Xcc -DDEBUG\=1 -module-name BranchrWidgetExtensionExtension -frontend-parseable-output -disable-clang-spi -target-sdk-version 18.2 -target-sdk-name iphonesimulator18.2 -external-plugin-path /Applications/Xcode.app/Contents/Developer/Platforms/iPhoneOS.platform/Developer/usr/lib/swift/host/plugins\#/Applications/Xcode.app/Contents/Developer/Platforms/iPhoneOS.platform/Developer/usr/bin/swift-plugin-server -external-plugin-path /Applications/Xcode.app/Contents/Developer/Platforms/iPhoneOS.platform/Developer/usr/local/lib/swift/host/plugins\#/Applications/Xcode.app/Contents/Developer/Platforms/iPhoneOS.platform/Developer/usr/bin/swift-plugin-server -plugin-path /Applications/Xcode.app/Contents/Developer/Toolchains/XcodeDefault.xctoolchain/usr/lib/swift/host/plugins -plugin-path /Applications/Xcode.app/Contents/Developer/Toolchains/XcodeDefault.xctoolchain/usr/local/lib/swift/host/plugins -o /Users/joedormond/Library/Developer/Xcode/DerivedData/branchr-aheaqiyakzptavfcnnusrgtfekde/Build/Intermediates.noindex/branchr.build/Debug-iphonesimulator/BranchrWidgetExtensionExtension.build/Objects-normal/x86_64/GeneratedAssetSymbols.o -index-unit-output-path /branchr.build/Debug-iphonesimulator/BranchrWidgetExtensionExtension.build/Objects-normal/x86_64/GeneratedAssetSymbols.o -index-store-path /Users/joedormond/Library/Developer/Xcode/DerivedData/branchr-aheaqiyakzptavfcnnusrgtfekde/Index.noindex/DataStore -index-system-modules

SwiftDriverJobDiscovery normal x86_64 Compiling SharedModels.swift (in target 'BranchrWidgetExtensionExtension' from project 'branchr')

SwiftDriverJobDiscovery normal x86_64 Compiling BranchrWidgetBundle.swift (in target 'BranchrWidgetExtensionExtension' from project 'branchr')

SwiftDriverJobDiscovery normal x86_64 Emitting module for BranchrWidgetExtensionExtension (in target 'BranchrWidgetExtensionExtension' from project 'branchr')

SwiftDriverJobDiscovery normal x86_64 Compiling GeneratedAssetSymbols.swift (in target 'BranchrWidgetExtensionExtension' from project 'branchr')

SwiftDriver\ Compilation\ Requirements BranchrWidgetExtensionExtension normal x86_64 com.apple.xcode.tools.swift.compiler (in target 'BranchrWidgetExtensionExtension' from project 'branchr')
    cd /Users/joedormond/Documents/branchr
    builtin-Swift-Compilation-Requirements -- /Applications/Xcode.app/Contents/Developer/Toolchains/XcodeDefault.xctoolchain/usr/bin/swiftc -module-name BranchrWidgetExtensionExtension -Onone -enforce-exclusivity\=checked @/Users/joedormond/Library/Developer/Xcode/DerivedData/branchr-aheaqiyakzptavfcnnusrgtfekde/Build/Intermediates.noindex/branchr.build/Debug-iphonesimulator/BranchrWidgetExtensionExtension.build/Objects-normal/x86_64/BranchrWidgetExtensionExtension.SwiftFileList -DDEBUG -enable-bare-slash-regex -enable-experimental-feature DebugDescriptionMacro -sdk /Applications/Xcode.app/Contents/Developer/Platforms/iPhoneSimulator.platform/Developer/SDKs/iPhoneSimulator18.2.sdk -target x86_64-apple-ios18.2-simulator -g -module-cache-path /Users/joedormond/Library/Developer/Xcode/DerivedData/ModuleCache.noindex -Xfrontend -serialize-debugging-options -application-extension -enable-testing -index-store-path /Users/joedormond/Library/Developer/Xcode/DerivedData/branchr-aheaqiyakzptavfcnnusrgtfekde/Index.noindex/DataStore -enable-experimental-feature OpaqueTypeErasure -Xcc -D_LIBCPP_HARDENING_MODE\=_LIBCPP_HARDENING_MODE_DEBUG -swift-version 5 -I /Users/joedormond/Library/Developer/Xcode/DerivedData/branchr-aheaqiyakzptavfcnnusrgtfekde/Build/Products/Debug-iphonesimulator -F /Users/joedormond/Library/Developer/Xcode/DerivedData/branchr-aheaqiyakzptavfcnnusrgtfekde/Build/Products/Debug-iphonesimulator -emit-localized-strings -emit-localized-strings-path /Users/joedormond/Library/Developer/Xcode/DerivedData/branchr-aheaqiyakzptavfcnnusrgtfekde/Build/Intermediates.noindex/branchr.build/Debug-iphonesimulator/BranchrWidgetExtensionExtension.build/Objects-normal/x86_64 -c -j4 -enable-batch-mode -incremental -Xcc -ivfsstatcache -Xcc /Users/joedormond/Library/Developer/Xcode/DerivedData/SDKStatCaches.noindex/iphonesimulator18.2-22C146-07b28473f605e47e75261259d3ef3b5a.sdkstatcache -output-file-map /Users/joedormond/Library/Developer/Xcode/DerivedData/branchr-aheaqiyakzptavfcnnusrgtfekde/Build/Intermediates.noindex/branchr.build/Debug-iphonesimulator/BranchrWidgetExtensionExtension.build/Objects-normal/x86_64/BranchrWidgetExtensionExtension-OutputFileMap.json -use-frontend-parseable-output -save-temps -no-color-diagnostics -serialize-diagnostics -emit-dependencies -emit-module -emit-module-path /Users/joedormond/Library/Developer/Xcode/DerivedData/branchr-aheaqiyakzptavfcnnusrgtfekde/Build/Intermediates.noindex/branchr.build/Debug-iphonesimulator/BranchrWidgetExtensionExtension.build/Objects-normal/x86_64/BranchrWidgetExtensionExtension.swiftmodule -validate-clang-modules-once -clang-build-session-file /Users/joedormond/Library/Developer/Xcode/DerivedData/ModuleCache.noindex/Session.modulevalidation -Xcc -I/Users/joedormond/Library/Developer/Xcode/DerivedData/branchr-aheaqiyakzptavfcnnusrgtfekde/Build/Intermediates.noindex/branchr.build/Debug-iphonesimulator/BranchrWidgetExtensionExtension.build/swift-overrides.hmap -emit-const-values -Xfrontend -const-gather-protocols-file -Xfrontend /Users/joedormond/Library/Developer/Xcode/DerivedData/branchr-aheaqiyakzptavfcnnusrgtfekde/Build/Intermediates.noindex/branchr.build/Debug-iphonesimulator/BranchrWidgetExtensionExtension.build/Objects-normal/x86_64/BranchrWidgetExtensionExtension_const_extract_protocols.json -Xcc -iquote -Xcc /Users/joedormond/Library/Developer/Xcode/DerivedData/branchr-aheaqiyakzptavfcnnusrgtfekde/Build/Intermediates.noindex/branchr.build/Debug-iphonesimulator/BranchrWidgetExtensionExtension.build/BranchrWidgetExtensionExtension-generated-files.hmap -Xcc -I/Users/joedormond/Library/Developer/Xcode/DerivedData/branchr-aheaqiyakzptavfcnnusrgtfekde/Build/Intermediates.noindex/branchr.build/Debug-iphonesimulator/BranchrWidgetExtensionExtension.build/BranchrWidgetExtensionExtension-own-target-headers.hmap -Xcc -I/Users/joedormond/Library/Developer/Xcode/DerivedData/branchr-aheaqiyakzptavfcnnusrgtfekde/Build/Intermediates.noindex/branchr.build/Debug-iphonesimulator/BranchrWidgetExtensionExtension.build/BranchrWidgetExtensionExtension-all-target-headers.hmap -Xcc -iquote -Xcc /Users/joedormond/Library/Developer/Xcode/DerivedData/branchr-aheaqiyakzptavfcnnusrgtfekde/Build/Intermediates.noindex/branchr.build/Debug-iphonesimulator/BranchrWidgetExtensionExtension.build/BranchrWidgetExtensionExtension-project-headers.hmap -Xcc -I/Users/joedormond/Library/Developer/Xcode/DerivedData/branchr-aheaqiyakzptavfcnnusrgtfekde/Build/Products/Debug-iphonesimulator/include -Xcc -I/Users/joedormond/Library/Developer/Xcode/DerivedData/branchr-aheaqiyakzptavfcnnusrgtfekde/Build/Intermediates.noindex/branchr.build/Debug-iphonesimulator/BranchrWidgetExtensionExtension.build/DerivedSources-normal/x86_64 -Xcc -I/Users/joedormond/Library/Developer/Xcode/DerivedData/branchr-aheaqiyakzptavfcnnusrgtfekde/Build/Intermediates.noindex/branchr.build/Debug-iphonesimulator/BranchrWidgetExtensionExtension.build/DerivedSources/x86_64 -Xcc -I/Users/joedormond/Library/Developer/Xcode/DerivedData/branchr-aheaqiyakzptavfcnnusrgtfekde/Build/Intermediates.noindex/branchr.build/Debug-iphonesimulator/BranchrWidgetExtensionExtension.build/DerivedSources -Xcc -DDEBUG\=1 -emit-objc-header -emit-objc-header-path /Users/joedormond/Library/Developer/Xcode/DerivedData/branchr-aheaqiyakzptavfcnnusrgtfekde/Build/Intermediates.noindex/branchr.build/Debug-iphonesimulator/BranchrWidgetExtensionExtension.build/Objects-normal/x86_64/BranchrWidgetExtensionExtension-Swift.h -working-directory /Users/joedormond/Documents/branchr -experimental-emit-module-separately -disable-cmo

SwiftMergeGeneratedHeaders /Users/joedormond/Library/Developer/Xcode/DerivedData/branchr-aheaqiyakzptavfcnnusrgtfekde/Build/Intermediates.noindex/branchr.build/Debug-iphonesimulator/BranchrWidgetExtensionExtension.build/DerivedSources/BranchrWidgetExtensionExtension-Swift.h /Users/joedormond/Library/Developer/Xcode/DerivedData/branchr-aheaqiyakzptavfcnnusrgtfekde/Build/Intermediates.noindex/branchr.build/Debug-iphonesimulator/BranchrWidgetExtensionExtension.build/Objects-normal/x86_64/BranchrWidgetExtensionExtension-Swift.h (in target 'BranchrWidgetExtensionExtension' from project 'branchr')
    cd /Users/joedormond/Documents/branchr
    builtin-swiftHeaderTool -arch x86_64 /Users/joedormond/Library/Developer/Xcode/DerivedData/branchr-aheaqiyakzptavfcnnusrgtfekde/Build/Intermediates.noindex/branchr.build/Debug-iphonesimulator/BranchrWidgetExtensionExtension.build/Objects-normal/x86_64/BranchrWidgetExtensionExtension-Swift.h -o /Users/joedormond/Library/Developer/Xcode/DerivedData/branchr-aheaqiyakzptavfcnnusrgtfekde/Build/Intermediates.noindex/branchr.build/Debug-iphonesimulator/BranchrWidgetExtensionExtension.build/DerivedSources/BranchrWidgetExtensionExtension-Swift.h

Copy /Users/joedormond/Library/Developer/Xcode/DerivedData/branchr-aheaqiyakzptavfcnnusrgtfekde/Build/Products/Debug-iphonesimulator/BranchrWidgetExtensionExtension.swiftmodule/x86_64-apple-ios-simulator.swiftmodule /Users/joedormond/Library/Developer/Xcode/DerivedData/branchr-aheaqiyakzptavfcnnusrgtfekde/Build/Intermediates.noindex/branchr.build/Debug-iphonesimulator/BranchrWidgetExtensionExtension.build/Objects-normal/x86_64/BranchrWidgetExtensionExtension.swiftmodule (in target 'BranchrWidgetExtensionExtension' from project 'branchr')
    cd /Users/joedormond/Documents/branchr
    builtin-copy -exclude .DS_Store -exclude CVS -exclude .svn -exclude .git -exclude .hg -resolve-src-symlinks -rename /Users/joedormond/Library/Developer/Xcode/DerivedData/branchr-aheaqiyakzptavfcnnusrgtfekde/Build/Intermediates.noindex/branchr.build/Debug-iphonesimulator/BranchrWidgetExtensionExtension.build/Objects-normal/x86_64/BranchrWidgetExtensionExtension.swiftmodule /Users/joedormond/Library/Developer/Xcode/DerivedData/branchr-aheaqiyakzptavfcnnusrgtfekde/Build/Products/Debug-iphonesimulator/BranchrWidgetExtensionExtension.swiftmodule/x86_64-apple-ios-simulator.swiftmodule

Copy /Users/joedormond/Library/Developer/Xcode/DerivedData/branchr-aheaqiyakzptavfcnnusrgtfekde/Build/Products/Debug-iphonesimulator/BranchrWidgetExtensionExtension.swiftmodule/x86_64-apple-ios-simulator.abi.json /Users/joedormond/Library/Developer/Xcode/DerivedData/branchr-aheaqiyakzptavfcnnusrgtfekde/Build/Intermediates.noindex/branchr.build/Debug-iphonesimulator/BranchrWidgetExtensionExtension.build/Objects-normal/x86_64/BranchrWidgetExtensionExtension.abi.json (in target 'BranchrWidgetExtensionExtension' from project 'branchr')
    cd /Users/joedormond/Documents/branchr
    builtin-copy -exclude .DS_Store -exclude CVS -exclude .svn -exclude .git -exclude .hg -resolve-src-symlinks -rename /Users/joedormond/Library/Developer/Xcode/DerivedData/branchr-aheaqiyakzptavfcnnusrgtfekde/Build/Intermediates.noindex/branchr.build/Debug-iphonesimulator/BranchrWidgetExtensionExtension.build/Objects-normal/x86_64/BranchrWidgetExtensionExtension.abi.json /Users/joedormond/Library/Developer/Xcode/DerivedData/branchr-aheaqiyakzptavfcnnusrgtfekde/Build/Products/Debug-iphonesimulator/BranchrWidgetExtensionExtension.swiftmodule/x86_64-apple-ios-simulator.abi.json

Copy /Users/joedormond/Library/Developer/Xcode/DerivedData/branchr-aheaqiyakzptavfcnnusrgtfekde/Build/Products/Debug-iphonesimulator/BranchrWidgetExtensionExtension.swiftmodule/x86_64-apple-ios-simulator.swiftdoc /Users/joedormond/Library/Developer/Xcode/DerivedData/branchr-aheaqiyakzptavfcnnusrgtfekde/Build/Intermediates.noindex/branchr.build/Debug-iphonesimulator/BranchrWidgetExtensionExtension.build/Objects-normal/x86_64/BranchrWidgetExtensionExtension.swiftdoc (in target 'BranchrWidgetExtensionExtension' from project 'branchr')
    cd /Users/joedormond/Documents/branchr
    builtin-copy -exclude .DS_Store -exclude CVS -exclude .svn -exclude .git -exclude .hg -resolve-src-symlinks -rename /Users/joedormond/Library/Developer/Xcode/DerivedData/branchr-aheaqiyakzptavfcnnusrgtfekde/Build/Intermediates.noindex/branchr.build/Debug-iphonesimulator/BranchrWidgetExtensionExtension.build/Objects-normal/x86_64/BranchrWidgetExtensionExtension.swiftdoc /Users/joedormond/Library/Developer/Xcode/DerivedData/branchr-aheaqiyakzptavfcnnusrgtfekde/Build/Products/Debug-iphonesimulator/BranchrWidgetExtensionExtension.swiftmodule/x86_64-apple-ios-simulator.swiftdoc

Copy /Users/joedormond/Library/Developer/Xcode/DerivedData/branchr-aheaqiyakzptavfcnnusrgtfekde/Build/Products/Debug-iphonesimulator/BranchrWidgetExtensionExtension.swiftmodule/Project/x86_64-apple-ios-simulator.swiftsourceinfo /Users/joedormond/Library/Developer/Xcode/DerivedData/branchr-aheaqiyakzptavfcnnusrgtfekde/Build/Intermediates.noindex/branchr.build/Debug-iphonesimulator/BranchrWidgetExtensionExtension.build/Objects-normal/x86_64/BranchrWidgetExtensionExtension.swiftsourceinfo (in target 'BranchrWidgetExtensionExtension' from project 'branchr')
    cd /Users/joedormond/Documents/branchr
    builtin-copy -exclude .DS_Store -exclude CVS -exclude .svn -exclude .git -exclude .hg -resolve-src-symlinks -rename /Users/joedormond/Library/Developer/Xcode/DerivedData/branchr-aheaqiyakzptavfcnnusrgtfekde/Build/Intermediates.noindex/branchr.build/Debug-iphonesimulator/BranchrWidgetExtensionExtension.build/Objects-normal/x86_64/BranchrWidgetExtensionExtension.swiftsourceinfo /Users/joedormond/Library/Developer/Xcode/DerivedData/branchr-aheaqiyakzptavfcnnusrgtfekde/Build/Products/Debug-iphonesimulator/BranchrWidgetExtensionExtension.swiftmodule/Project/x86_64-apple-ios-simulator.swiftsourceinfo

ProcessProductPackaging /Users/joedormond/Documents/branchr/branchr/branchrDebug.entitlements /Users/joedormond/Library/Developer/Xcode/DerivedData/branchr-aheaqiyakzptavfcnnusrgtfekde/Build/Intermediates.noindex/branchr.build/Debug-iphonesimulator/branchr.build/branchr.app.xcent (in target 'branchr' from project 'branchr')
    cd /Users/joedormond/Documents/branchr
    
    Entitlements:
    
    {
}
    
    builtin-productPackagingUtility /Users/joedormond/Documents/branchr/branchr/branchrDebug.entitlements -entitlements -format xml -o /Users/joedormond/Library/Developer/Xcode/DerivedData/branchr-aheaqiyakzptavfcnnusrgtfekde/Build/Intermediates.noindex/branchr.build/Debug-iphonesimulator/branchr.build/branchr.app.xcent

ProcessProductPackaging /Users/joedormond/Documents/branchr/branchr/branchrDebug.entitlements /Users/joedormond/Library/Developer/Xcode/DerivedData/branchr-aheaqiyakzptavfcnnusrgtfekde/Build/Intermediates.noindex/branchr.build/Debug-iphonesimulator/branchr.build/branchr.app-Simulated.xcent (in target 'branchr' from project 'branchr')
    cd /Users/joedormond/Documents/branchr
    
    Entitlements:
    
    {
    "application-identifier" = "69Y49KN8KD.com.joedormond.branchr2025";
    "aps-environment" = development;
    "com.apple.developer.applesignin" =     (
        Default
    );
    "com.apple.developer.icloud-container-identifiers" =     (
    );
    "com.apple.developer.icloud-services" =     (
        CloudKit
    );
    "com.apple.developer.music-user-token" = 1;
    "com.apple.developer.music.subscription-service" = 1;
    "com.apple.developer.team-identifier" = 69Y49KN8KD;
    "com.apple.security.application-groups" =     (
        "group.com.joedormond.branchr2025"
    );
}
    
    builtin-productPackagingUtility /Users/joedormond/Documents/branchr/branchr/branchrDebug.entitlements -entitlements -format xml -o /Users/joedormond/Library/Developer/Xcode/DerivedData/branchr-aheaqiyakzptavfcnnusrgtfekde/Build/Intermediates.noindex/branchr.build/Debug-iphonesimulator/branchr.build/branchr.app-Simulated.xcent

ProcessProductPackagingDER /Users/joedormond/Library/Developer/Xcode/DerivedData/branchr-aheaqiyakzptavfcnnusrgtfekde/Build/Intermediates.noindex/branchr.build/Debug-iphonesimulator/branchr.build/branchr.app.xcent /Users/joedormond/Library/Developer/Xcode/DerivedData/branchr-aheaqiyakzptavfcnnusrgtfekde/Build/Intermediates.noindex/branchr.build/Debug-iphonesimulator/branchr.build/branchr.app.xcent.der (in target 'branchr' from project 'branchr')
    cd /Users/joedormond/Documents/branchr
    /usr/bin/derq query -f xml -i /Users/joedormond/Library/Developer/Xcode/DerivedData/branchr-aheaqiyakzptavfcnnusrgtfekde/Build/Intermediates.noindex/branchr.build/Debug-iphonesimulator/branchr.build/branchr.app.xcent -o /Users/joedormond/Library/Developer/Xcode/DerivedData/branchr-aheaqiyakzptavfcnnusrgtfekde/Build/Intermediates.noindex/branchr.build/Debug-iphonesimulator/branchr.build/branchr.app.xcent.der --raw

ProcessProductPackagingDER /Users/joedormond/Library/Developer/Xcode/DerivedData/branchr-aheaqiyakzptavfcnnusrgtfekde/Build/Intermediates.noindex/branchr.build/Debug-iphonesimulator/branchr.build/branchr.app-Simulated.xcent /Users/joedormond/Library/Developer/Xcode/DerivedData/branchr-aheaqiyakzptavfcnnusrgtfekde/Build/Intermediates.noindex/branchr.build/Debug-iphonesimulator/branchr.build/branchr.app-Simulated.xcent.der (in target 'branchr' from project 'branchr')
    cd /Users/joedormond/Documents/branchr
    /usr/bin/derq query -f xml -i /Users/joedormond/Library/Developer/Xcode/DerivedData/branchr-aheaqiyakzptavfcnnusrgtfekde/Build/Intermediates.noindex/branchr.build/Debug-iphonesimulator/branchr.build/branchr.app-Simulated.xcent -o /Users/joedormond/Library/Developer/Xcode/DerivedData/branchr-aheaqiyakzptavfcnnusrgtfekde/Build/Intermediates.noindex/branchr.build/Debug-iphonesimulator/branchr.build/branchr.app-Simulated.xcent.der --raw

GenerateAssetSymbols /Users/joedormond/Documents/branchr/Assets.xcassets /Users/joedormond/Documents/branchr/branchr-ios/branchr/Preview\ Content/Preview\ Assets.xcassets (in target 'branchr' from project 'branchr')
    cd /Users/joedormond/Documents/branchr
    /Applications/Xcode.app/Contents/Developer/usr/bin/actool --output-format human-readable-text --notices --warnings --export-dependency-info /Users/joedormond/Library/Developer/Xcode/DerivedData/branchr-aheaqiyakzptavfcnnusrgtfekde/Build/Intermediates.noindex/branchr.build/Debug-iphonesimulator/branchr.build/assetcatalog_dependencies --output-partial-info-plist /Users/joedormond/Library/Developer/Xcode/DerivedData/branchr-aheaqiyakzptavfcnnusrgtfekde/Build/Intermediates.noindex/branchr.build/Debug-iphonesimulator/branchr.build/assetcatalog_generated_info.plist --app-icon AppIcon --accent-color AccentColor --compress-pngs --enable-on-demand-resources YES --development-region en --target-device iphone --target-device ipad --minimum-deployment-target 18.2 --platform iphonesimulator --compile /Users/joedormond/Library/Developer/Xcode/DerivedData/branchr-aheaqiyakzptavfcnnusrgtfekde/Build/Products/Debug-iphonesimulator/branchr.app /Users/joedormond/Documents/branchr/Assets.xcassets /Users/joedormond/Documents/branchr/branchr-ios/branchr/Preview\ Content/Preview\ Assets.xcassets --bundle-identifier com.joedormond.branchr2025 --generate-swift-asset-symbols /Users/joedormond/Library/Developer/Xcode/DerivedData/branchr-aheaqiyakzptavfcnnusrgtfekde/Build/Intermediates.noindex/branchr.build/Debug-iphonesimulator/branchr.build/DerivedSources/GeneratedAssetSymbols.swift --generate-objc-asset-symbols /Users/joedormond/Library/Developer/Xcode/DerivedData/branchr-aheaqiyakzptavfcnnusrgtfekde/Build/Intermediates.noindex/branchr.build/Debug-iphonesimulator/branchr.build/DerivedSources/GeneratedAssetSymbols.h --generate-asset-symbol-index /Users/joedormond/Library/Developer/Xcode/DerivedData/branchr-aheaqiyakzptavfcnnusrgtfekde/Build/Intermediates.noindex/branchr.build/Debug-iphonesimulator/branchr.build/DerivedSources/GeneratedAssetSymbols-Index.plist
/* com.apple.actool.compilation-results */
/Users/joedormond/Library/Developer/Xcode/DerivedData/branchr-aheaqiyakzptavfcnnusrgtfekde/Build/Intermediates.noindex/branchr.build/Debug-iphonesimulator/branchr.build/DerivedSources/GeneratedAssetSymbols-Index.plist
/Users/joedormond/Library/Developer/Xcode/DerivedData/branchr-aheaqiyakzptavfcnnusrgtfekde/Build/Intermediates.noindex/branchr.build/Debug-iphonesimulator/branchr.build/DerivedSources/GeneratedAssetSymbols.h
/Users/joedormond/Library/Developer/Xcode/DerivedData/branchr-aheaqiyakzptavfcnnusrgtfekde/Build/Intermediates.noindex/branchr.build/Debug-iphonesimulator/branchr.build/DerivedSources/GeneratedAssetSymbols.swift


MkDir /Users/joedormond/Library/Developer/Xcode/DerivedData/branchr-aheaqiyakzptavfcnnusrgtfekde/Build/Intermediates.noindex/branchr.build/Debug-iphonesimulator/branchr.build/assetcatalog_output/thinned (in target 'branchr' from project 'branchr')
    cd /Users/joedormond/Documents/branchr
    /bin/mkdir -p /Users/joedormond/Library/Developer/Xcode/DerivedData/branchr-aheaqiyakzptavfcnnusrgtfekde/Build/Intermediates.noindex/branchr.build/Debug-iphonesimulator/branchr.build/assetcatalog_output/thinned

MkDir /Users/joedormond/Library/Developer/Xcode/DerivedData/branchr-aheaqiyakzptavfcnnusrgtfekde/Build/Intermediates.noindex/branchr.build/Debug-iphonesimulator/branchr.build/assetcatalog_output/unthinned (in target 'branchr' from project 'branchr')
    cd /Users/joedormond/Documents/branchr
    /bin/mkdir -p /Users/joedormond/Library/Developer/Xcode/DerivedData/branchr-aheaqiyakzptavfcnnusrgtfekde/Build/Intermediates.noindex/branchr.build/Debug-iphonesimulator/branchr.build/assetcatalog_output/unthinned

CompileAssetCatalogVariant thinned /Users/joedormond/Library/Developer/Xcode/DerivedData/branchr-aheaqiyakzptavfcnnusrgtfekde/Build/Products/Debug-iphonesimulator/branchr.app /Users/joedormond/Documents/branchr/Assets.xcassets /Users/joedormond/Documents/branchr/branchr-ios/branchr/Preview\ Content/Preview\ Assets.xcassets (in target 'branchr' from project 'branchr')
    cd /Users/joedormond/Documents/branchr
    /Applications/Xcode.app/Contents/Developer/usr/bin/actool --output-format human-readable-text --notices --warnings --export-dependency-info /Users/joedormond/Library/Developer/Xcode/DerivedData/branchr-aheaqiyakzptavfcnnusrgtfekde/Build/Intermediates.noindex/branchr.build/Debug-iphonesimulator/branchr.build/assetcatalog_dependencies_thinned --output-partial-info-plist /Users/joedormond/Library/Developer/Xcode/DerivedData/branchr-aheaqiyakzptavfcnnusrgtfekde/Build/Intermediates.noindex/branchr.build/Debug-iphonesimulator/branchr.build/assetcatalog_generated_info.plist --app-icon AppIcon --accent-color AccentColor --compress-pngs --enable-on-demand-resources YES --filter-for-thinning-device-configuration iPhone17,1 --filter-for-device-os-version 18.3.1 --development-region en --target-device iphone --target-device ipad --minimum-deployment-target 18.2 --platform iphonesimulator --compile /Users/joedormond/Library/Developer/Xcode/DerivedData/branchr-aheaqiyakzptavfcnnusrgtfekde/Build/Intermediates.noindex/branchr.build/Debug-iphonesimulator/branchr.build/assetcatalog_output/thinned /Users/joedormond/Documents/branchr/Assets.xcassets /Users/joedormond/Documents/branchr/branchr-ios/branchr/Preview\ Content/Preview\ Assets.xcassets
/* com.apple.actool.compilation-results */
/Users/joedormond/Library/Developer/Xcode/DerivedData/branchr-aheaqiyakzptavfcnnusrgtfekde/Build/Intermediates.noindex/branchr.build/Debug-iphonesimulator/branchr.build/assetcatalog_generated_info.plist
/Users/joedormond/Library/Developer/Xcode/DerivedData/branchr-aheaqiyakzptavfcnnusrgtfekde/Build/Intermediates.noindex/branchr.build/Debug-iphonesimulator/branchr.build/assetcatalog_output/thinned/AppIcon60x60@2x.png
/Users/joedormond/Library/Developer/Xcode/DerivedData/branchr-aheaqiyakzptavfcnnusrgtfekde/Build/Intermediates.noindex/branchr.build/Debug-iphonesimulator/branchr.build/assetcatalog_output/thinned/AppIcon76x76@2x~ipad.png
/Users/joedormond/Library/Developer/Xcode/DerivedData/branchr-aheaqiyakzptavfcnnusrgtfekde/Build/Intermediates.noindex/branchr.build/Debug-iphonesimulator/branchr.build/assetcatalog_output/thinned/Assets.car


SwiftDriver branchr normal x86_64 com.apple.xcode.tools.swift.compiler (in target 'branchr' from project 'branchr')
    cd /Users/joedormond/Documents/branchr
    builtin-SwiftDriver -- /Applications/Xcode.app/Contents/Developer/Toolchains/XcodeDefault.xctoolchain/usr/bin/swiftc -module-name branchr -Onone -enforce-exclusivity\=checked @/Users/joedormond/Library/Developer/Xcode/DerivedData/branchr-aheaqiyakzptavfcnnusrgtfekde/Build/Intermediates.noindex/branchr.build/Debug-iphonesimulator/branchr.build/Objects-normal/x86_64/branchr.SwiftFileList -DDEBUG -enable-bare-slash-regex -enable-experimental-feature DebugDescriptionMacro -sdk /Applications/Xcode.app/Contents/Developer/Platforms/iPhoneSimulator.platform/Developer/SDKs/iPhoneSimulator18.2.sdk -target x86_64-apple-ios18.2-simulator -g -module-cache-path /Users/joedormond/Library/Developer/Xcode/DerivedData/ModuleCache.noindex -Xfrontend -serialize-debugging-options -enable-testing -index-store-path /Users/joedormond/Library/Developer/Xcode/DerivedData/branchr-aheaqiyakzptavfcnnusrgtfekde/Index.noindex/DataStore -enable-experimental-feature OpaqueTypeErasure -Xcc -D_LIBCPP_HARDENING_MODE\=_LIBCPP_HARDENING_MODE_DEBUG -swift-version 5 -I /Users/joedormond/Library/Developer/Xcode/DerivedData/branchr-aheaqiyakzptavfcnnusrgtfekde/Build/Products/Debug-iphonesimulator -F /Users/joedormond/Library/Developer/Xcode/DerivedData/branchr-aheaqiyakzptavfcnnusrgtfekde/Build/Products/Debug-iphonesimulator -emit-localized-strings -emit-localized-strings-path /Users/joedormond/Library/Developer/Xcode/DerivedData/branchr-aheaqiyakzptavfcnnusrgtfekde/Build/Intermediates.noindex/branchr.build/Debug-iphonesimulator/branchr.build/Objects-normal/x86_64 -c -j4 -enable-batch-mode -incremental -Xcc -ivfsstatcache -Xcc /Users/joedormond/Library/Developer/Xcode/DerivedData/SDKStatCaches.noindex/iphonesimulator18.2-22C146-07b28473f605e47e75261259d3ef3b5a.sdkstatcache -output-file-map /Users/joedormond/Library/Developer/Xcode/DerivedData/branchr-aheaqiyakzptavfcnnusrgtfekde/Build/Intermediates.noindex/branchr.build/Debug-iphonesimulator/branchr.build/Objects-normal/x86_64/branchr-OutputFileMap.json -use-frontend-parseable-output -save-temps -no-color-diagnostics -serialize-diagnostics -emit-dependencies -emit-module -emit-module-path /Users/joedormond/Library/Developer/Xcode/DerivedData/branchr-aheaqiyakzptavfcnnusrgtfekde/Build/Intermediates.noindex/branchr.build/Debug-iphonesimulator/branchr.build/Objects-normal/x86_64/branchr.swiftmodule -validate-clang-modules-once -clang-build-session-file /Users/joedormond/Library/Developer/Xcode/DerivedData/ModuleCache.noindex/Session.modulevalidation -Xcc -I/Users/joedormond/Library/Developer/Xcode/DerivedData/branchr-aheaqiyakzptavfcnnusrgtfekde/Build/Intermediates.noindex/branchr.build/Debug-iphonesimulator/branchr.build/swift-overrides.hmap -emit-const-values -Xfrontend -const-gather-protocols-file -Xfrontend /Users/joedormond/Library/Developer/Xcode/DerivedData/branchr-aheaqiyakzptavfcnnusrgtfekde/Build/Intermediates.noindex/branchr.build/Debug-iphonesimulator/branchr.build/Objects-normal/x86_64/branchr_const_extract_protocols.json -Xcc -iquote -Xcc /Users/joedormond/Library/Developer/Xcode/DerivedData/branchr-aheaqiyakzptavfcnnusrgtfekde/Build/Intermediates.noindex/branchr.build/Debug-iphonesimulator/branchr.build/branchr-generated-files.hmap -Xcc -I/Users/joedormond/Library/Developer/Xcode/DerivedData/branchr-aheaqiyakzptavfcnnusrgtfekde/Build/Intermediates.noindex/branchr.build/Debug-iphonesimulator/branchr.build/branchr-own-target-headers.hmap -Xcc -I/Users/joedormond/Library/Developer/Xcode/DerivedData/branchr-aheaqiyakzptavfcnnusrgtfekde/Build/Intermediates.noindex/branchr.build/Debug-iphonesimulator/branchr.build/branchr-all-target-headers.hmap -Xcc -iquote -Xcc /Users/joedormond/Library/Developer/Xcode/DerivedData/branchr-aheaqiyakzptavfcnnusrgtfekde/Build/Intermediates.noindex/branchr.build/Debug-iphonesimulator/branchr.build/branchr-project-headers.hmap -Xcc -I/Users/joedormond/Library/Developer/Xcode/DerivedData/branchr-aheaqiyakzptavfcnnusrgtfekde/Build/Products/Debug-iphonesimulator/include -Xcc -I/Users/joedormond/Library/Developer/Xcode/DerivedData/branchr-aheaqiyakzptavfcnnusrgtfekde/Build/Intermediates.noindex/branchr.build/Debug-iphonesimulator/branchr.build/DerivedSources-normal/x86_64 -Xcc -I/Users/joedormond/Library/Developer/Xcode/DerivedData/branchr-aheaqiyakzptavfcnnusrgtfekde/Build/Intermediates.noindex/branchr.build/Debug-iphonesimulator/branchr.build/DerivedSources/x86_64 -Xcc -I/Users/joedormond/Library/Developer/Xcode/DerivedData/branchr-aheaqiyakzptavfcnnusrgtfekde/Build/Intermediates.noindex/branchr.build/Debug-iphonesimulator/branchr.build/DerivedSources -Xcc -DDEBUG\=1 -emit-objc-header -emit-objc-header-path /Users/joedormond/Library/Developer/Xcode/DerivedData/branchr-aheaqiyakzptavfcnnusrgtfekde/Build/Intermediates.noindex/branchr.build/Debug-iphonesimulator/branchr.build/Objects-normal/x86_64/branchr-Swift.h -working-directory /Users/joedormond/Documents/branchr -experimental-emit-module-separately -disable-cmo

SwiftCompile normal x86_64 Compiling\ AutoModeDetectionService.swift,\ BranchrButton.swift,\ BranchrColor.swift,\ CalorieCalculator.swift,\ CommandProcessor.swift,\ GestureControlService.swift,\ GroupSessionManager.swift,\ HapticsService.swift,\ HostDJController.swift,\ HUDManager.swift,\ LocationTrackingService.swift,\ ModeConfiguration.swift,\ ModeManager.swift,\ MotionDetectionService.swift,\ MusicKitService.swift,\ MusicService.swift,\ MusicSyncService.swift /Users/joedormond/Documents/branchr/Services/AutoModeDetectionService.swift /Users/joedormond/Documents/branchr/Services/BranchrButton.swift /Users/joedormond/Documents/branchr/Services/BranchrColor.swift /Users/joedormond/Documents/branchr/Services/CalorieCalculator.swift /Users/joedormond/Documents/branchr/Services/CommandProcessor.swift /Users/joedormond/Documents/branchr/Services/GestureControlService.swift /Users/joedormond/Documents/branchr/Services/GroupSessionManager.swift /Users/joedormond/Documents/branchr/Services/HapticsService.swift /Users/joedormond/Documents/branchr/Services/HostDJController.swift /Users/joedormond/Documents/branchr/Services/HUDManager.swift /Users/joedormond/Documents/branchr/Services/LocationTrackingService.swift /Users/joedormond/Documents/branchr/Services/ModeConfiguration.swift /Users/joedormond/Documents/branchr/Services/ModeManager.swift /Users/joedormond/Documents/branchr/Services/MotionDetectionService.swift /Users/joedormond/Documents/branchr/Services/MusicKitService.swift /Users/joedormond/Documents/branchr/Services/MusicService.swift /Users/joedormond/Documents/branchr/Services/MusicSyncService.swift (in target 'branchr' from project 'branchr')
    cd /Users/joedormond/Documents/branchr
    builtin-swiftTaskExecution -- /Applications/Xcode.app/Contents/Developer/Toolchains/XcodeDefault.xctoolchain/usr/bin/swift-frontend -frontend -c /Users/joedormond/Documents/branchr/branchrApp.swift /Users/joedormond/Documents/branchr/App/BranchrAppRoot.swift /Users/joedormond/Documents/branchr/App/FloatingActionMenu.swift /Users/joedormond/Documents/branchr/Services/AchievementTracker.swift /Users/joedormond/Documents/branchr/Services/AIInsightService.swift /Users/joedormond/Documents/branchr/Services/AINoiseControlService.swift /Users/joedormond/Documents/branchr/Services/AudioManager.swift /Users/joedormond/Documents/branchr/Views/DJ/DJControlSheetView.swift /Users/joedormond/Documents/branchr/Views/Home/HomeView.swift /Users/joedormond/Documents/branchr/Views/Home/ModeStatusBannerView.swift /Users/joedormond/Documents/branchr/Views/Ride/CloudStatusBannerView.swift /Users/joedormond/Documents/branchr/Views/Ride/RideHistoryView.swift /Users/joedormond/Documents/branchr/Views/Ride/RideMapView.swift /Users/joedormond/Documents/branchr/Views/Ride/RideSummaryView.swift /Users/joedormond/Documents/branchr/Views/Settings/ModeSelectionView.swift /Users/joedormond/Documents/branchr/Views/Settings/SafetyControlView.swift /Users/joedormond/Documents/branchr/Views/Settings/SettingsView.swift /Users/joedormond/Documents/branchr/Views/SharedComponents/SectionCard.swift /Users/joedormond/Documents/branchr/Views/Splash/LaunchAnimationView.swift /Users/joedormond/Documents/branchr/Views/Splash/LaunchBikeRiderView.swift /Users/joedormond/Documents/branchr/Views/Voice/DJControlView.swift /Users/joedormond/Documents/branchr/Views/Voice/MusicStatusBannerView.swift /Users/joedormond/Documents/branchr/Views/Voice/VoiceSettingsView.swift /Users/joedormond/Documents/branchr/Views/AudioControlView.swift /Users/joedormond/Documents/branchr/Views/GroupRideView.swift /Users/joedormond/Documents/branchr/Views/MapComponents.swift /Users/joedormond/Documents/branchr/Views/RideCalendarView.swift /Users/joedormond/Documents/branchr/Views/RideDayDetailView.swift /Users/joedormond/Documents/branchr/Views/RideHUDView.swift /Users/joedormond/Documents/branchr/Views/RideInsightsView.swift /Users/joedormond/Documents/branchr/Views/RidePromptView.swift /Users/joedormond/Documents/branchr/Views/SongRequestSheet.swift /Users/joedormond/Documents/branchr/Views/WeightSettingsView.swift /Users/joedormond/Documents/branchr/Services/AudioMixerService.swift -primary-file /Users/joedormond/Documents/branchr/Services/AutoModeDetectionService.swift -primary-file /Users/joedormond/Documents/branchr/Services/BranchrButton.swift -primary-file /Users/joedormond/Documents/branchr/Services/BranchrColor.swift -primary-file /Users/joedormond/Documents/branchr/Services/CalorieCalculator.swift -primary-file /Users/joedormond/Documents/branchr/Services/CommandProcessor.swift -primary-file /Users/joedormond/Documents/branchr/Services/GestureControlService.swift -primary-file /Users/joedormond/Documents/branchr/Services/GroupSessionManager.swift -primary-file /Users/joedormond/Documents/branchr/Services/HapticsService.swift -primary-file /Users/joedormond/Documents/branchr/Services/HostDJController.swift -primary-file /Users/joedormond/Documents/branchr/Services/HUDManager.swift -primary-file /Users/joedormond/Documents/branchr/Services/LocationTrackingService.swift -primary-file /Users/joedormond/Documents/branchr/Services/ModeConfiguration.swift -primary-file /Users/joedormond/Documents/branchr/Services/ModeManager.swift -primary-file /Users/joedormond/Documents/branchr/Services/MotionDetectionService.swift -primary-file /Users/joedormond/Documents/branchr/Services/MusicKitService.swift -primary-file /Users/joedormond/Documents/branchr/Services/MusicService.swift -primary-file /Users/joedormond/Documents/branchr/Services/MusicSyncService.swift /Users/joedormond/Documents/branchr/Services/PandoraIntegrationService.swift /Users/joedormond/Documents/branchr/Services/PeerConnectionService.swift /Users/joedormond/Documents/branchr/Services/RideCloudSyncService.swift /Users/joedormond/Documents/branchr/Services/RideDataManager.swift /Users/joedormond/Documents/branchr/Services/SongRequestManager.swift /Users/joedormond/Documents/branchr/Services/SpeechCommandService.swift /Users/joedormond/Documents/branchr/Services/ThemeManager.swift /Users/joedormond/Documents/branchr/Services/UserPreferenceManager.swift /Users/joedormond/Documents/branchr/Services/UserPreferenceSyncManager.swift /Users/joedormond/Documents/branchr/Services/VoiceActivationService.swift /Users/joedormond/Documents/branchr/Services/VoiceAssistantService.swift /Users/joedormond/Documents/branchr/Services/VoiceChatService.swift /Users/joedormond/Documents/branchr/Services/VoiceResponseManager.swift /Users/joedormond/Documents/branchr/Services/VoiceSongRequestService.swift /Users/joedormond/Documents/branchr/Services/WatchConnectivityService.swift /Users/joedormond/Documents/branchr/App/RemoteCommandRegistrar.swift /Users/joedormond/Library/Developer/Xcode/DerivedData/branchr-aheaqiyakzptavfcnnusrgtfekde/Build/Intermediates.noindex/branchr.build/Debug-iphonesimulator/branchr.build/DerivedSources/GeneratedAssetSymbols.swift -supplementary-output-file-map /Users/joedormond/Library/Developer/Xcode/DerivedData/branchr-aheaqiyakzptavfcnnusrgtfekde/Build/Intermediates.noindex/branchr.build/Debug-iphonesimulator/branchr.build/Objects-normal/x86_64/supplementaryOutputs-3 -emit-localized-strings -emit-localized-strings-path /Users/joedormond/Library/Developer/Xcode/DerivedData/branchr-aheaqiyakzptavfcnnusrgtfekde/Build/Intermediates.noindex/branchr.build/Debug-iphonesimulator/branchr.build/Objects-normal/x86_64 -target x86_64-apple-ios18.2-simulator -enable-objc-interop -sdk /Applications/Xcode.app/Contents/Developer/Platforms/iPhoneSimulator.platform/Developer/SDKs/iPhoneSimulator18.2.sdk -I /Users/joedormond/Library/Developer/Xcode/DerivedData/branchr-aheaqiyakzptavfcnnusrgtfekde/Build/Products/Debug-iphonesimulator -F /Users/joedormond/Library/Developer/Xcode/DerivedData/branchr-aheaqiyakzptavfcnnusrgtfekde/Build/Products/Debug-iphonesimulator -no-color-diagnostics -enable-testing -g -debug-info-format\=dwarf -dwarf-version\=5 -module-cache-path /Users/joedormond/Library/Developer/Xcode/DerivedData/ModuleCache.noindex -swift-version 5 -enforce-exclusivity\=checked -Onone -D DEBUG -serialize-debugging-options -const-gather-protocols-file /Users/joedormond/Library/Developer/Xcode/DerivedData/branchr-aheaqiyakzptavfcnnusrgtfekde/Build/Intermediates.noindex/branchr.build/Debug-iphonesimulator/branchr.build/Objects-normal/x86_64/branchr_const_extract_protocols.json -enable-experimental-feature DebugDescriptionMacro -enable-experimental-feature OpaqueTypeErasure -enable-bare-slash-regex -empty-abi-descriptor -validate-clang-modules-once -clang-build-session-file /Users/joedormond/Library/Developer/Xcode/DerivedData/ModuleCache.noindex/Session.modulevalidation -Xcc -working-directory -Xcc /Users/joedormond/Documents/branchr -resource-dir /Applications/Xcode.app/Contents/Developer/Toolchains/XcodeDefault.xctoolchain/usr/lib/swift -enable-anonymous-context-mangled-names -file-compilation-dir /Users/joedormond/Documents/branchr -Xcc -D_LIBCPP_HARDENING_MODE\=_LIBCPP_HARDENING_MODE_DEBUG -Xcc -ivfsstatcache -Xcc /Users/joedormond/Library/Developer/Xcode/DerivedData/SDKStatCaches.noindex/iphonesimulator18.2-22C146-07b28473f605e47e75261259d3ef3b5a.sdkstatcache -Xcc -I/Users/joedormond/Library/Developer/Xcode/DerivedData/branchr-aheaqiyakzptavfcnnusrgtfekde/Build/Intermediates.noindex/branchr.build/Debug-iphonesimulator/branchr.build/swift-overrides.hmap -Xcc -iquote -Xcc /Users/joedormond/Library/Developer/Xcode/DerivedData/branchr-aheaqiyakzptavfcnnusrgtfekde/Build/Intermediates.noindex/branchr.build/Debug-iphonesimulator/branchr.build/branchr-generated-files.hmap -Xcc -I/Users/joedormond/Library/Developer/Xcode/DerivedData/branchr-aheaqiyakzptavfcnnusrgtfekde/Build/Intermediates.noindex/branchr.build/Debug-iphonesimulator/branchr.build/branchr-own-target-headers.hmap -Xcc -I/Users/joedormond/Library/Developer/Xcode/DerivedData/branchr-aheaqiyakzptavfcnnusrgtfekde/Build/Intermediates.noindex/branchr.build/Debug-iphonesimulator/branchr.build/branchr-all-target-headers.hmap -Xcc -iquote -Xcc /Users/joedormond/Library/Developer/Xcode/DerivedData/branchr-aheaqiyakzptavfcnnusrgtfekde/Build/Intermediates.noindex/branchr.build/Debug-iphonesimulator/branchr.build/branchr-project-headers.hmap -Xcc -I/Users/joedormond/Library/Developer/Xcode/DerivedData/branchr-aheaqiyakzptavfcnnusrgtfekde/Build/Products/Debug-iphonesimulator/include -Xcc -I/Users/joedormond/Library/Developer/Xcode/DerivedData/branchr-aheaqiyakzptavfcnnusrgtfekde/Build/Intermediates.noindex/branchr.build/Debug-iphonesimulator/branchr.build/DerivedSources-normal/x86_64 -Xcc -I/Users/joedormond/Library/Developer/Xcode/DerivedData/branchr-aheaqiyakzptavfcnnusrgtfekde/Build/Intermediates.noindex/branchr.build/Debug-iphonesimulator/branchr.build/DerivedSources/x86_64 -Xcc -I/Users/joedormond/Library/Developer/Xcode/DerivedData/branchr-aheaqiyakzptavfcnnusrgtfekde/Build/Intermediates.noindex/branchr.build/Debug-iphonesimulator/branchr.build/DerivedSources -Xcc -DDEBUG\=1 -module-name branchr -frontend-parseable-output -disable-clang-spi -target-sdk-version 18.2 -target-sdk-name iphonesimulator18.2 -external-plugin-path /Applications/Xcode.app/Contents/Developer/Platforms/iPhoneOS.platform/Developer/usr/lib/swift/host/plugins\#/Applications/Xcode.app/Contents/Developer/Platforms/iPhoneOS.platform/Developer/usr/bin/swift-plugin-server -external-plugin-path /Applications/Xcode.app/Contents/Developer/Platforms/iPhoneOS.platform/Developer/usr/local/lib/swift/host/plugins\#/Applications/Xcode.app/Contents/Developer/Platforms/iPhoneOS.platform/Developer/usr/bin/swift-plugin-server -plugin-path /Applications/Xcode.app/Contents/Developer/Toolchains/XcodeDefault.xctoolchain/usr/lib/swift/host/plugins -plugin-path /Applications/Xcode.app/Contents/Developer/Toolchains/XcodeDefault.xctoolchain/usr/local/lib/swift/host/plugins -o /Users/joedormond/Library/Developer/Xcode/DerivedData/branchr-aheaqiyakzptavfcnnusrgtfekde/Build/Intermediates.noindex/branchr.build/Debug-iphonesimulator/branchr.build/Objects-normal/x86_64/AutoModeDetectionService.o -o /Users/joedormond/Library/Developer/Xcode/DerivedData/branchr-aheaqiyakzptavfcnnusrgtfekde/Build/Intermediates.noindex/branchr.build/Debug-iphonesimulator/branchr.build/Objects-normal/x86_64/BranchrButton.o -o /Users/joedormond/Library/Developer/Xcode/DerivedData/branchr-aheaqiyakzptavfcnnusrgtfekde/Build/Intermediates.noindex/branchr.build/Debug-iphonesimulator/branchr.build/Objects-normal/x86_64/BranchrColor.o -o /Users/joedormond/Library/Developer/Xcode/DerivedData/branchr-aheaqiyakzptavfcnnusrgtfekde/Build/Intermediates.noindex/branchr.build/Debug-iphonesimulator/branchr.build/Objects-normal/x86_64/CalorieCalculator.o -o /Users/joedormond/Library/Developer/Xcode/DerivedData/branchr-aheaqiyakzptavfcnnusrgtfekde/Build/Intermediates.noindex/branchr.build/Debug-iphonesimulator/branchr.build/Objects-normal/x86_64/CommandProcessor.o -o /Users/joedormond/Library/Developer/Xcode/DerivedData/branchr-aheaqiyakzptavfcnnusrgtfekde/Build/Intermediates.noindex/branchr.build/Debug-iphonesimulator/branchr.build/Objects-normal/x86_64/GestureControlService.o -o /Users/joedormond/Library/Developer/Xcode/DerivedData/branchr-aheaqiyakzptavfcnnusrgtfekde/Build/Intermediates.noindex/branchr.build/Debug-iphonesimulator/branchr.build/Objects-normal/x86_64/GroupSessionManager.o -o /Users/joedormond/Library/Developer/Xcode/DerivedData/branchr-aheaqiyakzptavfcnnusrgtfekde/Build/Intermediates.noindex/branchr.build/Debug-iphonesimulator/branchr.build/Objects-normal/x86_64/HapticsService.o -o /Users/joedormond/Library/Developer/Xcode/DerivedData/branchr-aheaqiyakzptavfcnnusrgtfekde/Build/Intermediates.noindex/branchr.build/Debug-iphonesimulator/branchr.build/Objects-normal/x86_64/HostDJController.o -o /Users/joedormond/Library/Developer/Xcode/DerivedData/branchr-aheaqiyakzptavfcnnusrgtfekde/Build/Intermediates.noindex/branchr.build/Debug-iphonesimulator/branchr.build/Objects-normal/x86_64/HUDManager.o -o /Users/joedormond/Library/Developer/Xcode/DerivedData/branchr-aheaqiyakzptavfcnnusrgtfekde/Build/Intermediates.noindex/branchr.build/Debug-iphonesimulator/branchr.build/Objects-normal/x86_64/LocationTrackingService.o -o /Users/joedormond/Library/Developer/Xcode/DerivedData/branchr-aheaqiyakzptavfcnnusrgtfekde/Build/Intermediates.noindex/branchr.build/Debug-iphonesimulator/branchr.build/Objects-normal/x86_64/ModeConfiguration.o -o /Users/joedormond/Library/Developer/Xcode/DerivedData/branchr-aheaqiyakzptavfcnnusrgtfekde/Build/Intermediates.noindex/branchr.build/Debug-iphonesimulator/branchr.build/Objects-normal/x86_64/ModeManager.o -o /Users/joedormond/Library/Developer/Xcode/DerivedData/branchr-aheaqiyakzptavfcnnusrgtfekde/Build/Intermediates.noindex/branchr.build/Debug-iphonesimulator/branchr.build/Objects-normal/x86_64/MotionDetectionService.o -o /Users/joedormond/Library/Developer/Xcode/DerivedData/branchr-aheaqiyakzptavfcnnusrgtfekde/Build/Intermediates.noindex/branchr.build/Debug-iphonesimulator/branchr.build/Objects-normal/x86_64/MusicKitService.o -o /Users/joedormond/Library/Developer/Xcode/DerivedData/branchr-aheaqiyakzptavfcnnusrgtfekde/Build/Intermediates.noindex/branchr.build/Debug-iphonesimulator/branchr.build/Objects-normal/x86_64/MusicService.o -o /Users/joedormond/Library/Developer/Xcode/DerivedData/branchr-aheaqiyakzptavfcnnusrgtfekde/Build/Intermediates.noindex/branchr.build/Debug-iphonesimulator/branchr.build/Objects-normal/x86_64/MusicSyncService.o -index-unit-output-path /branchr.build/Debug-iphonesimulator/branchr.build/Objects-normal/x86_64/AutoModeDetectionService.o -index-unit-output-path /branchr.build/Debug-iphonesimulator/branchr.build/Objects-normal/x86_64/BranchrButton.o -index-unit-output-path /branchr.build/Debug-iphonesimulator/branchr.build/Objects-normal/x86_64/BranchrColor.o -index-unit-output-path /branchr.build/Debug-iphonesimulator/branchr.build/Objects-normal/x86_64/CalorieCalculator.o -index-unit-output-path /branchr.build/Debug-iphonesimulator/branchr.build/Objects-normal/x86_64/CommandProcessor.o -index-unit-output-path /branchr.build/Debug-iphonesimulator/branchr.build/Objects-normal/x86_64/GestureControlService.o -index-unit-output-path /branchr.build/Debug-iphonesimulator/branchr.build/Objects-normal/x86_64/GroupSessionManager.o -index-unit-output-path /branchr.build/Debug-iphonesimulator/branchr.build/Objects-normal/x86_64/HapticsService.o -index-unit-output-path /branchr.build/Debug-iphonesimulator/branchr.build/Objects-normal/x86_64/HostDJController.o -index-unit-output-path /branchr.build/Debug-iphonesimulator/branchr.build/Objects-normal/x86_64/HUDManager.o -index-unit-output-path /branchr.build/Debug-iphonesimulator/branchr.build/Objects-normal/x86_64/LocationTrackingService.o -index-unit-output-path /branchr.build/Debug-iphonesimulator/branchr.build/Objects-normal/x86_64/ModeConfiguration.o -index-unit-output-path /branchr.build/Debug-iphonesimulator/branchr.build/Objects-normal/x86_64/ModeManager.o -index-unit-output-path /branchr.build/Debug-iphonesimulator/branchr.build/Objects-normal/x86_64/MotionDetectionService.o -index-unit-output-path /branchr.build/Debug-iphonesimulator/branchr.build/Objects-normal/x86_64/MusicKitService.o -index-unit-output-path /branchr.build/Debug-iphonesimulator/branchr.build/Objects-normal/x86_64/MusicService.o -index-unit-output-path /branchr.build/Debug-iphonesimulator/branchr.build/Objects-normal/x86_64/MusicSyncService.o -index-store-path /Users/joedormond/Library/Developer/Xcode/DerivedData/branchr-aheaqiyakzptavfcnnusrgtfekde/Index.noindex/DataStore -index-system-modules
SwiftCompile normal x86_64 /Users/joedormond/Documents/branchr/Services/AutoModeDetectionService.swift (in target 'branchr' from project 'branchr')
    cd /Users/joedormond/Documents/branchr
    /Applications/Xcode.app/Contents/Developer/Toolchains/XcodeDefault.xctoolchain/usr/bin/swift-frontend -c /Users/joedormond/Documents/branchr/branchrApp.swift /Users/joedormond/Documents/branchr/App/BranchrAppRoot.swift /Users/joedormond/Documents/branchr/App/FloatingActionMenu.swift /Users/joedormond/Documents/branchr/Services/AchievementTracker.swift /Users/joedormond/Documents/branchr/Services/AIInsightService.swift /Users/joedormond/Documents/branchr/Services/AINoiseControlService.swift /Users/joedormond/Documents/branchr/Services/AudioManager.swift /Users/joedormond/Documents/branchr/Views/DJ/DJControlSheetView.swift /Users/joedormond/Documents/branchr/Views/Home/HomeView.swift /Users/joedormond/Documents/branchr/Views/Home/ModeStatusBannerView.swift /Users/joedormond/Documents/branchr/Views/Ride/CloudStatusBannerView.swift /Users/joedormond/Documents/branchr/Views/Ride/RideHistoryView.swift /Users/joedormond/Documents/branchr/Views/Ride/RideMapView.swift /Users/joedormond/Documents/branchr/Views/Ride/RideSummaryView.swift /Users/joedormond/Documents/branchr/Views/Settings/ModeSelectionView.swift /Users/joedormond/Documents/branchr/Views/Settings/SafetyControlView.swift /Users/joedormond/Documents/branchr/Views/Settings/SettingsView.swift /Users/joedormond/Documents/branchr/Views/SharedComponents/SectionCard.swift /Users/joedormond/Documents/branchr/Views/Splash/LaunchAnimationView.swift /Users/joedormond/Documents/branchr/Views/Splash/LaunchBikeRiderView.swift /Users/joedormond/Documents/branchr/Views/Voice/DJControlView.swift /Users/joedormond/Documents/branchr/Views/Voice/MusicStatusBannerView.swift /Users/joedormond/Documents/branchr/Views/Voice/VoiceSettingsView.swift /Users/joedormond/Documents/branchr/Views/AudioControlView.swift /Users/joedormond/Documents/branchr/Views/GroupRideView.swift /Users/joedormond/Documents/branchr/Views/MapComponents.swift /Users/joedormond/Documents/branchr/Views/RideCalendarView.swift /Users/joedormond/Documents/branchr/Views/RideDayDetailView.swift /Users/joedormond/Documents/branchr/Views/RideHUDView.swift /Users/joedormond/Documents/branchr/Views/RideInsightsView.swift /Users/joedormond/Documents/branchr/Views/RidePromptView.swift /Users/joedormond/Documents/branchr/Views/SongRequestSheet.swift /Users/joedormond/Documents/branchr/Views/WeightSettingsView.swift /Users/joedormond/Documents/branchr/Services/AudioMixerService.swift -primary-file /Users/joedormond/Documents/branchr/Services/AutoModeDetectionService.swift -primary-file /Users/joedormond/Documents/branchr/Services/BranchrButton.swift -primary-file /Users/joedormond/Documents/branchr/Services/BranchrColor.swift -primary-file /Users/joedormond/Documents/branchr/Services/CalorieCalculator.swift -primary-file /Users/joedormond/Documents/branchr/Services/CommandProcessor.swift -primary-file /Users/joedormond/Documents/branchr/Services/GestureControlService.swift -primary-file /Users/joedormond/Documents/branchr/Services/GroupSessionManager.swift -primary-file /Users/joedormond/Documents/branchr/Services/HapticsService.swift -primary-file /Users/joedormond/Documents/branchr/Services/HostDJController.swift -primary-file /Users/joedormond/Documents/branchr/Services/HUDManager.swift -primary-file /Users/joedormond/Documents/branchr/Services/LocationTrackingService.swift -primary-file /Users/joedormond/Documents/branchr/Services/ModeConfiguration.swift -primary-file /Users/joedormond/Documents/branchr/Services/ModeManager.swift -primary-file /Users/joedormond/Documents/branchr/Services/MotionDetectionService.swift -primary-file /Users/joedormond/Documents/branchr/Services/MusicKitService.swift -primary-file /Users/joedormond/Documents/branchr/Services/MusicService.swift -primary-file /Users/joedormond/Documents/branchr/Services/MusicSyncService.swift /Users/joedormond/Documents/branchr/Services/PandoraIntegrationService.swift /Users/joedormond/Documents/branchr/Services/PeerConnectionService.swift /Users/joedormond/Documents/branchr/Services/RideCloudSyncService.swift /Users/joedormond/Documents/branchr/Services/RideDataManager.swift /Users/joedormond/Documents/branchr/Services/SongRequestManager.swift /Users/joedormond/Documents/branchr/Services/SpeechCommandService.swift /Users/joedormond/Documents/branchr/Services/ThemeManager.swift /Users/joedormond/Documents/branchr/Services/UserPreferenceManager.swift /Users/joedormond/Documents/branchr/Services/UserPreferenceSyncManager.swift /Users/joedormond/Documents/branchr/Services/VoiceActivationService.swift /Users/joedormond/Documents/branchr/Services/VoiceAssistantService.swift /Users/joedormond/Documents/branchr/Services/VoiceChatService.swift /Users/joedormond/Documents/branchr/Services/VoiceResponseManager.swift /Users/joedormond/Documents/branchr/Services/VoiceSongRequestService.swift /Users/joedormond/Documents/branchr/Services/WatchConnectivityService.swift /Users/joedormond/Documents/branchr/App/RemoteCommandRegistrar.swift /Users/joedormond/Library/Developer/Xcode/DerivedData/branchr-aheaqiyakzptavfcnnusrgtfekde/Build/Intermediates.noindex/branchr.build/Debug-iphonesimulator/branchr.build/DerivedSources/GeneratedAssetSymbols.swift -supplementary-output-file-map /Users/joedormond/Library/Developer/Xcode/DerivedData/branchr-aheaqiyakzptavfcnnusrgtfekde/Build/Intermediates.noindex/branchr.build/Debug-iphonesimulator/branchr.build/Objects-normal/x86_64/supplementaryOutputs-3 -emit-localized-strings -emit-localized-strings-path /Users/joedormond/Library/Developer/Xcode/DerivedData/branchr-aheaqiyakzptavfcnnusrgtfekde/Build/Intermediates.noindex/branchr.build/Debug-iphonesimulator/branchr.build/Objects-normal/x86_64 -target x86_64-apple-ios18.2-simulator -enable-objc-interop -sdk /Applications/Xcode.app/Contents/Developer/Platforms/iPhoneSimulator.platform/Developer/SDKs/iPhoneSimulator18.2.sdk -I /Users/joedormond/Library/Developer/Xcode/DerivedData/branchr-aheaqiyakzptavfcnnusrgtfekde/Build/Products/Debug-iphonesimulator -F /Users/joedormond/Library/Developer/Xcode/DerivedData/branchr-aheaqiyakzptavfcnnusrgtfekde/Build/Products/Debug-iphonesimulator -no-color-diagnostics -enable-testing -g -debug-info-format\=dwarf -dwarf-version\=5 -module-cache-path /Users/joedormond/Library/Developer/Xcode/DerivedData/ModuleCache.noindex -swift-version 5 -enforce-exclusivity\=checked -Onone -D DEBUG -serialize-debugging-options -const-gather-protocols-file /Users/joedormond/Library/Developer/Xcode/DerivedData/branchr-aheaqiyakzptavfcnnusrgtfekde/Build/Intermediates.noindex/branchr.build/Debug-iphonesimulator/branchr.build/Objects-normal/x86_64/branchr_const_extract_protocols.json -enable-experimental-feature DebugDescriptionMacro -enable-experimental-feature OpaqueTypeErasure -enable-bare-slash-regex -empty-abi-descriptor -validate-clang-modules-once -clang-build-session-file /Users/joedormond/Library/Developer/Xcode/DerivedData/ModuleCache.noindex/Session.modulevalidation -Xcc -working-directory -Xcc /Users/joedormond/Documents/branchr -resource-dir /Applications/Xcode.app/Contents/Developer/Toolchains/XcodeDefault.xctoolchain/usr/lib/swift -enable-anonymous-context-mangled-names -file-compilation-dir /Users/joedormond/Documents/branchr -Xcc -D_LIBCPP_HARDENING_MODE\=_LIBCPP_HARDENING_MODE_DEBUG -Xcc -ivfsstatcache -Xcc /Users/joedormond/Library/Developer/Xcode/DerivedData/SDKStatCaches.noindex/iphonesimulator18.2-22C146-07b28473f605e47e75261259d3ef3b5a.sdkstatcache -Xcc -I/Users/joedormond/Library/Developer/Xcode/DerivedData/branchr-aheaqiyakzptavfcnnusrgtfekde/Build/Intermediates.noindex/branchr.build/Debug-iphonesimulator/branchr.build/swift-overrides.hmap -Xcc -iquote -Xcc /Users/joedormond/Library/Developer/Xcode/DerivedData/branchr-aheaqiyakzptavfcnnusrgtfekde/Build/Intermediates.noindex/branchr.build/Debug-iphonesimulator/branchr.build/branchr-generated-files.hmap -Xcc -I/Users/joedormond/Library/Developer/Xcode/DerivedData/branchr-aheaqiyakzptavfcnnusrgtfekde/Build/Intermediates.noindex/branchr.build/Debug-iphonesimulator/branchr.build/branchr-own-target-headers.hmap -Xcc -I/Users/joedormond/Library/Developer/Xcode/DerivedData/branchr-aheaqiyakzptavfcnnusrgtfekde/Build/Intermediates.noindex/branchr.build/Debug-iphonesimulator/branchr.build/branchr-all-target-headers.hmap -Xcc -iquote -Xcc /Users/joedormond/Library/Developer/Xcode/DerivedData/branchr-aheaqiyakzptavfcnnusrgtfekde/Build/Intermediates.noindex/branchr.build/Debug-iphonesimulator/branchr.build/branchr-project-headers.hmap -Xcc -I/Users/joedormond/Library/Developer/Xcode/DerivedData/branchr-aheaqiyakzptavfcnnusrgtfekde/Build/Products/Debug-iphonesimulator/include -Xcc -I/Users/joedormond/Library/Developer/Xcode/DerivedData/branchr-aheaqiyakzptavfcnnusrgtfekde/Build/Intermediates.noindex/branchr.build/Debug-iphonesimulator/branchr.build/DerivedSources-normal/x86_64 -Xcc -I/Users/joedormond/Library/Developer/Xcode/DerivedData/branchr-aheaqiyakzptavfcnnusrgtfekde/Build/Intermediates.noindex/branchr.build/Debug-iphonesimulator/branchr.build/DerivedSources/x86_64 -Xcc -I/Users/joedormond/Library/Developer/Xcode/DerivedData/branchr-aheaqiyakzptavfcnnusrgtfekde/Build/Intermediates.noindex/branchr.build/Debug-iphonesimulator/branchr.build/DerivedSources -Xcc -DDEBUG\=1 -module-name branchr -frontend-parseable-output -disable-clang-spi -target-sdk-version 18.2 -target-sdk-name iphonesimulator18.2 -external-plugin-path /Applications/Xcode.app/Contents/Developer/Platforms/iPhoneOS.platform/Developer/usr/lib/swift/host/plugins\#/Applications/Xcode.app/Contents/Developer/Platforms/iPhoneOS.platform/Developer/usr/bin/swift-plugin-server -external-plugin-path /Applications/Xcode.app/Contents/Developer/Platforms/iPhoneOS.platform/Developer/usr/local/lib/swift/host/plugins\#/Applications/Xcode.app/Contents/Developer/Platforms/iPhoneOS.platform/Developer/usr/bin/swift-plugin-server -plugin-path /Applications/Xcode.app/Contents/Developer/Toolchains/XcodeDefault.xctoolchain/usr/lib/swift/host/plugins -plugin-path /Applications/Xcode.app/Contents/Developer/Toolchains/XcodeDefault.xctoolchain/usr/local/lib/swift/host/plugins -o /Users/joedormond/Library/Developer/Xcode/DerivedData/branchr-aheaqiyakzptavfcnnusrgtfekde/Build/Intermediates.noindex/branchr.build/Debug-iphonesimulator/branchr.build/Objects-normal/x86_64/AutoModeDetectionService.o -o /Users/joedormond/Library/Developer/Xcode/DerivedData/branchr-aheaqiyakzptavfcnnusrgtfekde/Build/Intermediates.noindex/branchr.build/Debug-iphonesimulator/branchr.build/Objects-normal/x86_64/BranchrButton.o -o /Users/joedormond/Library/Developer/Xcode/DerivedData/branchr-aheaqiyakzptavfcnnusrgtfekde/Build/Intermediates.noindex/branchr.build/Debug-iphonesimulator/branchr.build/Objects-normal/x86_64/BranchrColor.o -o /Users/joedormond/Library/Developer/Xcode/DerivedData/branchr-aheaqiyakzptavfcnnusrgtfekde/Build/Intermediates.noindex/branchr.build/Debug-iphonesimulator/branchr.build/Objects-normal/x86_64/CalorieCalculator.o -o /Users/joedormond/Library/Developer/Xcode/DerivedData/branchr-aheaqiyakzptavfcnnusrgtfekde/Build/Intermediates.noindex/branchr.build/Debug-iphonesimulator/branchr.build/Objects-normal/x86_64/CommandProcessor.o -o /Users/joedormond/Library/Developer/Xcode/DerivedData/branchr-aheaqiyakzptavfcnnusrgtfekde/Build/Intermediates.noindex/branchr.build/Debug-iphonesimulator/branchr.build/Objects-normal/x86_64/GestureControlService.o -o /Users/joedormond/Library/Developer/Xcode/DerivedData/branchr-aheaqiyakzptavfcnnusrgtfekde/Build/Intermediates.noindex/branchr.build/Debug-iphonesimulator/branchr.build/Objects-normal/x86_64/GroupSessionManager.o -o /Users/joedormond/Library/Developer/Xcode/DerivedData/branchr-aheaqiyakzptavfcnnusrgtfekde/Build/Intermediates.noindex/branchr.build/Debug-iphonesimulator/branchr.build/Objects-normal/x86_64/HapticsService.o -o /Users/joedormond/Library/Developer/Xcode/DerivedData/branchr-aheaqiyakzptavfcnnusrgtfekde/Build/Intermediates.noindex/branchr.build/Debug-iphonesimulator/branchr.build/Objects-normal/x86_64/HostDJController.o -o /Users/joedormond/Library/Developer/Xcode/DerivedData/branchr-aheaqiyakzptavfcnnusrgtfekde/Build/Intermediates.noindex/branchr.build/Debug-iphonesimulator/branchr.build/Objects-normal/x86_64/HUDManager.o -o /Users/joedormond/Library/Developer/Xcode/DerivedData/branchr-aheaqiyakzptavfcnnusrgtfekde/Build/Intermediates.noindex/branchr.build/Debug-iphonesimulator/branchr.build/Objects-normal/x86_64/LocationTrackingService.o -o /Users/joedormond/Library/Developer/Xcode/DerivedData/branchr-aheaqiyakzptavfcnnusrgtfekde/Build/Intermediates.noindex/branchr.build/Debug-iphonesimulator/branchr.build/Objects-normal/x86_64/ModeConfiguration.o -o /Users/joedormond/Library/Developer/Xcode/DerivedData/branchr-aheaqiyakzptavfcnnusrgtfekde/Build/Intermediates.noindex/branchr.build/Debug-iphonesimulator/branchr.build/Objects-normal/x86_64/ModeManager.o -o /Users/joedormond/Library/Developer/Xcode/DerivedData/branchr-aheaqiyakzptavfcnnusrgtfekde/Build/Intermediates.noindex/branchr.build/Debug-iphonesimulator/branchr.build/Objects-normal/x86_64/MotionDetectionService.o -o /Users/joedormond/Library/Developer/Xcode/DerivedData/branchr-aheaqiyakzptavfcnnusrgtfekde/Build/Intermediates.noindex/branchr.build/Debug-iphonesimulator/branchr.build/Objects-normal/x86_64/MusicKitService.o -o /Users/joedormond/Library/Developer/Xcode/DerivedData/branchr-aheaqiyakzptavfcnnusrgtfekde/Build/Intermediates.noindex/branchr.build/Debug-iphonesimulator/branchr.build/Objects-normal/x86_64/MusicService.o -o /Users/joedormond/Library/Developer/Xcode/DerivedData/branchr-aheaqiyakzptavfcnnusrgtfekde/Build/Intermediates.noindex/branchr.build/Debug-iphonesimulator/branchr.build/Objects-normal/x86_64/MusicSyncService.o -index-unit-output-path /branchr.build/Debug-iphonesimulator/branchr.build/Objects-normal/x86_64/AutoModeDetectionService.o -index-unit-output-path /branchr.build/Debug-iphonesimulator/branchr.build/Objects-normal/x86_64/BranchrButton.o -index-unit-output-path /branchr.build/Debug-iphonesimulator/branchr.build/Objects-normal/x86_64/BranchrColor.o -index-unit-output-path /branchr.build/Debug-iphonesimulator/branchr.build/Objects-normal/x86_64/CalorieCalculator.o -index-unit-output-path /branchr.build/Debug-iphonesimulator/branchr.build/Objects-normal/x86_64/CommandProcessor.o -index-unit-output-path /branchr.build/Debug-iphonesimulator/branchr.build/Objects-normal/x86_64/GestureControlService.o -index-unit-output-path /branchr.build/Debug-iphonesimulator/branchr.build/Objects-normal/x86_64/GroupSessionManager.o -index-unit-output-path /branchr.build/Debug-iphonesimulator/branchr.build/Objects-normal/x86_64/HapticsService.o -index-unit-output-path /branchr.build/Debug-iphonesimulator/branchr.build/Objects-normal/x86_64/HostDJController.o -index-unit-output-path /branchr.build/Debug-iphonesimulator/branchr.build/Objects-normal/x86_64/HUDManager.o -index-unit-output-path /branchr.build/Debug-iphonesimulator/branchr.build/Objects-normal/x86_64/LocationTrackingService.o -index-unit-output-path /branchr.build/Debug-iphonesimulator/branchr.build/Objects-normal/x86_64/ModeConfiguration.o -index-unit-output-path /branchr.build/Debug-iphonesimulator/branchr.build/Objects-normal/x86_64/ModeManager.o -index-unit-output-path /branchr.build/Debug-iphonesimulator/branchr.build/Objects-normal/x86_64/MotionDetectionService.o -index-unit-output-path /branchr.build/Debug-iphonesimulator/branchr.build/Objects-normal/x86_64/MusicKitService.o -index-unit-output-path /branchr.build/Debug-iphonesimulator/branchr.build/Objects-normal/x86_64/MusicService.o -index-unit-output-path /branchr.build/Debug-iphonesimulator/branchr.build/Objects-normal/x86_64/MusicSyncService.o -index-store-path /Users/joedormond/Library/Developer/Xcode/DerivedData/branchr-aheaqiyakzptavfcnnusrgtfekde/Index.noindex/DataStore -index-system-modules

SwiftCompile normal x86_64 /Users/joedormond/Documents/branchr/Services/BranchrButton.swift (in target 'branchr' from project 'branchr')
    cd /Users/joedormond/Documents/branchr
    /Applications/Xcode.app/Contents/Developer/Toolchains/XcodeDefault.xctoolchain/usr/bin/swift-frontend -c /Users/joedormond/Documents/branchr/branchrApp.swift /Users/joedormond/Documents/branchr/App/BranchrAppRoot.swift /Users/joedormond/Documents/branchr/App/FloatingActionMenu.swift /Users/joedormond/Documents/branchr/Services/AchievementTracker.swift /Users/joedormond/Documents/branchr/Services/AIInsightService.swift /Users/joedormond/Documents/branchr/Services/AINoiseControlService.swift /Users/joedormond/Documents/branchr/Services/AudioManager.swift /Users/joedormond/Documents/branchr/Views/DJ/DJControlSheetView.swift /Users/joedormond/Documents/branchr/Views/Home/HomeView.swift /Users/joedormond/Documents/branchr/Views/Home/ModeStatusBannerView.swift /Users/joedormond/Documents/branchr/Views/Ride/CloudStatusBannerView.swift /Users/joedormond/Documents/branchr/Views/Ride/RideHistoryView.swift /Users/joedormond/Documents/branchr/Views/Ride/RideMapView.swift /Users/joedormond/Documents/branchr/Views/Ride/RideSummaryView.swift /Users/joedormond/Documents/branchr/Views/Settings/ModeSelectionView.swift /Users/joedormond/Documents/branchr/Views/Settings/SafetyControlView.swift /Users/joedormond/Documents/branchr/Views/Settings/SettingsView.swift /Users/joedormond/Documents/branchr/Views/SharedComponents/SectionCard.swift /Users/joedormond/Documents/branchr/Views/Splash/LaunchAnimationView.swift /Users/joedormond/Documents/branchr/Views/Splash/LaunchBikeRiderView.swift /Users/joedormond/Documents/branchr/Views/Voice/DJControlView.swift /Users/joedormond/Documents/branchr/Views/Voice/MusicStatusBannerView.swift /Users/joedormond/Documents/branchr/Views/Voice/VoiceSettingsView.swift /Users/joedormond/Documents/branchr/Views/AudioControlView.swift /Users/joedormond/Documents/branchr/Views/GroupRideView.swift /Users/joedormond/Documents/branchr/Views/MapComponents.swift /Users/joedormond/Documents/branchr/Views/RideCalendarView.swift /Users/joedormond/Documents/branchr/Views/RideDayDetailView.swift /Users/joedormond/Documents/branchr/Views/RideHUDView.swift /Users/joedormond/Documents/branchr/Views/RideInsightsView.swift /Users/joedormond/Documents/branchr/Views/RidePromptView.swift /Users/joedormond/Documents/branchr/Views/SongRequestSheet.swift /Users/joedormond/Documents/branchr/Views/WeightSettingsView.swift /Users/joedormond/Documents/branchr/Services/AudioMixerService.swift -primary-file /Users/joedormond/Documents/branchr/Services/AutoModeDetectionService.swift -primary-file /Users/joedormond/Documents/branchr/Services/BranchrButton.swift -primary-file /Users/joedormond/Documents/branchr/Services/BranchrColor.swift -primary-file /Users/joedormond/Documents/branchr/Services/CalorieCalculator.swift -primary-file /Users/joedormond/Documents/branchr/Services/CommandProcessor.swift -primary-file /Users/joedormond/Documents/branchr/Services/GestureControlService.swift -primary-file /Users/joedormond/Documents/branchr/Services/GroupSessionManager.swift -primary-file /Users/joedormond/Documents/branchr/Services/HapticsService.swift -primary-file /Users/joedormond/Documents/branchr/Services/HostDJController.swift -primary-file /Users/joedormond/Documents/branchr/Services/HUDManager.swift -primary-file /Users/joedormond/Documents/branchr/Services/LocationTrackingService.swift -primary-file /Users/joedormond/Documents/branchr/Services/ModeConfiguration.swift -primary-file /Users/joedormond/Documents/branchr/Services/ModeManager.swift -primary-file /Users/joedormond/Documents/branchr/Services/MotionDetectionService.swift -primary-file /Users/joedormond/Documents/branchr/Services/MusicKitService.swift -primary-file /Users/joedormond/Documents/branchr/Services/MusicService.swift -primary-file /Users/joedormond/Documents/branchr/Services/MusicSyncService.swift /Users/joedormond/Documents/branchr/Services/PandoraIntegrationService.swift /Users/joedormond/Documents/branchr/Services/PeerConnectionService.swift /Users/joedormond/Documents/branchr/Services/RideCloudSyncService.swift /Users/joedormond/Documents/branchr/Services/RideDataManager.swift /Users/joedormond/Documents/branchr/Services/SongRequestManager.swift /Users/joedormond/Documents/branchr/Services/SpeechCommandService.swift /Users/joedormond/Documents/branchr/Services/ThemeManager.swift /Users/joedormond/Documents/branchr/Services/UserPreferenceManager.swift /Users/joedormond/Documents/branchr/Services/UserPreferenceSyncManager.swift /Users/joedormond/Documents/branchr/Services/VoiceActivationService.swift /Users/joedormond/Documents/branchr/Services/VoiceAssistantService.swift /Users/joedormond/Documents/branchr/Services/VoiceChatService.swift /Users/joedormond/Documents/branchr/Services/VoiceResponseManager.swift /Users/joedormond/Documents/branchr/Services/VoiceSongRequestService.swift /Users/joedormond/Documents/branchr/Services/WatchConnectivityService.swift /Users/joedormond/Documents/branchr/App/RemoteCommandRegistrar.swift /Users/joedormond/Library/Developer/Xcode/DerivedData/branchr-aheaqiyakzptavfcnnusrgtfekde/Build/Intermediates.noindex/branchr.build/Debug-iphonesimulator/branchr.build/DerivedSources/GeneratedAssetSymbols.swift -supplementary-output-file-map /Users/joedormond/Library/Developer/Xcode/DerivedData/branchr-aheaqiyakzptavfcnnusrgtfekde/Build/Intermediates.noindex/branchr.build/Debug-iphonesimulator/branchr.build/Objects-normal/x86_64/supplementaryOutputs-3 -emit-localized-strings -emit-localized-strings-path /Users/joedormond/Library/Developer/Xcode/DerivedData/branchr-aheaqiyakzptavfcnnusrgtfekde/Build/Intermediates.noindex/branchr.build/Debug-iphonesimulator/branchr.build/Objects-normal/x86_64 -target x86_64-apple-ios18.2-simulator -enable-objc-interop -sdk /Applications/Xcode.app/Contents/Developer/Platforms/iPhoneSimulator.platform/Developer/SDKs/iPhoneSimulator18.2.sdk -I /Users/joedormond/Library/Developer/Xcode/DerivedData/branchr-aheaqiyakzptavfcnnusrgtfekde/Build/Products/Debug-iphonesimulator -F /Users/joedormond/Library/Developer/Xcode/DerivedData/branchr-aheaqiyakzptavfcnnusrgtfekde/Build/Products/Debug-iphonesimulator -no-color-diagnostics -enable-testing -g -debug-info-format\=dwarf -dwarf-version\=5 -module-cache-path /Users/joedormond/Library/Developer/Xcode/DerivedData/ModuleCache.noindex -swift-version 5 -enforce-exclusivity\=checked -Onone -D DEBUG -serialize-debugging-options -const-gather-protocols-file /Users/joedormond/Library/Developer/Xcode/DerivedData/branchr-aheaqiyakzptavfcnnusrgtfekde/Build/Intermediates.noindex/branchr.build/Debug-iphonesimulator/branchr.build/Objects-normal/x86_64/branchr_const_extract_protocols.json -enable-experimental-feature DebugDescriptionMacro -enable-experimental-feature OpaqueTypeErasure -enable-bare-slash-regex -empty-abi-descriptor -validate-clang-modules-once -clang-build-session-file /Users/joedormond/Library/Developer/Xcode/DerivedData/ModuleCache.noindex/Session.modulevalidation -Xcc -working-directory -Xcc /Users/joedormond/Documents/branchr -resource-dir /Applications/Xcode.app/Contents/Developer/Toolchains/XcodeDefault.xctoolchain/usr/lib/swift -enable-anonymous-context-mangled-names -file-compilation-dir /Users/joedormond/Documents/branchr -Xcc -D_LIBCPP_HARDENING_MODE\=_LIBCPP_HARDENING_MODE_DEBUG -Xcc -ivfsstatcache -Xcc /Users/joedormond/Library/Developer/Xcode/DerivedData/SDKStatCaches.noindex/iphonesimulator18.2-22C146-07b28473f605e47e75261259d3ef3b5a.sdkstatcache -Xcc -I/Users/joedormond/Library/Developer/Xcode/DerivedData/branchr-aheaqiyakzptavfcnnusrgtfekde/Build/Intermediates.noindex/branchr.build/Debug-iphonesimulator/branchr.build/swift-overrides.hmap -Xcc -iquote -Xcc /Users/joedormond/Library/Developer/Xcode/DerivedData/branchr-aheaqiyakzptavfcnnusrgtfekde/Build/Intermediates.noindex/branchr.build/Debug-iphonesimulator/branchr.build/branchr-generated-files.hmap -Xcc -I/Users/joedormond/Library/Developer/Xcode/DerivedData/branchr-aheaqiyakzptavfcnnusrgtfekde/Build/Intermediates.noindex/branchr.build/Debug-iphonesimulator/branchr.build/branchr-own-target-headers.hmap -Xcc -I/Users/joedormond/Library/Developer/Xcode/DerivedData/branchr-aheaqiyakzptavfcnnusrgtfekde/Build/Intermediates.noindex/branchr.build/Debug-iphonesimulator/branchr.build/branchr-all-target-headers.hmap -Xcc -iquote -Xcc /Users/joedormond/Library/Developer/Xcode/DerivedData/branchr-aheaqiyakzptavfcnnusrgtfekde/Build/Intermediates.noindex/branchr.build/Debug-iphonesimulator/branchr.build/branchr-project-headers.hmap -Xcc -I/Users/joedormond/Library/Developer/Xcode/DerivedData/branchr-aheaqiyakzptavfcnnusrgtfekde/Build/Products/Debug-iphonesimulator/include -Xcc -I/Users/joedormond/Library/Developer/Xcode/DerivedData/branchr-aheaqiyakzptavfcnnusrgtfekde/Build/Intermediates.noindex/branchr.build/Debug-iphonesimulator/branchr.build/DerivedSources-normal/x86_64 -Xcc -I/Users/joedormond/Library/Developer/Xcode/DerivedData/branchr-aheaqiyakzptavfcnnusrgtfekde/Build/Intermediates.noindex/branchr.build/Debug-iphonesimulator/branchr.build/DerivedSources/x86_64 -Xcc -I/Users/joedormond/Library/Developer/Xcode/DerivedData/branchr-aheaqiyakzptavfcnnusrgtfekde/Build/Intermediates.noindex/branchr.build/Debug-iphonesimulator/branchr.build/DerivedSources -Xcc -DDEBUG\=1 -module-name branchr -frontend-parseable-output -disable-clang-spi -target-sdk-version 18.2 -target-sdk-name iphonesimulator18.2 -external-plugin-path /Applications/Xcode.app/Contents/Developer/Platforms/iPhoneOS.platform/Developer/usr/lib/swift/host/plugins\#/Applications/Xcode.app/Contents/Developer/Platforms/iPhoneOS.platform/Developer/usr/bin/swift-plugin-server -external-plugin-path /Applications/Xcode.app/Contents/Developer/Platforms/iPhoneOS.platform/Developer/usr/local/lib/swift/host/plugins\#/Applications/Xcode.app/Contents/Developer/Platforms/iPhoneOS.platform/Developer/usr/bin/swift-plugin-server -plugin-path /Applications/Xcode.app/Contents/Developer/Toolchains/XcodeDefault.xctoolchain/usr/lib/swift/host/plugins -plugin-path /Applications/Xcode.app/Contents/Developer/Toolchains/XcodeDefault.xctoolchain/usr/local/lib/swift/host/plugins -o /Users/joedormond/Library/Developer/Xcode/DerivedData/branchr-aheaqiyakzptavfcnnusrgtfekde/Build/Intermediates.noindex/branchr.build/Debug-iphonesimulator/branchr.build/Objects-normal/x86_64/AutoModeDetectionService.o -o /Users/joedormond/Library/Developer/Xcode/DerivedData/branchr-aheaqiyakzptavfcnnusrgtfekde/Build/Intermediates.noindex/branchr.build/Debug-iphonesimulator/branchr.build/Objects-normal/x86_64/BranchrButton.o -o /Users/joedormond/Library/Developer/Xcode/DerivedData/branchr-aheaqiyakzptavfcnnusrgtfekde/Build/Intermediates.noindex/branchr.build/Debug-iphonesimulator/branchr.build/Objects-normal/x86_64/BranchrColor.o -o /Users/joedormond/Library/Developer/Xcode/DerivedData/branchr-aheaqiyakzptavfcnnusrgtfekde/Build/Intermediates.noindex/branchr.build/Debug-iphonesimulator/branchr.build/Objects-normal/x86_64/CalorieCalculator.o -o /Users/joedormond/Library/Developer/Xcode/DerivedData/branchr-aheaqiyakzptavfcnnusrgtfekde/Build/Intermediates.noindex/branchr.build/Debug-iphonesimulator/branchr.build/Objects-normal/x86_64/CommandProcessor.o -o /Users/joedormond/Library/Developer/Xcode/DerivedData/branchr-aheaqiyakzptavfcnnusrgtfekde/Build/Intermediates.noindex/branchr.build/Debug-iphonesimulator/branchr.build/Objects-normal/x86_64/GestureControlService.o -o /Users/joedormond/Library/Developer/Xcode/DerivedData/branchr-aheaqiyakzptavfcnnusrgtfekde/Build/Intermediates.noindex/branchr.build/Debug-iphonesimulator/branchr.build/Objects-normal/x86_64/GroupSessionManager.o -o /Users/joedormond/Library/Developer/Xcode/DerivedData/branchr-aheaqiyakzptavfcnnusrgtfekde/Build/Intermediates.noindex/branchr.build/Debug-iphonesimulator/branchr.build/Objects-normal/x86_64/HapticsService.o -o /Users/joedormond/Library/Developer/Xcode/DerivedData/branchr-aheaqiyakzptavfcnnusrgtfekde/Build/Intermediates.noindex/branchr.build/Debug-iphonesimulator/branchr.build/Objects-normal/x86_64/HostDJController.o -o /Users/joedormond/Library/Developer/Xcode/DerivedData/branchr-aheaqiyakzptavfcnnusrgtfekde/Build/Intermediates.noindex/branchr.build/Debug-iphonesimulator/branchr.build/Objects-normal/x86_64/HUDManager.o -o /Users/joedormond/Library/Developer/Xcode/DerivedData/branchr-aheaqiyakzptavfcnnusrgtfekde/Build/Intermediates.noindex/branchr.build/Debug-iphonesimulator/branchr.build/Objects-normal/x86_64/LocationTrackingService.o -o /Users/joedormond/Library/Developer/Xcode/DerivedData/branchr-aheaqiyakzptavfcnnusrgtfekde/Build/Intermediates.noindex/branchr.build/Debug-iphonesimulator/branchr.build/Objects-normal/x86_64/ModeConfiguration.o -o /Users/joedormond/Library/Developer/Xcode/DerivedData/branchr-aheaqiyakzptavfcnnusrgtfekde/Build/Intermediates.noindex/branchr.build/Debug-iphonesimulator/branchr.build/Objects-normal/x86_64/ModeManager.o -o /Users/joedormond/Library/Developer/Xcode/DerivedData/branchr-aheaqiyakzptavfcnnusrgtfekde/Build/Intermediates.noindex/branchr.build/Debug-iphonesimulator/branchr.build/Objects-normal/x86_64/MotionDetectionService.o -o /Users/joedormond/Library/Developer/Xcode/DerivedData/branchr-aheaqiyakzptavfcnnusrgtfekde/Build/Intermediates.noindex/branchr.build/Debug-iphonesimulator/branchr.build/Objects-normal/x86_64/MusicKitService.o -o /Users/joedormond/Library/Developer/Xcode/DerivedData/branchr-aheaqiyakzptavfcnnusrgtfekde/Build/Intermediates.noindex/branchr.build/Debug-iphonesimulator/branchr.build/Objects-normal/x86_64/MusicService.o -o /Users/joedormond/Library/Developer/Xcode/DerivedData/branchr-aheaqiyakzptavfcnnusrgtfekde/Build/Intermediates.noindex/branchr.build/Debug-iphonesimulator/branchr.build/Objects-normal/x86_64/MusicSyncService.o -index-unit-output-path /branchr.build/Debug-iphonesimulator/branchr.build/Objects-normal/x86_64/AutoModeDetectionService.o -index-unit-output-path /branchr.build/Debug-iphonesimulator/branchr.build/Objects-normal/x86_64/BranchrButton.o -index-unit-output-path /branchr.build/Debug-iphonesimulator/branchr.build/Objects-normal/x86_64/BranchrColor.o -index-unit-output-path /branchr.build/Debug-iphonesimulator/branchr.build/Objects-normal/x86_64/CalorieCalculator.o -index-unit-output-path /branchr.build/Debug-iphonesimulator/branchr.build/Objects-normal/x86_64/CommandProcessor.o -index-unit-output-path /branchr.build/Debug-iphonesimulator/branchr.build/Objects-normal/x86_64/GestureControlService.o -index-unit-output-path /branchr.build/Debug-iphonesimulator/branchr.build/Objects-normal/x86_64/GroupSessionManager.o -index-unit-output-path /branchr.build/Debug-iphonesimulator/branchr.build/Objects-normal/x86_64/HapticsService.o -index-unit-output-path /branchr.build/Debug-iphonesimulator/branchr.build/Objects-normal/x86_64/HostDJController.o -index-unit-output-path /branchr.build/Debug-iphonesimulator/branchr.build/Objects-normal/x86_64/HUDManager.o -index-unit-output-path /branchr.build/Debug-iphonesimulator/branchr.build/Objects-normal/x86_64/LocationTrackingService.o -index-unit-output-path /branchr.build/Debug-iphonesimulator/branchr.build/Objects-normal/x86_64/ModeConfiguration.o -index-unit-output-path /branchr.build/Debug-iphonesimulator/branchr.build/Objects-normal/x86_64/ModeManager.o -index-unit-output-path /branchr.build/Debug-iphonesimulator/branchr.build/Objects-normal/x86_64/MotionDetectionService.o -index-unit-output-path /branchr.build/Debug-iphonesimulator/branchr.build/Objects-normal/x86_64/MusicKitService.o -index-unit-output-path /branchr.build/Debug-iphonesimulator/branchr.build/Objects-normal/x86_64/MusicService.o -index-unit-output-path /branchr.build/Debug-iphonesimulator/branchr.build/Objects-normal/x86_64/MusicSyncService.o -index-store-path /Users/joedormond/Library/Developer/Xcode/DerivedData/branchr-aheaqiyakzptavfcnnusrgtfekde/Index.noindex/DataStore -index-system-modules

SwiftCompile normal x86_64 /Users/joedormond/Documents/branchr/Services/BranchrColor.swift (in target 'branchr' from project 'branchr')
    cd /Users/joedormond/Documents/branchr
    /Applications/Xcode.app/Contents/Developer/Toolchains/XcodeDefault.xctoolchain/usr/bin/swift-frontend -c /Users/joedormond/Documents/branchr/branchrApp.swift /Users/joedormond/Documents/branchr/App/BranchrAppRoot.swift /Users/joedormond/Documents/branchr/App/FloatingActionMenu.swift /Users/joedormond/Documents/branchr/Services/AchievementTracker.swift /Users/joedormond/Documents/branchr/Services/AIInsightService.swift /Users/joedormond/Documents/branchr/Services/AINoiseControlService.swift /Users/joedormond/Documents/branchr/Services/AudioManager.swift /Users/joedormond/Documents/branchr/Views/DJ/DJControlSheetView.swift /Users/joedormond/Documents/branchr/Views/Home/HomeView.swift /Users/joedormond/Documents/branchr/Views/Home/ModeStatusBannerView.swift /Users/joedormond/Documents/branchr/Views/Ride/CloudStatusBannerView.swift /Users/joedormond/Documents/branchr/Views/Ride/RideHistoryView.swift /Users/joedormond/Documents/branchr/Views/Ride/RideMapView.swift /Users/joedormond/Documents/branchr/Views/Ride/RideSummaryView.swift /Users/joedormond/Documents/branchr/Views/Settings/ModeSelectionView.swift /Users/joedormond/Documents/branchr/Views/Settings/SafetyControlView.swift /Users/joedormond/Documents/branchr/Views/Settings/SettingsView.swift /Users/joedormond/Documents/branchr/Views/SharedComponents/SectionCard.swift /Users/joedormond/Documents/branchr/Views/Splash/LaunchAnimationView.swift /Users/joedormond/Documents/branchr/Views/Splash/LaunchBikeRiderView.swift /Users/joedormond/Documents/branchr/Views/Voice/DJControlView.swift /Users/joedormond/Documents/branchr/Views/Voice/MusicStatusBannerView.swift /Users/joedormond/Documents/branchr/Views/Voice/VoiceSettingsView.swift /Users/joedormond/Documents/branchr/Views/AudioControlView.swift /Users/joedormond/Documents/branchr/Views/GroupRideView.swift /Users/joedormond/Documents/branchr/Views/MapComponents.swift /Users/joedormond/Documents/branchr/Views/RideCalendarView.swift /Users/joedormond/Documents/branchr/Views/RideDayDetailView.swift /Users/joedormond/Documents/branchr/Views/RideHUDView.swift /Users/joedormond/Documents/branchr/Views/RideInsightsView.swift /Users/joedormond/Documents/branchr/Views/RidePromptView.swift /Users/joedormond/Documents/branchr/Views/SongRequestSheet.swift /Users/joedormond/Documents/branchr/Views/WeightSettingsView.swift /Users/joedormond/Documents/branchr/Services/AudioMixerService.swift -primary-file /Users/joedormond/Documents/branchr/Services/AutoModeDetectionService.swift -primary-file /Users/joedormond/Documents/branchr/Services/BranchrButton.swift -primary-file /Users/joedormond/Documents/branchr/Services/BranchrColor.swift -primary-file /Users/joedormond/Documents/branchr/Services/CalorieCalculator.swift -primary-file /Users/joedormond/Documents/branchr/Services/CommandProcessor.swift -primary-file /Users/joedormond/Documents/branchr/Services/GestureControlService.swift -primary-file /Users/joedormond/Documents/branchr/Services/GroupSessionManager.swift -primary-file /Users/joedormond/Documents/branchr/Services/HapticsService.swift -primary-file /Users/joedormond/Documents/branchr/Services/HostDJController.swift -primary-file /Users/joedormond/Documents/branchr/Services/HUDManager.swift -primary-file /Users/joedormond/Documents/branchr/Services/LocationTrackingService.swift -primary-file /Users/joedormond/Documents/branchr/Services/ModeConfiguration.swift -primary-file /Users/joedormond/Documents/branchr/Services/ModeManager.swift -primary-file /Users/joedormond/Documents/branchr/Services/MotionDetectionService.swift -primary-file /Users/joedormond/Documents/branchr/Services/MusicKitService.swift -primary-file /Users/joedormond/Documents/branchr/Services/MusicService.swift -primary-file /Users/joedormond/Documents/branchr/Services/MusicSyncService.swift /Users/joedormond/Documents/branchr/Services/PandoraIntegrationService.swift /Users/joedormond/Documents/branchr/Services/PeerConnectionService.swift /Users/joedormond/Documents/branchr/Services/RideCloudSyncService.swift /Users/joedormond/Documents/branchr/Services/RideDataManager.swift /Users/joedormond/Documents/branchr/Services/SongRequestManager.swift /Users/joedormond/Documents/branchr/Services/SpeechCommandService.swift /Users/joedormond/Documents/branchr/Services/ThemeManager.swift /Users/joedormond/Documents/branchr/Services/UserPreferenceManager.swift /Users/joedormond/Documents/branchr/Services/UserPreferenceSyncManager.swift /Users/joedormond/Documents/branchr/Services/VoiceActivationService.swift /Users/joedormond/Documents/branchr/Services/VoiceAssistantService.swift /Users/joedormond/Documents/branchr/Services/VoiceChatService.swift /Users/joedormond/Documents/branchr/Services/VoiceResponseManager.swift /Users/joedormond/Documents/branchr/Services/VoiceSongRequestService.swift /Users/joedormond/Documents/branchr/Services/WatchConnectivityService.swift /Users/joedormond/Documents/branchr/App/RemoteCommandRegistrar.swift /Users/joedormond/Library/Developer/Xcode/DerivedData/branchr-aheaqiyakzptavfcnnusrgtfekde/Build/Intermediates.noindex/branchr.build/Debug-iphonesimulator/branchr.build/DerivedSources/GeneratedAssetSymbols.swift -supplementary-output-file-map /Users/joedormond/Library/Developer/Xcode/DerivedData/branchr-aheaqiyakzptavfcnnusrgtfekde/Build/Intermediates.noindex/branchr.build/Debug-iphonesimulator/branchr.build/Objects-normal/x86_64/supplementaryOutputs-3 -emit-localized-strings -emit-localized-strings-path /Users/joedormond/Library/Developer/Xcode/DerivedData/branchr-aheaqiyakzptavfcnnusrgtfekde/Build/Intermediates.noindex/branchr.build/Debug-iphonesimulator/branchr.build/Objects-normal/x86_64 -target x86_64-apple-ios18.2-simulator -enable-objc-interop -sdk /Applications/Xcode.app/Contents/Developer/Platforms/iPhoneSimulator.platform/Developer/SDKs/iPhoneSimulator18.2.sdk -I /Users/joedormond/Library/Developer/Xcode/DerivedData/branchr-aheaqiyakzptavfcnnusrgtfekde/Build/Products/Debug-iphonesimulator -F /Users/joedormond/Library/Developer/Xcode/DerivedData/branchr-aheaqiyakzptavfcnnusrgtfekde/Build/Products/Debug-iphonesimulator -no-color-diagnostics -enable-testing -g -debug-info-format\=dwarf -dwarf-version\=5 -module-cache-path /Users/joedormond/Library/Developer/Xcode/DerivedData/ModuleCache.noindex -swift-version 5 -enforce-exclusivity\=checked -Onone -D DEBUG -serialize-debugging-options -const-gather-protocols-file /Users/joedormond/Library/Developer/Xcode/DerivedData/branchr-aheaqiyakzptavfcnnusrgtfekde/Build/Intermediates.noindex/branchr.build/Debug-iphonesimulator/branchr.build/Objects-normal/x86_64/branchr_const_extract_protocols.json -enable-experimental-feature DebugDescriptionMacro -enable-experimental-feature OpaqueTypeErasure -enable-bare-slash-regex -empty-abi-descriptor -validate-clang-modules-once -clang-build-session-file /Users/joedormond/Library/Developer/Xcode/DerivedData/ModuleCache.noindex/Session.modulevalidation -Xcc -working-directory -Xcc /Users/joedormond/Documents/branchr -resource-dir /Applications/Xcode.app/Contents/Developer/Toolchains/XcodeDefault.xctoolchain/usr/lib/swift -enable-anonymous-context-mangled-names -file-compilation-dir /Users/joedormond/Documents/branchr -Xcc -D_LIBCPP_HARDENING_MODE\=_LIBCPP_HARDENING_MODE_DEBUG -Xcc -ivfsstatcache -Xcc /Users/joedormond/Library/Developer/Xcode/DerivedData/SDKStatCaches.noindex/iphonesimulator18.2-22C146-07b28473f605e47e75261259d3ef3b5a.sdkstatcache -Xcc -I/Users/joedormond/Library/Developer/Xcode/DerivedData/branchr-aheaqiyakzptavfcnnusrgtfekde/Build/Intermediates.noindex/branchr.build/Debug-iphonesimulator/branchr.build/swift-overrides.hmap -Xcc -iquote -Xcc /Users/joedormond/Library/Developer/Xcode/DerivedData/branchr-aheaqiyakzptavfcnnusrgtfekde/Build/Intermediates.noindex/branchr.build/Debug-iphonesimulator/branchr.build/branchr-generated-files.hmap -Xcc -I/Users/joedormond/Library/Developer/Xcode/DerivedData/branchr-aheaqiyakzptavfcnnusrgtfekde/Build/Intermediates.noindex/branchr.build/Debug-iphonesimulator/branchr.build/branchr-own-target-headers.hmap -Xcc -I/Users/joedormond/Library/Developer/Xcode/DerivedData/branchr-aheaqiyakzptavfcnnusrgtfekde/Build/Intermediates.noindex/branchr.build/Debug-iphonesimulator/branchr.build/branchr-all-target-headers.hmap -Xcc -iquote -Xcc /Users/joedormond/Library/Developer/Xcode/DerivedData/branchr-aheaqiyakzptavfcnnusrgtfekde/Build/Intermediates.noindex/branchr.build/Debug-iphonesimulator/branchr.build/branchr-project-headers.hmap -Xcc -I/Users/joedormond/Library/Developer/Xcode/DerivedData/branchr-aheaqiyakzptavfcnnusrgtfekde/Build/Products/Debug-iphonesimulator/include -Xcc -I/Users/joedormond/Library/Developer/Xcode/DerivedData/branchr-aheaqiyakzptavfcnnusrgtfekde/Build/Intermediates.noindex/branchr.build/Debug-iphonesimulator/branchr.build/DerivedSources-normal/x86_64 -Xcc -I/Users/joedormond/Library/Developer/Xcode/DerivedData/branchr-aheaqiyakzptavfcnnusrgtfekde/Build/Intermediates.noindex/branchr.build/Debug-iphonesimulator/branchr.build/DerivedSources/x86_64 -Xcc -I/Users/joedormond/Library/Developer/Xcode/DerivedData/branchr-aheaqiyakzptavfcnnusrgtfekde/Build/Intermediates.noindex/branchr.build/Debug-iphonesimulator/branchr.build/DerivedSources -Xcc -DDEBUG\=1 -module-name branchr -frontend-parseable-output -disable-clang-spi -target-sdk-version 18.2 -target-sdk-name iphonesimulator18.2 -external-plugin-path /Applications/Xcode.app/Contents/Developer/Platforms/iPhoneOS.platform/Developer/usr/lib/swift/host/plugins\#/Applications/Xcode.app/Contents/Developer/Platforms/iPhoneOS.platform/Developer/usr/bin/swift-plugin-server -external-plugin-path /Applications/Xcode.app/Contents/Developer/Platforms/iPhoneOS.platform/Developer/usr/local/lib/swift/host/plugins\#/Applications/Xcode.app/Contents/Developer/Platforms/iPhoneOS.platform/Developer/usr/bin/swift-plugin-server -plugin-path /Applications/Xcode.app/Contents/Developer/Toolchains/XcodeDefault.xctoolchain/usr/lib/swift/host/plugins -plugin-path /Applications/Xcode.app/Contents/Developer/Toolchains/XcodeDefault.xctoolchain/usr/local/lib/swift/host/plugins -o /Users/joedormond/Library/Developer/Xcode/DerivedData/branchr-aheaqiyakzptavfcnnusrgtfekde/Build/Intermediates.noindex/branchr.build/Debug-iphonesimulator/branchr.build/Objects-normal/x86_64/AutoModeDetectionService.o -o /Users/joedormond/Library/Developer/Xcode/DerivedData/branchr-aheaqiyakzptavfcnnusrgtfekde/Build/Intermediates.noindex/branchr.build/Debug-iphonesimulator/branchr.build/Objects-normal/x86_64/BranchrButton.o -o /Users/joedormond/Library/Developer/Xcode/DerivedData/branchr-aheaqiyakzptavfcnnusrgtfekde/Build/Intermediates.noindex/branchr.build/Debug-iphonesimulator/branchr.build/Objects-normal/x86_64/BranchrColor.o -o /Users/joedormond/Library/Developer/Xcode/DerivedData/branchr-aheaqiyakzptavfcnnusrgtfekde/Build/Intermediates.noindex/branchr.build/Debug-iphonesimulator/branchr.build/Objects-normal/x86_64/CalorieCalculator.o -o /Users/joedormond/Library/Developer/Xcode/DerivedData/branchr-aheaqiyakzptavfcnnusrgtfekde/Build/Intermediates.noindex/branchr.build/Debug-iphonesimulator/branchr.build/Objects-normal/x86_64/CommandProcessor.o -o /Users/joedormond/Library/Developer/Xcode/DerivedData/branchr-aheaqiyakzptavfcnnusrgtfekde/Build/Intermediates.noindex/branchr.build/Debug-iphonesimulator/branchr.build/Objects-normal/x86_64/GestureControlService.o -o /Users/joedormond/Library/Developer/Xcode/DerivedData/branchr-aheaqiyakzptavfcnnusrgtfekde/Build/Intermediates.noindex/branchr.build/Debug-iphonesimulator/branchr.build/Objects-normal/x86_64/GroupSessionManager.o -o /Users/joedormond/Library/Developer/Xcode/DerivedData/branchr-aheaqiyakzptavfcnnusrgtfekde/Build/Intermediates.noindex/branchr.build/Debug-iphonesimulator/branchr.build/Objects-normal/x86_64/HapticsService.o -o /Users/joedormond/Library/Developer/Xcode/DerivedData/branchr-aheaqiyakzptavfcnnusrgtfekde/Build/Intermediates.noindex/branchr.build/Debug-iphonesimulator/branchr.build/Objects-normal/x86_64/HostDJController.o -o /Users/joedormond/Library/Developer/Xcode/DerivedData/branchr-aheaqiyakzptavfcnnusrgtfekde/Build/Intermediates.noindex/branchr.build/Debug-iphonesimulator/branchr.build/Objects-normal/x86_64/HUDManager.o -o /Users/joedormond/Library/Developer/Xcode/DerivedData/branchr-aheaqiyakzptavfcnnusrgtfekde/Build/Intermediates.noindex/branchr.build/Debug-iphonesimulator/branchr.build/Objects-normal/x86_64/LocationTrackingService.o -o /Users/joedormond/Library/Developer/Xcode/DerivedData/branchr-aheaqiyakzptavfcnnusrgtfekde/Build/Intermediates.noindex/branchr.build/Debug-iphonesimulator/branchr.build/Objects-normal/x86_64/ModeConfiguration.o -o /Users/joedormond/Library/Developer/Xcode/DerivedData/branchr-aheaqiyakzptavfcnnusrgtfekde/Build/Intermediates.noindex/branchr.build/Debug-iphonesimulator/branchr.build/Objects-normal/x86_64/ModeManager.o -o /Users/joedormond/Library/Developer/Xcode/DerivedData/branchr-aheaqiyakzptavfcnnusrgtfekde/Build/Intermediates.noindex/branchr.build/Debug-iphonesimulator/branchr.build/Objects-normal/x86_64/MotionDetectionService.o -o /Users/joedormond/Library/Developer/Xcode/DerivedData/branchr-aheaqiyakzptavfcnnusrgtfekde/Build/Intermediates.noindex/branchr.build/Debug-iphonesimulator/branchr.build/Objects-normal/x86_64/MusicKitService.o -o /Users/joedormond/Library/Developer/Xcode/DerivedData/branchr-aheaqiyakzptavfcnnusrgtfekde/Build/Intermediates.noindex/branchr.build/Debug-iphonesimulator/branchr.build/Objects-normal/x86_64/MusicService.o -o /Users/joedormond/Library/Developer/Xcode/DerivedData/branchr-aheaqiyakzptavfcnnusrgtfekde/Build/Intermediates.noindex/branchr.build/Debug-iphonesimulator/branchr.build/Objects-normal/x86_64/MusicSyncService.o -index-unit-output-path /branchr.build/Debug-iphonesimulator/branchr.build/Objects-normal/x86_64/AutoModeDetectionService.o -index-unit-output-path /branchr.build/Debug-iphonesimulator/branchr.build/Objects-normal/x86_64/BranchrButton.o -index-unit-output-path /branchr.build/Debug-iphonesimulator/branchr.build/Objects-normal/x86_64/BranchrColor.o -index-unit-output-path /branchr.build/Debug-iphonesimulator/branchr.build/Objects-normal/x86_64/CalorieCalculator.o -index-unit-output-path /branchr.build/Debug-iphonesimulator/branchr.build/Objects-normal/x86_64/CommandProcessor.o -index-unit-output-path /branchr.build/Debug-iphonesimulator/branchr.build/Objects-normal/x86_64/GestureControlService.o -index-unit-output-path /branchr.build/Debug-iphonesimulator/branchr.build/Objects-normal/x86_64/GroupSessionManager.o -index-unit-output-path /branchr.build/Debug-iphonesimulator/branchr.build/Objects-normal/x86_64/HapticsService.o -index-unit-output-path /branchr.build/Debug-iphonesimulator/branchr.build/Objects-normal/x86_64/HostDJController.o -index-unit-output-path /branchr.build/Debug-iphonesimulator/branchr.build/Objects-normal/x86_64/HUDManager.o -index-unit-output-path /branchr.build/Debug-iphonesimulator/branchr.build/Objects-normal/x86_64/LocationTrackingService.o -index-unit-output-path /branchr.build/Debug-iphonesimulator/branchr.build/Objects-normal/x86_64/ModeConfiguration.o -index-unit-output-path /branchr.build/Debug-iphonesimulator/branchr.build/Objects-normal/x86_64/ModeManager.o -index-unit-output-path /branchr.build/Debug-iphonesimulator/branchr.build/Objects-normal/x86_64/MotionDetectionService.o -index-unit-output-path /branchr.build/Debug-iphonesimulator/branchr.build/Objects-normal/x86_64/MusicKitService.o -index-unit-output-path /branchr.build/Debug-iphonesimulator/branchr.build/Objects-normal/x86_64/MusicService.o -index-unit-output-path /branchr.build/Debug-iphonesimulator/branchr.build/Objects-normal/x86_64/MusicSyncService.o -index-store-path /Users/joedormond/Library/Developer/Xcode/DerivedData/branchr-aheaqiyakzptavfcnnusrgtfekde/Index.noindex/DataStore -index-system-modules

SwiftCompile normal x86_64 /Users/joedormond/Documents/branchr/Services/CalorieCalculator.swift (in target 'branchr' from project 'branchr')
    cd /Users/joedormond/Documents/branchr
    /Applications/Xcode.app/Contents/Developer/Toolchains/XcodeDefault.xctoolchain/usr/bin/swift-frontend -c /Users/joedormond/Documents/branchr/branchrApp.swift /Users/joedormond/Documents/branchr/App/BranchrAppRoot.swift /Users/joedormond/Documents/branchr/App/FloatingActionMenu.swift /Users/joedormond/Documents/branchr/Services/AchievementTracker.swift /Users/joedormond/Documents/branchr/Services/AIInsightService.swift /Users/joedormond/Documents/branchr/Services/AINoiseControlService.swift /Users/joedormond/Documents/branchr/Services/AudioManager.swift /Users/joedormond/Documents/branchr/Views/DJ/DJControlSheetView.swift /Users/joedormond/Documents/branchr/Views/Home/HomeView.swift /Users/joedormond/Documents/branchr/Views/Home/ModeStatusBannerView.swift /Users/joedormond/Documents/branchr/Views/Ride/CloudStatusBannerView.swift /Users/joedormond/Documents/branchr/Views/Ride/RideHistoryView.swift /Users/joedormond/Documents/branchr/Views/Ride/RideMapView.swift /Users/joedormond/Documents/branchr/Views/Ride/RideSummaryView.swift /Users/joedormond/Documents/branchr/Views/Settings/ModeSelectionView.swift /Users/joedormond/Documents/branchr/Views/Settings/SafetyControlView.swift /Users/joedormond/Documents/branchr/Views/Settings/SettingsView.swift /Users/joedormond/Documents/branchr/Views/SharedComponents/SectionCard.swift /Users/joedormond/Documents/branchr/Views/Splash/LaunchAnimationView.swift /Users/joedormond/Documents/branchr/Views/Splash/LaunchBikeRiderView.swift /Users/joedormond/Documents/branchr/Views/Voice/DJControlView.swift /Users/joedormond/Documents/branchr/Views/Voice/MusicStatusBannerView.swift /Users/joedormond/Documents/branchr/Views/Voice/VoiceSettingsView.swift /Users/joedormond/Documents/branchr/Views/AudioControlView.swift /Users/joedormond/Documents/branchr/Views/GroupRideView.swift /Users/joedormond/Documents/branchr/Views/MapComponents.swift /Users/joedormond/Documents/branchr/Views/RideCalendarView.swift /Users/joedormond/Documents/branchr/Views/RideDayDetailView.swift /Users/joedormond/Documents/branchr/Views/RideHUDView.swift /Users/joedormond/Documents/branchr/Views/RideInsightsView.swift /Users/joedormond/Documents/branchr/Views/RidePromptView.swift /Users/joedormond/Documents/branchr/Views/SongRequestSheet.swift /Users/joedormond/Documents/branchr/Views/WeightSettingsView.swift /Users/joedormond/Documents/branchr/Services/AudioMixerService.swift -primary-file /Users/joedormond/Documents/branchr/Services/AutoModeDetectionService.swift -primary-file /Users/joedormond/Documents/branchr/Services/BranchrButton.swift -primary-file /Users/joedormond/Documents/branchr/Services/BranchrColor.swift -primary-file /Users/joedormond/Documents/branchr/Services/CalorieCalculator.swift -primary-file /Users/joedormond/Documents/branchr/Services/CommandProcessor.swift -primary-file /Users/joedormond/Documents/branchr/Services/GestureControlService.swift -primary-file /Users/joedormond/Documents/branchr/Services/GroupSessionManager.swift -primary-file /Users/joedormond/Documents/branchr/Services/HapticsService.swift -primary-file /Users/joedormond/Documents/branchr/Services/HostDJController.swift -primary-file /Users/joedormond/Documents/branchr/Services/HUDManager.swift -primary-file /Users/joedormond/Documents/branchr/Services/LocationTrackingService.swift -primary-file /Users/joedormond/Documents/branchr/Services/ModeConfiguration.swift -primary-file /Users/joedormond/Documents/branchr/Services/ModeManager.swift -primary-file /Users/joedormond/Documents/branchr/Services/MotionDetectionService.swift -primary-file /Users/joedormond/Documents/branchr/Services/MusicKitService.swift -primary-file /Users/joedormond/Documents/branchr/Services/MusicService.swift -primary-file /Users/joedormond/Documents/branchr/Services/MusicSyncService.swift /Users/joedormond/Documents/branchr/Services/PandoraIntegrationService.swift /Users/joedormond/Documents/branchr/Services/PeerConnectionService.swift /Users/joedormond/Documents/branchr/Services/RideCloudSyncService.swift /Users/joedormond/Documents/branchr/Services/RideDataManager.swift /Users/joedormond/Documents/branchr/Services/SongRequestManager.swift /Users/joedormond/Documents/branchr/Services/SpeechCommandService.swift /Users/joedormond/Documents/branchr/Services/ThemeManager.swift /Users/joedormond/Documents/branchr/Services/UserPreferenceManager.swift /Users/joedormond/Documents/branchr/Services/UserPreferenceSyncManager.swift /Users/joedormond/Documents/branchr/Services/VoiceActivationService.swift /Users/joedormond/Documents/branchr/Services/VoiceAssistantService.swift /Users/joedormond/Documents/branchr/Services/VoiceChatService.swift /Users/joedormond/Documents/branchr/Services/VoiceResponseManager.swift /Users/joedormond/Documents/branchr/Services/VoiceSongRequestService.swift /Users/joedormond/Documents/branchr/Services/WatchConnectivityService.swift /Users/joedormond/Documents/branchr/App/RemoteCommandRegistrar.swift /Users/joedormond/Library/Developer/Xcode/DerivedData/branchr-aheaqiyakzptavfcnnusrgtfekde/Build/Intermediates.noindex/branchr.build/Debug-iphonesimulator/branchr.build/DerivedSources/GeneratedAssetSymbols.swift -supplementary-output-file-map /Users/joedormond/Library/Developer/Xcode/DerivedData/branchr-aheaqiyakzptavfcnnusrgtfekde/Build/Intermediates.noindex/branchr.build/Debug-iphonesimulator/branchr.build/Objects-normal/x86_64/supplementaryOutputs-3 -emit-localized-strings -emit-localized-strings-path /Users/joedormond/Library/Developer/Xcode/DerivedData/branchr-aheaqiyakzptavfcnnusrgtfekde/Build/Intermediates.noindex/branchr.build/Debug-iphonesimulator/branchr.build/Objects-normal/x86_64 -target x86_64-apple-ios18.2-simulator -enable-objc-interop -sdk /Applications/Xcode.app/Contents/Developer/Platforms/iPhoneSimulator.platform/Developer/SDKs/iPhoneSimulator18.2.sdk -I /Users/joedormond/Library/Developer/Xcode/DerivedData/branchr-aheaqiyakzptavfcnnusrgtfekde/Build/Products/Debug-iphonesimulator -F /Users/joedormond/Library/Developer/Xcode/DerivedData/branchr-aheaqiyakzptavfcnnusrgtfekde/Build/Products/Debug-iphonesimulator -no-color-diagnostics -enable-testing -g -debug-info-format\=dwarf -dwarf-version\=5 -module-cache-path /Users/joedormond/Library/Developer/Xcode/DerivedData/ModuleCache.noindex -swift-version 5 -enforce-exclusivity\=checked -Onone -D DEBUG -serialize-debugging-options -const-gather-protocols-file /Users/joedormond/Library/Developer/Xcode/DerivedData/branchr-aheaqiyakzptavfcnnusrgtfekde/Build/Intermediates.noindex/branchr.build/Debug-iphonesimulator/branchr.build/Objects-normal/x86_64/branchr_const_extract_protocols.json -enable-experimental-feature DebugDescriptionMacro -enable-experimental-feature OpaqueTypeErasure -enable-bare-slash-regex -empty-abi-descriptor -validate-clang-modules-once -clang-build-session-file /Users/joedormond/Library/Developer/Xcode/DerivedData/ModuleCache.noindex/Session.modulevalidation -Xcc -working-directory -Xcc /Users/joedormond/Documents/branchr -resource-dir /Applications/Xcode.app/Contents/Developer/Toolchains/XcodeDefault.xctoolchain/usr/lib/swift -enable-anonymous-context-mangled-names -file-compilation-dir /Users/joedormond/Documents/branchr -Xcc -D_LIBCPP_HARDENING_MODE\=_LIBCPP_HARDENING_MODE_DEBUG -Xcc -ivfsstatcache -Xcc /Users/joedormond/Library/Developer/Xcode/DerivedData/SDKStatCaches.noindex/iphonesimulator18.2-22C146-07b28473f605e47e75261259d3ef3b5a.sdkstatcache -Xcc -I/Users/joedormond/Library/Developer/Xcode/DerivedData/branchr-aheaqiyakzptavfcnnusrgtfekde/Build/Intermediates.noindex/branchr.build/Debug-iphonesimulator/branchr.build/swift-overrides.hmap -Xcc -iquote -Xcc /Users/joedormond/Library/Developer/Xcode/DerivedData/branchr-aheaqiyakzptavfcnnusrgtfekde/Build/Intermediates.noindex/branchr.build/Debug-iphonesimulator/branchr.build/branchr-generated-files.hmap -Xcc -I/Users/joedormond/Library/Developer/Xcode/DerivedData/branchr-aheaqiyakzptavfcnnusrgtfekde/Build/Intermediates.noindex/branchr.build/Debug-iphonesimulator/branchr.build/branchr-own-target-headers.hmap -Xcc -I/Users/joedormond/Library/Developer/Xcode/DerivedData/branchr-aheaqiyakzptavfcnnusrgtfekde/Build/Intermediates.noindex/branchr.build/Debug-iphonesimulator/branchr.build/branchr-all-target-headers.hmap -Xcc -iquote -Xcc /Users/joedormond/Library/Developer/Xcode/DerivedData/branchr-aheaqiyakzptavfcnnusrgtfekde/Build/Intermediates.noindex/branchr.build/Debug-iphonesimulator/branchr.build/branchr-project-headers.hmap -Xcc -I/Users/joedormond/Library/Developer/Xcode/DerivedData/branchr-aheaqiyakzptavfcnnusrgtfekde/Build/Products/Debug-iphonesimulator/include -Xcc -I/Users/joedormond/Library/Developer/Xcode/DerivedData/branchr-aheaqiyakzptavfcnnusrgtfekde/Build/Intermediates.noindex/branchr.build/Debug-iphonesimulator/branchr.build/DerivedSources-normal/x86_64 -Xcc -I/Users/joedormond/Library/Developer/Xcode/DerivedData/branchr-aheaqiyakzptavfcnnusrgtfekde/Build/Intermediates.noindex/branchr.build/Debug-iphonesimulator/branchr.build/DerivedSources/x86_64 -Xcc -I/Users/joedormond/Library/Developer/Xcode/DerivedData/branchr-aheaqiyakzptavfcnnusrgtfekde/Build/Intermediates.noindex/branchr.build/Debug-iphonesimulator/branchr.build/DerivedSources -Xcc -DDEBUG\=1 -module-name branchr -frontend-parseable-output -disable-clang-spi -target-sdk-version 18.2 -target-sdk-name iphonesimulator18.2 -external-plugin-path /Applications/Xcode.app/Contents/Developer/Platforms/iPhoneOS.platform/Developer/usr/lib/swift/host/plugins\#/Applications/Xcode.app/Contents/Developer/Platforms/iPhoneOS.platform/Developer/usr/bin/swift-plugin-server -external-plugin-path /Applications/Xcode.app/Contents/Developer/Platforms/iPhoneOS.platform/Developer/usr/local/lib/swift/host/plugins\#/Applications/Xcode.app/Contents/Developer/Platforms/iPhoneOS.platform/Developer/usr/bin/swift-plugin-server -plugin-path /Applications/Xcode.app/Contents/Developer/Toolchains/XcodeDefault.xctoolchain/usr/lib/swift/host/plugins -plugin-path /Applications/Xcode.app/Contents/Developer/Toolchains/XcodeDefault.xctoolchain/usr/local/lib/swift/host/plugins -o /Users/joedormond/Library/Developer/Xcode/DerivedData/branchr-aheaqiyakzptavfcnnusrgtfekde/Build/Intermediates.noindex/branchr.build/Debug-iphonesimulator/branchr.build/Objects-normal/x86_64/AutoModeDetectionService.o -o /Users/joedormond/Library/Developer/Xcode/DerivedData/branchr-aheaqiyakzptavfcnnusrgtfekde/Build/Intermediates.noindex/branchr.build/Debug-iphonesimulator/branchr.build/Objects-normal/x86_64/BranchrButton.o -o /Users/joedormond/Library/Developer/Xcode/DerivedData/branchr-aheaqiyakzptavfcnnusrgtfekde/Build/Intermediates.noindex/branchr.build/Debug-iphonesimulator/branchr.build/Objects-normal/x86_64/BranchrColor.o -o /Users/joedormond/Library/Developer/Xcode/DerivedData/branchr-aheaqiyakzptavfcnnusrgtfekde/Build/Intermediates.noindex/branchr.build/Debug-iphonesimulator/branchr.build/Objects-normal/x86_64/CalorieCalculator.o -o /Users/joedormond/Library/Developer/Xcode/DerivedData/branchr-aheaqiyakzptavfcnnusrgtfekde/Build/Intermediates.noindex/branchr.build/Debug-iphonesimulator/branchr.build/Objects-normal/x86_64/CommandProcessor.o -o /Users/joedormond/Library/Developer/Xcode/DerivedData/branchr-aheaqiyakzptavfcnnusrgtfekde/Build/Intermediates.noindex/branchr.build/Debug-iphonesimulator/branchr.build/Objects-normal/x86_64/GestureControlService.o -o /Users/joedormond/Library/Developer/Xcode/DerivedData/branchr-aheaqiyakzptavfcnnusrgtfekde/Build/Intermediates.noindex/branchr.build/Debug-iphonesimulator/branchr.build/Objects-normal/x86_64/GroupSessionManager.o -o /Users/joedormond/Library/Developer/Xcode/DerivedData/branchr-aheaqiyakzptavfcnnusrgtfekde/Build/Intermediates.noindex/branchr.build/Debug-iphonesimulator/branchr.build/Objects-normal/x86_64/HapticsService.o -o /Users/joedormond/Library/Developer/Xcode/DerivedData/branchr-aheaqiyakzptavfcnnusrgtfekde/Build/Intermediates.noindex/branchr.build/Debug-iphonesimulator/branchr.build/Objects-normal/x86_64/HostDJController.o -o /Users/joedormond/Library/Developer/Xcode/DerivedData/branchr-aheaqiyakzptavfcnnusrgtfekde/Build/Intermediates.noindex/branchr.build/Debug-iphonesimulator/branchr.build/Objects-normal/x86_64/HUDManager.o -o /Users/joedormond/Library/Developer/Xcode/DerivedData/branchr-aheaqiyakzptavfcnnusrgtfekde/Build/Intermediates.noindex/branchr.build/Debug-iphonesimulator/branchr.build/Objects-normal/x86_64/LocationTrackingService.o -o /Users/joedormond/Library/Developer/Xcode/DerivedData/branchr-aheaqiyakzptavfcnnusrgtfekde/Build/Intermediates.noindex/branchr.build/Debug-iphonesimulator/branchr.build/Objects-normal/x86_64/ModeConfiguration.o -o /Users/joedormond/Library/Developer/Xcode/DerivedData/branchr-aheaqiyakzptavfcnnusrgtfekde/Build/Intermediates.noindex/branchr.build/Debug-iphonesimulator/branchr.build/Objects-normal/x86_64/ModeManager.o -o /Users/joedormond/Library/Developer/Xcode/DerivedData/branchr-aheaqiyakzptavfcnnusrgtfekde/Build/Intermediates.noindex/branchr.build/Debug-iphonesimulator/branchr.build/Objects-normal/x86_64/MotionDetectionService.o -o /Users/joedormond/Library/Developer/Xcode/DerivedData/branchr-aheaqiyakzptavfcnnusrgtfekde/Build/Intermediates.noindex/branchr.build/Debug-iphonesimulator/branchr.build/Objects-normal/x86_64/MusicKitService.o -o /Users/joedormond/Library/Developer/Xcode/DerivedData/branchr-aheaqiyakzptavfcnnusrgtfekde/Build/Intermediates.noindex/branchr.build/Debug-iphonesimulator/branchr.build/Objects-normal/x86_64/MusicService.o -o /Users/joedormond/Library/Developer/Xcode/DerivedData/branchr-aheaqiyakzptavfcnnusrgtfekde/Build/Intermediates.noindex/branchr.build/Debug-iphonesimulator/branchr.build/Objects-normal/x86_64/MusicSyncService.o -index-unit-output-path /branchr.build/Debug-iphonesimulator/branchr.build/Objects-normal/x86_64/AutoModeDetectionService.o -index-unit-output-path /branchr.build/Debug-iphonesimulator/branchr.build/Objects-normal/x86_64/BranchrButton.o -index-unit-output-path /branchr.build/Debug-iphonesimulator/branchr.build/Objects-normal/x86_64/BranchrColor.o -index-unit-output-path /branchr.build/Debug-iphonesimulator/branchr.build/Objects-normal/x86_64/CalorieCalculator.o -index-unit-output-path /branchr.build/Debug-iphonesimulator/branchr.build/Objects-normal/x86_64/CommandProcessor.o -index-unit-output-path /branchr.build/Debug-iphonesimulator/branchr.build/Objects-normal/x86_64/GestureControlService.o -index-unit-output-path /branchr.build/Debug-iphonesimulator/branchr.build/Objects-normal/x86_64/GroupSessionManager.o -index-unit-output-path /branchr.build/Debug-iphonesimulator/branchr.build/Objects-normal/x86_64/HapticsService.o -index-unit-output-path /branchr.build/Debug-iphonesimulator/branchr.build/Objects-normal/x86_64/HostDJController.o -index-unit-output-path /branchr.build/Debug-iphonesimulator/branchr.build/Objects-normal/x86_64/HUDManager.o -index-unit-output-path /branchr.build/Debug-iphonesimulator/branchr.build/Objects-normal/x86_64/LocationTrackingService.o -index-unit-output-path /branchr.build/Debug-iphonesimulator/branchr.build/Objects-normal/x86_64/ModeConfiguration.o -index-unit-output-path /branchr.build/Debug-iphonesimulator/branchr.build/Objects-normal/x86_64/ModeManager.o -index-unit-output-path /branchr.build/Debug-iphonesimulator/branchr.build/Objects-normal/x86_64/MotionDetectionService.o -index-unit-output-path /branchr.build/Debug-iphonesimulator/branchr.build/Objects-normal/x86_64/MusicKitService.o -index-unit-output-path /branchr.build/Debug-iphonesimulator/branchr.build/Objects-normal/x86_64/MusicService.o -index-unit-output-path /branchr.build/Debug-iphonesimulator/branchr.build/Objects-normal/x86_64/MusicSyncService.o -index-store-path /Users/joedormond/Library/Developer/Xcode/DerivedData/branchr-aheaqiyakzptavfcnnusrgtfekde/Index.noindex/DataStore -index-system-modules

SwiftCompile normal x86_64 /Users/joedormond/Documents/branchr/Services/CommandProcessor.swift (in target 'branchr' from project 'branchr')
    cd /Users/joedormond/Documents/branchr
    /Applications/Xcode.app/Contents/Developer/Toolchains/XcodeDefault.xctoolchain/usr/bin/swift-frontend -c /Users/joedormond/Documents/branchr/branchrApp.swift /Users/joedormond/Documents/branchr/App/BranchrAppRoot.swift /Users/joedormond/Documents/branchr/App/FloatingActionMenu.swift /Users/joedormond/Documents/branchr/Services/AchievementTracker.swift /Users/joedormond/Documents/branchr/Services/AIInsightService.swift /Users/joedormond/Documents/branchr/Services/AINoiseControlService.swift /Users/joedormond/Documents/branchr/Services/AudioManager.swift /Users/joedormond/Documents/branchr/Views/DJ/DJControlSheetView.swift /Users/joedormond/Documents/branchr/Views/Home/HomeView.swift /Users/joedormond/Documents/branchr/Views/Home/ModeStatusBannerView.swift /Users/joedormond/Documents/branchr/Views/Ride/CloudStatusBannerView.swift /Users/joedormond/Documents/branchr/Views/Ride/RideHistoryView.swift /Users/joedormond/Documents/branchr/Views/Ride/RideMapView.swift /Users/joedormond/Documents/branchr/Views/Ride/RideSummaryView.swift /Users/joedormond/Documents/branchr/Views/Settings/ModeSelectionView.swift /Users/joedormond/Documents/branchr/Views/Settings/SafetyControlView.swift /Users/joedormond/Documents/branchr/Views/Settings/SettingsView.swift /Users/joedormond/Documents/branchr/Views/SharedComponents/SectionCard.swift /Users/joedormond/Documents/branchr/Views/Splash/LaunchAnimationView.swift /Users/joedormond/Documents/branchr/Views/Splash/LaunchBikeRiderView.swift /Users/joedormond/Documents/branchr/Views/Voice/DJControlView.swift /Users/joedormond/Documents/branchr/Views/Voice/MusicStatusBannerView.swift /Users/joedormond/Documents/branchr/Views/Voice/VoiceSettingsView.swift /Users/joedormond/Documents/branchr/Views/AudioControlView.swift /Users/joedormond/Documents/branchr/Views/GroupRideView.swift /Users/joedormond/Documents/branchr/Views/MapComponents.swift /Users/joedormond/Documents/branchr/Views/RideCalendarView.swift /Users/joedormond/Documents/branchr/Views/RideDayDetailView.swift /Users/joedormond/Documents/branchr/Views/RideHUDView.swift /Users/joedormond/Documents/branchr/Views/RideInsightsView.swift /Users/joedormond/Documents/branchr/Views/RidePromptView.swift /Users/joedormond/Documents/branchr/Views/SongRequestSheet.swift /Users/joedormond/Documents/branchr/Views/WeightSettingsView.swift /Users/joedormond/Documents/branchr/Services/AudioMixerService.swift -primary-file /Users/joedormond/Documents/branchr/Services/AutoModeDetectionService.swift -primary-file /Users/joedormond/Documents/branchr/Services/BranchrButton.swift -primary-file /Users/joedormond/Documents/branchr/Services/BranchrColor.swift -primary-file /Users/joedormond/Documents/branchr/Services/CalorieCalculator.swift -primary-file /Users/joedormond/Documents/branchr/Services/CommandProcessor.swift -primary-file /Users/joedormond/Documents/branchr/Services/GestureControlService.swift -primary-file /Users/joedormond/Documents/branchr/Services/GroupSessionManager.swift -primary-file /Users/joedormond/Documents/branchr/Services/HapticsService.swift -primary-file /Users/joedormond/Documents/branchr/Services/HostDJController.swift -primary-file /Users/joedormond/Documents/branchr/Services/HUDManager.swift -primary-file /Users/joedormond/Documents/branchr/Services/LocationTrackingService.swift -primary-file /Users/joedormond/Documents/branchr/Services/ModeConfiguration.swift -primary-file /Users/joedormond/Documents/branchr/Services/ModeManager.swift -primary-file /Users/joedormond/Documents/branchr/Services/MotionDetectionService.swift -primary-file /Users/joedormond/Documents/branchr/Services/MusicKitService.swift -primary-file /Users/joedormond/Documents/branchr/Services/MusicService.swift -primary-file /Users/joedormond/Documents/branchr/Services/MusicSyncService.swift /Users/joedormond/Documents/branchr/Services/PandoraIntegrationService.swift /Users/joedormond/Documents/branchr/Services/PeerConnectionService.swift /Users/joedormond/Documents/branchr/Services/RideCloudSyncService.swift /Users/joedormond/Documents/branchr/Services/RideDataManager.swift /Users/joedormond/Documents/branchr/Services/SongRequestManager.swift /Users/joedormond/Documents/branchr/Services/SpeechCommandService.swift /Users/joedormond/Documents/branchr/Services/ThemeManager.swift /Users/joedormond/Documents/branchr/Services/UserPreferenceManager.swift /Users/joedormond/Documents/branchr/Services/UserPreferenceSyncManager.swift /Users/joedormond/Documents/branchr/Services/VoiceActivationService.swift /Users/joedormond/Documents/branchr/Services/VoiceAssistantService.swift /Users/joedormond/Documents/branchr/Services/VoiceChatService.swift /Users/joedormond/Documents/branchr/Services/VoiceResponseManager.swift /Users/joedormond/Documents/branchr/Services/VoiceSongRequestService.swift /Users/joedormond/Documents/branchr/Services/WatchConnectivityService.swift /Users/joedormond/Documents/branchr/App/RemoteCommandRegistrar.swift /Users/joedormond/Library/Developer/Xcode/DerivedData/branchr-aheaqiyakzptavfcnnusrgtfekde/Build/Intermediates.noindex/branchr.build/Debug-iphonesimulator/branchr.build/DerivedSources/GeneratedAssetSymbols.swift -supplementary-output-file-map /Users/joedormond/Library/Developer/Xcode/DerivedData/branchr-aheaqiyakzptavfcnnusrgtfekde/Build/Intermediates.noindex/branchr.build/Debug-iphonesimulator/branchr.build/Objects-normal/x86_64/supplementaryOutputs-3 -emit-localized-strings -emit-localized-strings-path /Users/joedormond/Library/Developer/Xcode/DerivedData/branchr-aheaqiyakzptavfcnnusrgtfekde/Build/Intermediates.noindex/branchr.build/Debug-iphonesimulator/branchr.build/Objects-normal/x86_64 -target x86_64-apple-ios18.2-simulator -enable-objc-interop -sdk /Applications/Xcode.app/Contents/Developer/Platforms/iPhoneSimulator.platform/Developer/SDKs/iPhoneSimulator18.2.sdk -I /Users/joedormond/Library/Developer/Xcode/DerivedData/branchr-aheaqiyakzptavfcnnusrgtfekde/Build/Products/Debug-iphonesimulator -F /Users/joedormond/Library/Developer/Xcode/DerivedData/branchr-aheaqiyakzptavfcnnusrgtfekde/Build/Products/Debug-iphonesimulator -no-color-diagnostics -enable-testing -g -debug-info-format\=dwarf -dwarf-version\=5 -module-cache-path /Users/joedormond/Library/Developer/Xcode/DerivedData/ModuleCache.noindex -swift-version 5 -enforce-exclusivity\=checked -Onone -D DEBUG -serialize-debugging-options -const-gather-protocols-file /Users/joedormond/Library/Developer/Xcode/DerivedData/branchr-aheaqiyakzptavfcnnusrgtfekde/Build/Intermediates.noindex/branchr.build/Debug-iphonesimulator/branchr.build/Objects-normal/x86_64/branchr_const_extract_protocols.json -enable-experimental-feature DebugDescriptionMacro -enable-experimental-feature OpaqueTypeErasure -enable-bare-slash-regex -empty-abi-descriptor -validate-clang-modules-once -clang-build-session-file /Users/joedormond/Library/Developer/Xcode/DerivedData/ModuleCache.noindex/Session.modulevalidation -Xcc -working-directory -Xcc /Users/joedormond/Documents/branchr -resource-dir /Applications/Xcode.app/Contents/Developer/Toolchains/XcodeDefault.xctoolchain/usr/lib/swift -enable-anonymous-context-mangled-names -file-compilation-dir /Users/joedormond/Documents/branchr -Xcc -D_LIBCPP_HARDENING_MODE\=_LIBCPP_HARDENING_MODE_DEBUG -Xcc -ivfsstatcache -Xcc /Users/joedormond/Library/Developer/Xcode/DerivedData/SDKStatCaches.noindex/iphonesimulator18.2-22C146-07b28473f605e47e75261259d3ef3b5a.sdkstatcache -Xcc -I/Users/joedormond/Library/Developer/Xcode/DerivedData/branchr-aheaqiyakzptavfcnnusrgtfekde/Build/Intermediates.noindex/branchr.build/Debug-iphonesimulator/branchr.build/swift-overrides.hmap -Xcc -iquote -Xcc /Users/joedormond/Library/Developer/Xcode/DerivedData/branchr-aheaqiyakzptavfcnnusrgtfekde/Build/Intermediates.noindex/branchr.build/Debug-iphonesimulator/branchr.build/branchr-generated-files.hmap -Xcc -I/Users/joedormond/Library/Developer/Xcode/DerivedData/branchr-aheaqiyakzptavfcnnusrgtfekde/Build/Intermediates.noindex/branchr.build/Debug-iphonesimulator/branchr.build/branchr-own-target-headers.hmap -Xcc -I/Users/joedormond/Library/Developer/Xcode/DerivedData/branchr-aheaqiyakzptavfcnnusrgtfekde/Build/Intermediates.noindex/branchr.build/Debug-iphonesimulator/branchr.build/branchr-all-target-headers.hmap -Xcc -iquote -Xcc /Users/joedormond/Library/Developer/Xcode/DerivedData/branchr-aheaqiyakzptavfcnnusrgtfekde/Build/Intermediates.noindex/branchr.build/Debug-iphonesimulator/branchr.build/branchr-project-headers.hmap -Xcc -I/Users/joedormond/Library/Developer/Xcode/DerivedData/branchr-aheaqiyakzptavfcnnusrgtfekde/Build/Products/Debug-iphonesimulator/include -Xcc -I/Users/joedormond/Library/Developer/Xcode/DerivedData/branchr-aheaqiyakzptavfcnnusrgtfekde/Build/Intermediates.noindex/branchr.build/Debug-iphonesimulator/branchr.build/DerivedSources-normal/x86_64 -Xcc -I/Users/joedormond/Library/Developer/Xcode/DerivedData/branchr-aheaqiyakzptavfcnnusrgtfekde/Build/Intermediates.noindex/branchr.build/Debug-iphonesimulator/branchr.build/DerivedSourttings/SafetyControlView.swift /Users/joedormond/Documents/branchr/Views/Settings/SettingsView.swift /Users/joedormond/Documents/branchr/Views/SharedComponents/SectionCard.swift /Users/joedormond/Documents/branchr/Views/Splash/LaunchAnimationView.swift /Users/joedormond/Documents/branchr/Views/Splash/LaunchBikeRiderView.swift /Users/joedormond/Documents/branchr/Views/Voice/DJControlView.swift /Users/joedormond/Documents/branchr/Views/Voice/MusicStatusBannerView.swift /Users/joedormond/Documents/branchr/Views/Voice/VoiceSettingsView.swift /Users/joedormond/Documents/branchr/Views/AudioControlView.swift /Users/joedormond/Documents/branchr/Views/GroupRideView.swift /Users/joedormond/Documents/branchr/Views/MapComponents.swift /Users/joedormond/Documents/branchr/Views/RideCalendarView.swift /Users/joedormond/Documents/branchr/Views/RideDayDetailView.swift /Users/joedormond/Documents/branchr/Views/RideHUDView.swift /Users/joedormond/Documents/branchr/Views/RideInsightsView.swift /Users/joedormond/Documents/branchr/Views/RidePromptView.swift /Users/joedormond/Documents/branchr/Views/SongRequestSheet.swift /Users/joedormond/Documents/branchr/Views/WeightSettingsView.swift /Users/joedormond/Documents/branchr/Services/AudioMixerService.swift -primary-file /Users/joedormond/Documents/branchr/Services/AutoModeDetectionService.swift -primary-file /Users/joedormond/Documents/branchr/Services/BranchrButton.swift -primary-file /Users/joedormond/Documents/branchr/Services/BranchrColor.swift -primary-file /Users/joedormond/Documents/branchr/Services/CalorieCalculator.swift -primary-file /Users/joedormond/Documents/branchr/Services/CommandProcessor.swift -primary-file /Users/joedormond/Documents/branchr/Services/GestureControlService.swift -primary-file /Users/joedormond/Documents/branchr/Services/GroupSessionManager.swift -primary-file /Users/joedormond/Documents/branchr/Services/HapticsService.swift -primary-file /Users/joedormond/Documents/branchr/Services/HostDJController.swift -primary-file /Users/joedormond/Documents/branchr/Services/HUDManager.swift -primary-file /Users/joedormond/Documents/branchr/Services/LocationTrackingService.swift -primary-file /Users/joedormond/Documents/branchr/Services/ModeConfiguration.swift -primary-file /Users/joedormond/Documents/branchr/Services/ModeManager.swift -primary-file /Users/joedormond/Documents/branchr/Services/MotionDetectionService.swift -primary-file /Users/joedormond/Documents/branchr/Services/MusicKitService.swift -primary-file /Users/joedormond/Documents/branchr/Services/MusicService.swift -primary-file /Users/joedormond/Documents/branchr/Services/MusicSyncService.swift /Users/joedormond/Documents/branchr/Services/PandoraIntegrationService.swift /Users/joedormond/Documents/branchr/Services/PeerConnectionService.swift /Users/joedormond/Documents/branchr/Services/RideCloudSyncService.swift /Users/joedormond/Documents/branchr/Services/RideDataManager.swift /Users/joedormond/Documents/branchr/Services/SongRequestManager.swift /Users/joedormond/Documents/branchr/Services/SpeechCommandService.swift /Users/joedormond/Documents/branchr/Services/ThemeManager.swift /Users/joedormond/Documents/branchr/Services/UserPreferenceManager.swift /Users/joedormond/Documents/branchr/Services/UserPreferenceSyncManager.swift /Users/joedormond/Documents/branchr/Services/VoiceActivationService.swift /Users/joedormond/Documents/branchr/Services/VoiceAssistantService.swift /Users/joedormond/Documents/branchr/Services/VoiceChatService.swift /Users/joedormond/Documents/branchr/Services/VoiceResponseManager.swift /Users/joedormond/Documents/branchr/Services/VoiceSongRequestService.swift /Users/joedormond/Documents/branchr/Services/WatchConnectivityService.swift /Users/joedormond/Documents/branchr/App/RemoteCommandRegistrar.swift /Users/joedormond/Library/Developer/Xcode/DerivedData/branchr-aheaqiyakzptavfcnnusrgtfekde/Build/Intermediates.noindex/branchr.build/Debug-iphonesimulator/branchr.build/DerivedSources/GeneratedAssetSymbols.swift -supplementary-output-file-map /Users/joedormond/Library/Developer/Xcode/DerivedData/branchr-aheaqiyakzptavfcnnusrgtfekde/Build/Intermediates.noindex/branchr.build/Debug-iphonesimulator/branchr.build/Objects-normal/x86_64/supplementaryOutputs-3 -emit-localized-strings -emit-localized-strings-path /Users/joedormond/Library/Developer/Xcode/DerivedData/branchr-aheaqiyakzptavfcnnusrgtfekde/Build/Intermediates.noindex/branchr.build/Debug-iphonesimulator/branchr.build/Objects-normal/x86_64 -target x86_64-apple-ios18.2-simulator -enable-objc-interop -sdk /Applications/Xcode.app/Contents/Developer/Platforms/iPhoneSimulator.platform/Developer/SDKs/iPhoneSimulator18.2.sdk -I /Users/joedormond/Library/Developer/Xcode/DerivedData/branchr-aheaqiyakzptavfcnnusrgtfekde/Build/Products/Debug-iphonesimulator -F /Users/joedormond/Library/Developer/Xcode/DerivedData/branchr-aheaqiyakzptavfcnnusrgtfekde/Build/Products/Debug-iphonesimulator -no-color-diagnostics -enable-testing -g -debug-info-format\=dwarf -dwarf-version\=5 -module-cache-path /Users/joedormond/Library/Developer/Xcode/DerivedData/ModuleCache.noindex -swift-version 5 -enforce-exclusivity\=checked -Onone -D DEBUG -serialize-debugging-options -const-gather-protocols-file /Users/joedormond/Library/Developer/Xcode/DerivedData/branchr-aheaqiyakzptavfcnnusrgtfekde/Build/Intermediates.noindex/branchr.build/Debug-iphonesimulator/branchr.build/Objects-normal/x86_64/branchr_const_extract_protocols.json -enable-experimental-feature DebugDescriptionMacro -enable-experimental-feature OpaqueTypeErasure -enable-bare-slash-regex -empty-abi-descriptor -validate-clang-modules-once -clang-build-session-file /Users/joedormond/Library/Developer/Xcode/DerivedData/ModuleCache.noindex/Session.modulevalidation -Xcc -working-directory -Xcc /Users/joedormond/Documents/branchr -resource-dir /Applications/Xcode.app/Contents/Developer/Toolchains/XcodeDefault.xctoolchain/usr/lib/swift -enable-anonymous-context-mangled-names -file-compilation-dir /Users/joedormond/Documents/branchr -Xcc -D_LIBCPP_HARDENING_MODE\=_LIBCPP_HARDENING_MODE_DEBUG -Xcc -ivfsstatcache -Xcc /Users/joedormond/Library/Developer/Xcode/DerivedData/SDKStatCaches.noindex/iphonesimulator18.2-22C146-07b28473f605e47e75261259d3ef3b5a.sdkstatcache -Xcc -I/Users/joedormond/Library/Developer/Xcode/DerivedData/branchr-aheaqiyakzptavfcnnusrgtfekde/Build/Intermediates.noindex/branchr.build/Debug-iphonesimulator/branchr.build/swift-overrides.hmap -Xcc -iquote -Xcc /Users/joedormond/Library/Developer/Xcode/DerivedData/branchr-aheaqiyakzptavfcnnusrgtfekde/Build/Intermediates.noindex/branchr.build/Debug-iphonesimulator/branchr.build/branchr-generated-files.hmap -Xcc -I/Users/joedormond/Library/Developer/Xcode/DerivedData/branchr-aheaqiyakzptavfcnnusrgtfekde/Build/Intermediates.noindex/branchr.build/Debug-iphonesimulator/branchr.build/branchr-own-target-headers.hmap -Xcc -I/Users/joedormond/Library/Developer/Xcode/DerivedData/branchr-aheaqiyakzptavfcnnusrgtfekde/Build/Intermediates.noindex/branchr.build/Debug-iphonesimulator/branchr.build/branchr-all-target-headers.hmap -Xcc -iquote -Xcc /Users/joedormond/Library/Developer/Xcode/DerivedData/branchr-aheaqiyakzptavfcnnusrgtfekde/Build/Intermediates.noindex/branchr.build/Debug-iphonesimulator/branchr.build/branchr-project-headers.hmap -Xcc -I/Users/joedormond/Library/Developer/Xcode/DerivedData/branchr-aheaqiyakzptavfcnnusrgtfekde/Build/Products/Debug-iphonesimulator/include -Xcc -I/Users/joedormond/Library/Developer/Xcode/DerivedData/branchr-aheaqiyakzptavfcnnusrgtfekde/Build/Intermediates.noindex/branchr.build/Debug-iphonesimulator/branchr.build/DerivedSources-normal/x86_64 -Xcc -I/Users/joedormond/Library/Developer/Xcode/DerivedData/branchr-aheaqiyakzptavfcnnusrgtfekde/Build/Intermediates.noindex/branchr.build/Debug-iphonesimulator/branchr.build/DerivedSources/x86_64 -Xcc -I/Users/joedormond/Library/Developer/Xcode/DerivedData/branchr-aheaqiyakzptavfcnnusrgtfekde/Build/Intermediates.noindex/branchr.build/Debug-iphonesimulator/branchr.build/DerivedSources -Xcc -DDEBUG\=1 -module-name branchr -frontend-parseable-output -disable-clang-spi -target-sdk-version 18.2 -target-sdk-name iphonesimulator18.2 -external-plugin-path /Applications/Xcode.app/Contents/Developer/Platforms/iPhoneOS.platform/Developer/usr/lib/swift/host/plugins\#/Applications/Xcode.app/Contents/Developer/Platforms/iPhoneOS.platform/Developer/usr/bin/swift-plugin-server -external-plugin-path /Applications/Xcode.app/Contents/Developer/Platforms/iPhoneOS.platform/Developer/usr/local/lib/swift/host/plugins\#/Applications/Xcode.app/Contents/Developer/Platforms/iPhoneOS.platform/Developer/usr/bin/swift-plugin-server -plugin-path /Applications/Xcode.app/Contents/Developer/Toolchains/XcodeDefault.xctoolchain/usr/lib/swift/host/plugins -plugin-path /Applications/Xcode.app/Contents/Developer/Toolchains/XcodeDefault.xctoolchain/usr/local/lib/swift/host/plugins -o /Users/joedormond/Library/Developer/Xcode/DerivedData/branchr-aheaqiyakzptavfcnnusrgtfekde/Build/Intermediates.noindex/branchr.build/Debug-iphonesimulator/branchr.build/Objects-normal/x86_64/AutoModeDetectionService.o -o /Users/joedormond/Library/Developer/Xcode/DerivedData/branchr-aheaqiyakzptavfcnnusrgtfekde/Build/Intermediates.noindex/branchr.build/Debug-iphonesimulator/branchr.build/Objects-normal/x86_64/BranchrButton.o -o /Users/joedormond/Library/Developer/Xcode/DerivedData/branchr-aheaqiyakzptavfcnnusrgtfekde/Build/Intermediates.noindex/branchr.build/Debug-iphonesimulator/branchr.build/Objects-normal/x86_64/BranchrColor.o -o /Users/joedormond/Library/Developer/Xcode/DerivedData/branchr-aheaqiyakzptavfcnnusrgtfekde/Build/Intermediates.noindex/branchr.build/Debug-iphonesimulator/branchr.build/Objects-normal/x86_64/CalorieCalculator.o -o /Users/joedormond/Library/Developer/Xcode/DerivedData/branchr-aheaqiyakzptavfcnnusrgtfekde/Build/Intermediates.noindex/branchr.build/Debug-iphonesimulator/branchr.build/Objects-normal/x86_64/CommandProcessor.o -o /Users/joedormond/Library/Developer/Xcode/DerivedData/branchr-aheaqiyakzptavfcnnusrgtfekde/Build/Intermediates.noindex/branchr.build/Debug-iphonesimulator/branchr.build/Objects-normal/x86_64/GestureControlService.o -o /Users/joedormond/Library/Developer/Xcode/DerivedData/branchr-aheaqiyakzptavfcnnusrgtfekde/Build/Intermediates.noindex/branchr.build/Debug-iphonesimulator/branchr.build/Objects-normal/x86_64/GroupSessionManager.o -o /Users/joedormond/Library/Developer/Xcode/DerivedData/branchr-aheaqiyakzptavfcnnusrgtfekde/Build/Intermediates.noindex/branchr.build/Debug-iphonesimulator/branchr.build/Objects-normal/x86_64/HapticsService.o -o /Users/joedormond/Library/Developer/Xcode/DerivedData/branchr-aheaqiyakzptavfcnnusrgtfekde/Build/Intermediates.noindex/branchr.build/Debug-iphonesimulator/branchr.build/Objects-normal/x86_64/HostDJController.o -o /Users/joedormond/Library/Developer/Xcode/DerivedData/branchr-aheaqiyakzptavfcnnusrgtfekde/Build/Intermediates.noindex/branchr.build/Debug-iphonesimulator/branchr.build/Objects-normal/x86_64/HUDManager.o -o /Users/joedormond/Library/Developer/Xcode/DerivedData/branchr-aheaqiyakzptavfcnnusrgtfekde/Build/Intermediates.noindex/branchr.build/Debug-iphonesimulator/branchr.build/Objects-normal/x86_64/LocationTrackingService.o -o /Users/joedormond/Library/Developer/Xcode/DerivedData/branchr-aheaqiyakzptavfcnnusrgtfekde/Build/Intermediates.noindex/branchr.build/Debug-iphonesimulator/branchr.build/Objects-normal/x86_64/ModeConfiguration.o -o /Users/joedormond/Library/Developer/Xcode/DerivedData/branchr-aheaqiyakzptavfcnnusrgtfekde/Build/Intermediates.noindex/branchr.build/Debug-iphonesimulator/branchr.build/Objects-normal/x86_64/ModeManager.o -o /Users/joedormond/Library/Developer/Xcode/DerivedData/branchr-aheaqiyakzptavfcnnusrgtfekde/Build/Intermediates.noindex/branchr.build/Debug-iphonesimulator/branchr.build/Objects-normal/x86_64/MotionDetectionService.o -o /Users/joedormond/Library/Developer/Xcode/DerivedData/branchr-aheaqiyakzptavfcnnusrgtfekde/Build/Intermediates.noindex/branchr.build/Debug-iphonesimulator/branchr.build/Objects-normal/x86_64/MusicKitService.o -o /Users/joedormond/Library/Developer/Xcode/DerivedData/branchr-aheaqiyakzptavfcnnusrgtfekde/Build/Intermediates.noindex/branchr.build/Debug-iphonesimulator/branchr.build/Objects-normal/x86_64/MusicService.o -o /Users/joedormond/Library/Developer/Xcode/DerivedData/branchr-aheaqiyakzptavfcnnusrgtfekde/Build/Intermediates.noindex/branchr.build/Debug-iphonesimulator/branchr.build/Objects-normal/x86_64/MusicSyncService.o -index-unit-output-path /branchr.build/Debug-iphonesimulator/branchr.build/Objects-normal/x86_64/AutoModeDetectionService.o -index-unit-output-path /branchr.build/Debug-iphonesimulator/branchr.build/Objects-normal/x86_64/BranchrButton.o -index-unit-output-path /branchr.build/Debug-iphonesimulator/branchr.build/Objects-normal/x86_64/BranchrColor.o -index-unit-output-path /branchr.build/Debug-iphonesimulator/branchr.build/Objects-normal/x86_64/CalorieCalculator.o -index-unit-output-path /branchr.build/Debug-iphonesimulator/branchr.build/Objects-normal/x86_64/CommandProcessor.o -index-unit-output-path /branchr.build/Debug-iphonesimulator/branchr.build/Objects-normal/x86_64/GestureControlService.o -index-unit-output-path /branchr.build/Debug-iphonesimulator/branchr.build/Objects-normal/x86_64/GroupSessionManager.o -index-unit-output-path /branchr.build/Debug-iphonesimulator/branchr.build/Objects-normal/x86_64/HapticsService.o -index-unit-output-path /branchr.build/Debug-iphonesimulator/branchr.build/Objects-normal/x86_64/HostDJController.o -index-unit-output-path /branchr.build/Debug-iphonesimulator/branchr.build/Objects-normal/x86_64/HUDManager.o -index-unit-output-path /branchr.build/Debug-iphonesimulator/branchr.build/Objects-normal/x86_64/LocationTrackingService.o -index-unit-output-path /branchr.build/Debug-iphonesimulator/branchr.build/Objects-normal/x86_64/ModeConfiguration.o -index-unit-output-path /branchr.build/Debug-iphonesimulator/branchr.build/Objects-normal/x86_64/ModeManager.o -index-unit-output-path /branchr.build/Debug-iphonesimulator/branchr.build/Objects-normal/x86_64/MotionDetectionService.o -index-unit-output-path /branchr.build/Debug-iphonesimulator/branchr.build/Objects-normal/x86_64/MusicKitService.o -index-unit-output-path /branchr.build/Debug-iphonesimulator/branchr.build/Objects-normal/x86_64/MusicService.o -index-unit-output-path /branchr.build/Debug-iphonesimulator/branchr.build/Objects-normal/x86_64/MusicSyncService.o -index-store-path /Users/joedormond/Library/Developer/Xcode/DerivedData/branchr-aheaqiyakzptavfcnnusrgtfekde/Index.noindex/DataStore -index-system-modules

SwiftCompile normal x86_64 /Users/joedormond/Documents/branchr/Services/GroupSessionManager.swift (in target 'branchr' from project 'branchr')
    cd /Users/joedormond/Documents/branchr
    /Applications/Xcode.app/Contents/Developer/Toolchains/XcodeDefault.xctoolchain/usr/bin/swift-frontend -c /Users/joedormond/Documents/branchr/branchrApp.swift /Users/joedormond/Documents/branchr/App/BranchrAppRoot.swift /Users/joedormond/Documents/branchr/App/FloatingActionMenu.swift /Users/joedormond/Documents/branchr/Services/AchievementTracker.swift /Users/joedormond/Documents/branchr/Services/AIInsightService.swift /Users/joedormond/Documents/branchr/Services/AINoiseControlService.swift /Users/joedormond/Documents/branchr/Services/AudioManager.swift /Users/joedormond/Documents/branchr/Views/DJ/DJControlSheetView.swift /Users/joedormond/Documents/branchr/Views/Home/HomeView.swift /Users/joedormond/Documents/branchr/Views/Home/ModeStatusBannerView.swift /Users/joedormond/Documents/branchr/Views/Ride/CloudStatusBannerView.swift /Users/joedormond/Documents/branchr/Views/Ride/RideHistoryView.swift /Users/joedormond/Documents/branchr/Views/Ride/RideMapView.swift /Users/joedormond/Documents/branchr/Views/Ride/RideSummaryView.swift /Users/joedormond/Documents/branchr/Views/Settings/ModeSelectionView.swift /Users/joedormond/Documents/branchr/Views/Settings/SafetyControlView.swift /Users/joedormond/Documents/branchr/Views/Settings/SettingsView.swift /Users/joedormond/Documents/branchr/Views/SharedComponents/SectionCard.swift /Users/joedormond/Documents/branchr/Views/Splash/LaunchAnimationView.swift /Users/joedormond/Documents/branchr/Views/Splash/LaunchBikeRiderView.swift /UsersneOS.platform/Developer/usr/local/lib/swift/host/plugins\#/Applications/Xcode.app/Contents/Developer/Platforms/iPhoneOS.platform/Developer/usr/bin/swift-plugin-server -plugin-path /Applications/Xcode.app/Contents/Developer/Toolchains/XcodeDefault.xctoolchain/usr/lib/swift/host/plugins -plugin-path /Applications/Xcode.app/Contents/Developer/Toolchains/XcodeDefault.xctoolchain/usr/local/lib/swift/host/plugins -o /Users/joedormond/Library/Developer/Xcode/DerivedData/branchr-aheaqiyakzptavfcnnusrgtfekde/Build/Intermediates.noindex/branchr.build/Debug-iphonesimulator/branchr.build/Objects-normal/x86_64/AutoModeDetectionService.o -o /Users/joedormond/Library/Developer/Xcode/DerivedData/branchr-aheaqiyakzptavfcnnusrgtfekde/Build/Intermediates.noindex/branchr.build/Debug-iphonesimulator/branchr.build/Objects-normal/x86_64/BranchrButton.o -o /Users/joedormond/Library/Developer/Xcode/DerivedData/branchr-aheaqiyakzptavfcnnusrgtfekde/Build/Intermediates.noindex/branchr.build/Debug-iphonesimulator/branchr.build/Objects-normal/x86_64/BranchrColor.o -o /Users/joedormond/Library/Developer/Xcode/DerivedData/branchr-aheaqiyakzptavfcnnusrgtfekde/Build/Intermediates.noindex/branchr.build/Debug-iphonesimulator/branchr.build/Objects-normal/x86_64/CalorieCalculator.o -o /Users/joedormond/Library/Developer/Xcode/DerivedData/branchr-aheaqiyakzptavfcnnusrgtfekde/Build/Intermediates.noindex/branchr.build/Debug-iphonesimulator/branchr.build/Objects-normal/x86_64/CommandProcessor.o -o /Users/joedormond/Library/Developer/Xcode/DerivedData/branchr-aheaqiyakzptavfcnnusrgtfekde/Build/Intermediates.noindex/branchr.build/Debug-iphonesimulator/branchr.build/Objects-normal/x86_64/GestureControlService.o -o /Users/joedormond/Library/Developer/Xcode/DerivedData/branchr-aheaqiyakzptavfcnnusrgtfekde/Build/Intermediates.noindex/branchr.build/Debug-iphonesimulator/branchr.build/Objects-normal/x86_64/GroupSessionManager.o -o /Users/joedormond/Library/Developer/Xcode/DerivedData/branchr-aheaqiyakzptavfcnnusrgtfekde/Build/Intermediates.noindex/branchr.build/Debug-iphonesimulator/branchr.build/Objects-normal/x86_64/HapticsService.o -o /Users/joedormond/Library/Developer/Xcode/DerivedData/branchr-aheaqiyakzptavfcnnusrgtfekde/Build/Intermediates.noindex/branchr.build/Debug-iphonesimulator/branchr.build/Objects-normal/x86_64/HostDJController.o -o /Users/joedormond/Library/Developer/Xcode/DerivedData/branchr-aheaqiyakzptavfcnnusrgtfekde/Build/Intermediates.noindex/branchr.build/Debug-iphonesimulator/branchr.build/Objects-normal/x86_64/HUDManager.o -o /Users/joedormond/Library/Developer/Xcode/DerivedData/branchr-aheaqiyakzptavfcnnusrgtfekde/Build/Intermediates.noindex/branchr.build/Debug-iphonesimulator/branchr.build/Objects-normal/x86_64/LocationTrackingService.o -o /Users/joedormond/Library/Developer/Xcode/DerivedData/branchr-aheaqiyakzptavfcnnusrgtfekde/Build/Intermediates.noindex/branchr.build/Debug-iphonesimulator/branchr.build/Objects-normal/x86_64/ModeConfiguration.o -o /Users/joedormond/Library/Developer/Xcode/DerivedData/branchr-aheaqiyakzptavfcnnusrgtfekde/Build/Intermediates.noindex/branchr.build/Debug-iphonesimulator/branchr.build/Objects-normal/x86_64/ModeManager.o -o /Users/joedormond/Library/Developer/Xcode/DerivedData/branchr-aheaqiyakzptavfcnnusrgtfekde/Build/Intermediates.noindex/branchr.build/Debug-iphonesimulator/branchr.build/Objects-normal/x86_64/MotionDetectionService.o -o /Users/joedormond/Library/Developer/Xcode/DerivedData/branchr-aheaqiyakzptavfcnnusrgtfekde/Build/Intermediates.noindex/branchr.build/Debug-iphonesimulator/branchr.build/Objects-normal/x86_64/MusicKitService.o -o /Users/joedormond/Library/Developer/Xcode/DerivedData/branchr-aheaqiyakzptavfcnnusrgtfekde/Build/Intermediates.noindex/branchr.build/Debug-iphonesimulator/branchr.build/Objects-normal/x86_64/MusicService.o -o /Users/joedormond/Library/Developer/Xcode/DerivedData/branchr-aheaqiyakzptavfcnnusrgtfekde/Build/Intermediates.noindex/branchr.build/Debug-iphonesimulator/branchr.build/Objects-normal/x86_64/MusicSyncService.o -index-unit-output-path /branchr.build/Debug-iphonesimulator/branchr.build/Objects-normal/x86_64/AutoModeDetectionService.o -index-unit-output-path /branchr.build/Debug-iphonesimulator/branchr.build/Objects-normal/x86_64/BranchrButton.o -index-unit-output-path /branchr.build/Debug-iphonesimulator/branchr.build/Objects-normal/x86_64/BranchrColor.o -index-unit-output-path /branchr.build/Debug-iphonesimulator/branchr.build/Objects-normal/x86_64/CalorieCalculator.o -index-unit-output-path /branchr.build/Debug-iphonesimulator/branchr.build/Objects-normal/x86_64/CommandProcessor.o -index-unit-output-path /branchr.build/Debug-iphonesimulator/branchr.build/Objects-normal/x86_64/GestureControlService.o -index-unit-output-path /branchr.build/Debug-iphonesimulator/branchr.build/Objects-normal/x86_64/GroupSessionManager.o -index-unit-output-path /branchr.build/Debug-iphonesimulator/branchr.build/Objects-normal/x86_64/HapticsService.o -index-unit-output-path /branchr.build/Debug-iphonesimulator/branchr.build/Objects-normal/x86_64/HostDJController.o -index-unit-output-path /branchr.build/Debug-iphonesimulator/branchr.build/Objects-normal/x86_64/HUDManager.o -index-unit-output-path /branchr.build/Debug-iphonesimulator/branchr.build/Objects-normal/x86_64/LocationTrackingService.o -index-unit-output-path /branchr.build/Debug-iphonesimulator/branchr.build/Objects-normal/x86_64/ModeConfiguration.o -index-unit-output-path /branchr.build/Debug-iphonesimulator/branchr.build/Objects-normal/x86_64/ModeManager.o -index-unit-output-path /branchr.build/Debug-iphonesimulator/branchr.build/Objects-normal/x86_64/MotionDetectionService.o -index-unit-output-path /branchr.build/Debug-iphonesimulator/branchr.build/Objects-normal/x86_64/MusicKitService.o -index-unit-output-path /branchr.build/Debug-iphonesimulator/branchr.build/Objects-normal/x86_64/MusicService.o -index-unit-output-path /branchr.build/Debug-iphonesimulator/branchr.build/Objects-normal/x86_64/MusicSyncService.o -index-store-path /Users/joedormond/Library/Developer/Xcode/DerivedData/branchr-aheaqiyakzptavfcnnusrgtfekde/Index.noindex/DataStore -index-system-modules

SwiftCompile normal x86_64 /Users/joedormond/Documents/branchr/Services/HapticsService.swift (in target 'branchr' from project 'branchr')
    cd /Users/joedormond/Documents/branchr
    /Applications/Xcode.app/Contents/Developer/Toolchains/XcodeDefault.xctoolchain/usr/bin/swift-frontend -c /Users/joedormond/Documents/branchr/branchrApp.swift /Users/joedormond/Documents/branchr/App/BranchrAppRoot.swift /Users/joedormond/Documents/branchr/App/FloatingActionMenu.swift /Users/joedormond/Documents/branchr/Services/AchievementTracker.swift /Users/joedormond/Documents/branchr/Services/AIInsightService.swift /Users/joedormond/Documents/branchr/Services/AINoiseControlService.swift /Users/joedormond/Documents/branchr/Services/AudioManager.swift /Users/joedormond/Documents/branchr/Views/DJ/DJControlSheetView.swift /Users/joedormond/Documents/branchr/Views/Home/HomeView.swift /Users/joedormond/Documents/branchr/Views/Home/ModeStatusBannerView.swift /Users/joedormond/Documents/branchr/Views/Ride/CloudStatusBannerView.swift /Users/joedormond/Documents/branchr/Views/Ride/RideHistoryView.swift /Users/joedormond/Documents/branchr/Views/Ride/RideMapView.swift /Users/joedormond/Documents/branchr/Views/Ride/RideSummaryView.swift /Users/joedormond/Documents/branchr/Views/Settings/ModeSelectionView.swift /Users/joedormond/Documents/branchr/Views/Settings/SafetyControlView.swift /Users/joedormond/Documents/branchr/Views/Settings/SettingsView.swift /Users/joedormond/Documents/branchr/Views/SharedComponents/SectionCard.swift /Users/joedormond/Documents/branchr/Views/Splash/LaunchAnimationView.swift /Users/joedormond/Documents/branchr/Views/Splash/LaunchBikeRiderView.swift /Users/joedormond/Documents/branchr/Views/Voice/DJControlView.swift /Users/joedormond/Documents/branchr/Views/Voice/MusicStatusBannerView.swift /Users/joedormond/Documents/branchr/Views/Voice/VoiceSettingsView.swift /Users/joedormond/Documents/branchr/Views/AudioControlView.swift /Users/joedormond/Documents/branchr/Views/GroupRideView.swift /Users/joedormond/Documents/branchr/Views/MapComponents.swift /Users/joedormond/Documents/branchr/Views/RideCalendarView.swift /Users/joedormond/Documents/branchr/Views/RideDayDetailView.swift /Users/joedormond/Documents/branchr/Views/RideHUDView.swift /Users/joedormond/Documents/branchr/Views/RideInsightsView.swift /Users/joedormond/Documents/branchr/Views/RidePromptView.swift /Users/joedormond/Documents/branchr/Views/SongRequestSheet.swift /Users/joedormond/Documents/branchr/Views/WeightSettingsView.swift /Users/joedormond/Documents/branchr/Services/AudioMixerService.swift -primary-file /Users/joedormond/Documents/branchr/Services/AutoModeDetectionService.swift -primary-file /Users/joedormond/Documents/branchr/Services/BranchrButton.swift -primary-file /Users/joedormond/Documents/branchr/Services/BranchrColor.swift -primary-file /Users/joedormond/Documents/branchr/Services/CalorieCalculator.swift -primary-file /Users/joedormond/Documents/branchr/Services/CommandProcessor.swift -primary-file /Users/joedormond/Documents/branchr/Services/GestureControlService.swift -primary-file /Users/joedormond/Documents/branchr/Services/GroupSessionManager.swift -primary-file /Users/joedormond/Documents/branchr/Services/HapticsService.swift -primary-file /Users/joedormond/Documents/branchr/Services/HostDJController.swift -primary-file /Users/joedormond/Documents/branchr/Services/HUDManager.swift -primary-file /Users/joedormond/Documents/branchr/Services/LocationTrackingService.swift -primary-file /Users/joedormond/Documents/branchr/Services/ModeConfiguration.swift -primary-file /Users/joedormond/Documents/branchr/Services/ModeManager.swift -primary-file /Users/joedormond/Documents/branchr/Services/MotionDetectionService.swift -primary-file /Users/joedormond/Documents/branchr/Services/MusicKitService.swift -primary-file /Users/joedormond/Documents/branchr/Services/MusicService.swift -primary-file /Users/joedormond/Documents/branchr/Services/MusicSyncService.swift /Users/joedormond/Documents/branchr/Services/PandoraIntegrationService.swift /Users/joedormond/Documents/branchr/Services/PeerConnectionService.swift /Users/joedormond/Documents/branchr/Services/RideCloudSyncService.swift /Users/joedormond/Documents/branchr/Services/RideDataManager.swift /Users/joedormond/Documents/branchr/Services/SongRequestManager.swift /Users/joedormond/Documents/branchr/Services/SpeechCommandService.swift /Users/joedormond/Documents/branchr/Services/ThemeManager.swift /Users/joedormond/Documents/branchr/Services/UserPreferenceManager.swift /Users/joedormond/Documents/branchr/Services/UserPreferenceSyncManager.swift /Users/joedormond/Documents/branchr/Services/VoiceActivationService.swift /Users/joedormond/Documents/branchr/Services/VoiceAssistantService.swift /Users/joedormond/Documents/branchr/Services/VoiceChatService.swift /Users/joedormond/Documents/branchr/Services/VoiceResponseManager.swift /Users/joedormond/Documents/branchr/Services/VoiceSongRequestService.swift /Users/joedormond/Documents/branchr/Services/WatchConnectivityService.swift /Users/joedormond/Documents/branchr/App/RemoteCommandRegistrar.swift /Users/joedormond/Library/Developer/Xcode/DerivedData/branchr-aheaqiyakzptavfcnnusrgtfekde/Build/Intermediates.noindex/branchr.build/Debug-iphonesimulator/branchr.build/DerivedSources/GeneratedAssetSymbols.swift -supplementary-output-file-map /Users/joedormond/Library/Developer/Xcode/DerivedData/branchr-aheaqiyakzptavfcnnusrgtfekde/Build/Intermediates.noindex/branchr.build/Debug-iphonesimulator/branchr.build/Objects-normal/x86_64/supplementaryOutputs-3 -emit-localized-strings -emit-localized-strings-path /Users/joedormond/Library/Developer/Xcode/DerivedData/branchr-aheaqiyakzptavfcnnusrgtfekde/Build/Intermediates.noindex/branchr.build/Debug-iphonesimulator/branchr.build/Objects-normal/x86_64 -target x86_64-apple-ios18.2-simulator -enable-objc-interop -sdk /Applications/Xcode.app/Contents/Developer/Platforms/iPhoneSimulator.platform/Developer/SDKs/iPhoneSimulator18.2.sdk -I /Users/joedormond/Library/Developer/Xcode/DerivedData/branchr-aheaqiyakzptavfcnnusrgtfekde/Build/Products/Debug-iphonesimulator -F /Users/joedormond/Library/Developer/Xcode/DerivedData/branchr-aheaqiyakzptavfcnnusrgtfekde/Build/Products/Debug-iphonesimulator -no-color-diagnostics -enable-testing -g -debug-info-format\=dwarf -dwarf-version\=5 -module-cache-path /Users/joedormond/Library/Developer/Xcode/DerivedData/ModuleCache.noindex -swift-version 5 -enforce-exclusivity\=checked -Onone -D DEBUG -serialize-debugging-options -const-gather-protocols-file /Users/joedormond/Library/Developer/Xcode/DerivedData/branchr-aheaqiyakzptavfcnnusrgtfekde/Build/Intermediates.noindex/branchr.build/Debug-iphonesimulator/branchr.build/Objects-normal/x86_64/branchr_const_extract_protocols.json -enable-experimental-feature DebugDescriptionMacro -enable-experimental-feature OpaqueTypeErasure -enable-bare-slash-regex -empty-abi-descriptor -validate-clang-modules-once -clang-build-session-file /Users/joedormond/Library/Developer/Xcode/DerivedData/ModuleCache.noindex/Session.modulevalidation -Xcc -working-directory -Xcc /Users/joedormond/Documents/branchr -resource-dir /Applications/Xcode.app/Contents/Developer/Toolchains/XcodeDefault.xctoolchain/usr/lib/swift -enable-anonymous-context-mangled-names -file-compilation-dir /Users/joedormond/Documents/branchr -Xcc -D_LIBCPP_HARDENING_MODE\=_LIBCPP_HARDENING_MODE_DEBUG -Xcc -ivfsstatcache -Xcc /Users/joedormond/Library/Developer/Xcode/DerivedData/SDKStatCaches.noindex/iphonesimulator18.2-22C146-07b28473f605e47e75261259d3ef3b5a.sdkstatcache -Xcc -I/Users/joedormond/Library/Developer/Xcode/DerivedData/branchr-aheaqiyakzptavfcnnusrgtfekde/Build/Intermediates.noindex/branchr.build/Debug-iphonesimulator/branchr.build/swift-overrides.hmap -Xcc -iquote -Xcc /Users/joedormond/Library/Developer/Xcode/DerivedData/branchr-aheaqiyakzptavfcnnusrgtfekde/Build/Intermediates.noindex/branchr.build/Debug-iphonesimulator/branchr.build/branchr-generated-files.hmap -Xcc -I/Users/joedormond/Library/Developer/Xcode/DerivedData/branchr-aheaqiyakzptavfcnnusrgtfekde/Build/Intermediates.noindex/branchr.build/Debug-iphonesimulator/branchr.build/branchr-own-target-headers.hmap -Xcc -I/Users/joedormond/Library/Developer/Xcode/DerivedData/branchr-aheaqiyakzptavfcnnusrgtfekde/Build/Intermediates.noindex/branchr.build/Debug-iphonesimulator/branchr.build/branchr-all-target-headers.hmap -Xcc -iquote -Xcc /Users/joedormond/Library/Developer/Xcode/DerivedData/branchr-aheaqiyakzptavfcnnusrgtfekde/Build/Intermediates.noindex/branchr.build/Debug-iphonesimulator/branchr.build/branchr-project-headers.hmap -Xcc -I/Users/joedormond/Library/Developer/Xcode/DerivedData/branchr-aheaqiyakzptavfcnnusrgtfekde/Build/Products/Debug-iphonesimulator/include -Xcc -I/Users/joedormond/Library/Developer/Xcode/DerivedData/branchr-aheaqiyakzptavfcnnusrgtfekde/Build/Intermediates.noindex/branchr.build/Debug-iphonesimulator/branchr.build/DerivedSources-normal/x86_64 -Xcc -I/Users/joedormond/Library/Developer/Xcode/DerivedData/branchr-aheaqiyakzptavfcnnusrgtfekde/Build/Intermediates.noindex/branchr.build/Debug-iphonesimulator/branchr.build/DerivedSources/x86_64 -Xcc -I/Users/joedormond/Library/Developer/Xcode/DerivedData/branchr-aheaqiyakzptavfcnnusrgtfekde/Build/Intermediates.noindex/branchr.build/Debug-iphonesimulator/branchr.build/DerivedSources -Xcc -DDEBUG\=1 -module-name branchr -frontend-parseable-output -disable-clang-spi -target-sdk-version 18.2 -target-sdk-name iphonesimulator18.2 -external-plugin-path /Applications/Xcode.app/Contents/Developer/Platforms/iPhoneOS.platform/Developer/usr/lib/swift/host/plugins\#/Applications/Xcode.app/Contents/Developer/Platforms/iPhoneOS.platform/Developer/usr/bin/swift-plugin-server -external-plugin-path /Applications/Xcode.app/Contents/Developer/Platforms/iPhoneOS.platform/Developer/usr/local/lib/swift/host/plugins\#/Applications/Xcode.app/Contents/Developer/Platforms/iPhoneOS.platform/Developer/usr/bin/swift-plugin-server -plugin-path /Applications/Xcode.app/Contents/Developer/Toolchains/XcodeDefault.xctoolchain/usr/lib/swift/host/plugins -plugin-path /Applications/Xcode.app/Contents/Developer/Toolchains/XcodeDefault.xctoolchain/usr/local/lib/swift/host/plugins -o /Users/joedormond/Library/Developer/Xcode/DerivedData/branchr-aheaqiyakzptavfcnnusrgtfekde/Build/Intermediates.noindex/branchr.build/Debug-iphonesimulator/branchr.build/Objects-normal/x86_64/AutoModeDetectionService.o -o /Users/joedormond/Library/Developer/Xcode/DerivedData/branchr-aheaqiyakzptavfcnnusrgtfekde/Build/Intermediates.noindex/branchr.build/Debug-iphonesimulator/branchr.build/Objects-normal/x86_64/BranchrButton.o -o /Users/joedormond/Library/Developer/Xcode/DerivedData/branchr-aheaqiyakzptavfcnnusrgtfekde/Build/Intermediates.noindex/branchr.build/Debug-iphonesimulator/branchr.build/Objects-normal/x86_64/BranchrColor.o -o /Users/joedormond/Library/Developer/Xcode/DerivedData/branchr-aheaqiyakzptavfcnnusrgtfekde/Build/Intermediates.noindex/branchr.build/Debug-iphonesimulator/branchr.build/Objects-normal/x86_64/CalorieCalculator.o -o /Users/joedormond/Library/Developer/Xcode/DerivedData/branchr-aheaqiyakzptavfcnnusrgtfekde/Build/Intermediates.noindex/branchr.build/Debug-iphonesimulator/branchr.build/Objects-normal/x86_64/CommandProcessor.o -o /Users/joedormond/Library/Developer/Xcode/DerivedData/branchr-aheaqiyakzptavfcnnusrgtfekde/Build/Intermediates.noindex/branchr.build/Debug-iphonesimulator/branchr.build/Objects-normal/x86_64/GestureControlService.o -o /Users/joedormond/Library/Developer/Xcode/DerivedData/branchr-aheaqiyakzptavfcnnusrgtfekde/Build/Intermediates.noindex/branchr.build/Debug-iphonesimulator/branchr.build/Objects-normal/x86_64/GroupSessionManager.o -o /Users/joedormond/Library/Developer/Xcode/DerivedData/branchr-aheaqiyakzptavfcnnusrgtfekde/Build/Intermediates.noindex/branchr.build/Debug-iphonesimulator/branchr.build/Objects-normal/x86_64/HapticsService.o -o /Users/joedormond/Library/Developer/Xcode/DerivedData/branchr-aheaqiyakzptavfcnnusrgtfekde/Build/Intermediates.noindex/branchr.build/Debug-iphonesimulator/branchr.build/Objects-normal/x86_64/HostDJController.o -o /Users/joedormond/Library/Developer/Xcode/DerivedData/branchr-aheaqiyakzptavfcnnusrgtfekde/Build/Intermediates.noindex/branchr.build/Debug-iphonesimulator/branchr.build/Objects-normal/x86_64/HUDManager.o -o /Users/joedormond/Library/Developer/Xcode/DerivedData/branchr-aheaqiyakzptavfcnnusrgtfekde/Build/Intermediates.noindex/branchr.build/Debug-iphonesimulator/branchr.build/Objects-normal/x86_64/LocationTrackingService.o -o /Users/joedormond/Library/Developer/Xcode/DerivedData/branchr-aheaqiyakzptavfcnnusrgtfekde/Build/Intermediates.noindex/branchr.build/Debug-iphonesimulator/branchr.build/Objects-normal/x86_64/ModeConfiguration.o -o /Users/joedormond/Library/Developer/Xcode/DerivedData/branchr-aheaqiyakzptavfcnnusrgtfekde/Build/Intermediates.noindex/branchr.build/Debug-iphonesimulator/branchr.build/Objects-normal/x86_64/ModeManager.o -o /Users/joedormond/Library/Developer/Xcode/DerivedData/branchr-aheaqiyakzptavfcnnusrgtfekde/Build/Intermediates.noindex/branchr.build/Debug-iphonesimulator/branchr.build/Objects-normal/x86_64/MotionDetectionService.o -o /Users/joedormond/Library/Developer/Xcode/DerivedData/branchr-aheaqiyakzptavfcnnusrgtfekde/Build/Intermediates.noindex/branchr.build/Debug-iphonesimulator/branchr.build/Objects-normal/x86_64/MusicKitService.o -o /Users/joedormond/Library/Developer/Xcode/DerivedData/branchr-aheaqiyakzptavfcnnusrgtfekde/Build/Intermediates.noindex/branchr.build/Debug-iphonesimulator/branchr.build/Objects-normal/x86_64/MusicService.o -o /Users/joedormond/Library/Developer/Xcode/DerivedData/branchr-aheaqiyakzptavfcnnusrgtfekde/Build/Intermediates.noindex/branchr.build/Debug-iphonesimulator/branchr.build/Objects-normal/x86_64/MusicSyncService.o -index-unit-output-path /branchr.build/Debug-iphonesimulator/branchr.build/Objects-normal/x86_64/AutoModeDetectionService.o -index-unit-output-path /branchr.build/Debug-iphonesimulator/branchr.build/Objects-normal/x86_64/BranchrButton.o -index-unit-output-path /branchr.build/Debug-iphonesimulator/branchr.build/Objects-normal/x86_64/BranchrColor.o -index-unit-output-path /branchr.build/Debug-iphonesimulator/branchr.build/Objects-normal/x86_64/CalorieCalculator.o -index-unit-output-path /branchr.build/Debug-iphonesimulator/branchr.build/Objects-normal/x86_64/CommandProcessor.o -index-unit-output-path /branchr.build/Debug-iphonesimulator/branchr.build/Objects-normal/x86_64/GestureControlService.o -index-unit-output-path /branchr.build/Debug-iphonesimulator/branchr.build/Objects-normal/x86_64/GroupSessionManager.o -index-unit-output-path /branchr.build/Debug-iphonesimulator/branchr.build/Objects-normal/x86_64/HapticsService.o -index-unit-output-path /branchr.build/Debug-iphonesimulator/branchr.build/Objects-normal/x86_64/HostDJController.o -index-unit-output-path /branchr.build/Debug-iphonesimulator/branchr.build/Objects-normal/x86_64/HUDManager.o -index-unit-output-path /branchr.build/Debug-iphonesimulator/branchr.build/Objects-normal/x86_64/LocationTrackingService.o -index-unit-output-path /branchr.build/Debug-iphonesimulator/branchr.build/Objects-normal/x86_64/ModeConfiguration.o -index-unit-output-path /branchr.build/Debug-iphonesimulator/branchr.build/Objects-normal/x86_64/ModeManager.o -index-unit-output-path /branchr.build/Debug-iphonesimulator/branchr.build/Objects-normal/x86_64/MotionDetectionService.o -index-unit-output-path /branchr.build/Debug-iphonesimulator/branchr.build/Objects-normal/x86_64/MusicKitService.o -index-unit-output-path /branchr.build/Debug-iphonesimulator/branchr.build/Objects-normal/x86_64/MusicService.o -index-unit-output-path /branchr.build/Debug-iphonesimulator/branchr.build/Objects-normal/x86_64/MusicSyncService.o -index-store-path /Users/joedormond/Library/Developer/Xcode/DerivedData/branchr-aheaqiyakzptavfcnnusrgtfekde/Index.noindex/DataStore -index-system-modules

SwiftCompile normal x86_64 /Users/joedormond/Documents/branchr/Services/HostDJController.swift (in target 'branchr' from project 'branchr')
    cd /Users/joedormond/Documents/branchr
    /Applications/Xcode.app/Contents/Developer/Toolchains/XcodeDefault.xctoolchain/usr/bin/swift-frontend -c /Users/joedormond/Documents/branchr/branchrApp.swift /Users/joedormond/Documents/branchr/App/BranchrAppRoot.swift /Users/joedormond/Documents/branchr/App/FloatingActionMenu.swift /Users/joedormond/Documents/branchr/Services/AchievementTracker.swift /Users/joedormond/Documents/branchr/Services/AIInsightService.swift /Users/joedormond/Documents/branchr/Services/AINoiseControlService.swift /Users/joedormond/Documents/branchr/Services/AudioManager.swift /Users/joedormond/Documents/branchr/Views/DJ/DJControlSheetView.swift /Users/joedormond/Documents/branchr/Views/Home/HomeView.swift /Users/joedormond/Documents/branchr/Views/Home/ModeStatusBannerView.swift /Users/joedormond/Documents/branchr/Views/Ride/CloudStatusBannerView.swift /Users/joedormond/Documents/branchr/Views/Ride/RideHistoryView.swift /Users/joedormond/Documents/branchr/Views/Ride/RideMapView.swift /Users/joedormond/Documents/branchr/Views/Ride/RideSummaryView.swift /Users/joedormond/Documents/branchr/Views/Settings/ModeSelectionView.swift /Users/joedormond/Documents/branchr/Views/Settings/SafetyControlView.swift /Users/joedormond/Documents/branchr/Views/Settings/SettingsView.swift /Users/joedormond/Documents/branchr/Views/SharedComponents/SectionCard.swift /Users/joedormond/Documents/branchr/Views/Splash/LaunchAnimationView.swift /Users/joedormond/Documents/branchr/Views/Splash/LaunchBikeRiderView.swift /Users/joedormond/Documents/branchr/Views/Voice/DJControlView.swift /Users/joedormond/Documents/branchr/Views/Voice/MusicStatusBannerView.swift /Users/joedormond/Documents/branchr/Views/Voice/VoiceSettingsView.swift /Users/joedormond/Documents/branchr/Views/AudioControlView.swift /Users/joedormond/Documents/branchr/Views/GroupRideView.swift /Users/joedormond/Documents/branchr/Views/MapComponents.swift /Users/joedormond/Documents/branchr/Views/RideCalendarView.swift /Users/joedormond/Documents/branchr/Views/RideDayDetailView.swift /Users/joedormond/Documents/branchr/Views/RideHUDView.swift /Users/joedormond/Documents/branchr/Views/RideInsightsView.swift /Users/joedormond/Documents/branchr/Views/RidePromptView.swift /Users/joedormond/Documents/branchr/Views/SongRequestSheet.swift /Users/joedormond/Documents/branchr/Views/WeightSettingsView.swift /Users/joedormond/Documents/branchr/Services/AudioMixerService.swift -primary-file /Users/joedormond/Documents/branchr/Services/AutoModeDetectionService.swift -primary-file /Users/joedormond/Documents/branchr/Services/BranchrButton.swift -primary-file /Users/joedormond/Documents/branchr/Services/BranchrColor.swift -primary-file /Users/joedormond/Documents/branchr/Services/CalorieCalculator.swift -primary-file /Users/joedormond/Documents/branchr/Services/CommandProcessor.swift -primary-file /Users/joedormond/Documents/branchr/Services/GestureControlService.swift -primary-file /Users/joedormond/Documents/branchr/Services/GroupSessionManager.swift -primary-file /Users/joedormond/Documents/branchr/Services/HapticsService.swift -primary-file /Users/joedormond/Documents/branchr/Services/HostDJController.swift -primary-file /Users/joedormond/Documents/branchr/Services/HUDManager.swift -primary-file /Users/joedormond/Documents/branchr/Services/LocationTrackingService.swift -primary-file /Users/joedormond/Documents/branchr/Services/ModeConfiguration.swift -primary-file /Users/joedormond/Documents/branchr/Services/ModeManager.swift -primary-file /Users/joedormond/Documents/branchr/Services/MotionDetectionService.swift -primary-file /Users/joedormond/Documents/branchr/Services/MusicKitService.swift -primary-file /Users/joedormond/Documents/branchr/Services/MusicService.swift -primary-file /Users/joedormond/Documents/branchr/Services/MusicSyncService.swift /Users/joedormond/Documents/branchr/Services/PandoraIntegrationService.swift /Users/joedormond/Documents/branchr/Services/PeerConnectionService.swift /Users/joedormond/Documents/branchr/Services/RideCloudSyncService.swift /Users/joedormond/Documents/branchr/Services/RideDataManager.swift /Users/joedormond/Documents/branchr/Services/SongRequestManager.swift /Users/joedormond/Documents/branchr/Services/SpeechCommandService.swift /Users/joedormond/Documents/branchr/Services/ThemeManager.swift /Users/joedormond/Documents/branchr/Services/UserPreferenceManager.swift /Users/joedormond/Documents/branchr/Services/UserPreferenceSyncManager.swift /Users/joedormond/Documents/branchr/Services/VoiceActivationService.swift /Users/joedormond/Documents/branchr/Services/VoiceAssistantService.swift /Users/joedormond/Documents/branchr/Services/VoiceChatService.swift /Users/joedormond/Documents/branchr/Services/VoiceResponseManager.swift /Users/joedormond/Documents/branchr/Services/VoiceSongRequestService.swift /Users/joedormond/Documents/branchr/Services/WatchConnectivityService.swift /Users/joedormond/Documents/branchr/App/RemoteCommandRegistrar.swift /Users/joedormond/Library/Developer/Xcode/DerivedData/branchr-aheaqiyakzptavfcnnusrgtfekde/Build/Intermediates.noindex/branchr.build/Debug-iphonesimulator/branchr.build/DerivedSources/GeneratedAssetSymbols.swift -supplementary-output-file-map /Users/joedormond/Library/Developer/Xcode/DerivedData/branchr-aheaqiyakzptavfcnnusrgtfekde/Build/Intermediates.noindex/branchr.build/Debug-iphonesimulator/branchr.build/Objects-normal/x86_64/supplementaryOutputs-3 -emit-localized-strings -emit-localized-strings-path /Users/joedormond/Library/Developer/Xcode/DerivedData/branchr-aheaqiyakzptavfcnnusrgtfekde/Build/Intermediates.noindex/branchr.build/Debug-iphonesimulator/branchr.build/Objects-normal/x86_64 -target x86_64-apple-ios18.2-simulator -enable-objc-interop -sdk /Applications/Xcode.app/Contents/Developer/Platforms/iPhoneSimulator.platform/Developer/SDKs/iPhoneSimulator18.2.sdk -I /Users/joedormond/Library/Developer/Xcode/DerivedData/branchr-aheaqiyakzptavfcnnusrgtfekde/Build/Products/Debug-iphonesimulator -F /Users/joedormond/Library/Developer/Xcode/DerivedData/branchr-aheaqiyakzptavfcnnusrgtfekde/Build/Products/Debug-iphonesimulator -no-color-diagnostics -enable-testing -g -debug-info-format\=dwarf -dwarf-version\=5 -module-cache-path /Users/joedormond/Library/Developer/Xcode/DerivedData/ModuleCache.noindex -swift-version 5 -enforce-exclusivity\=checked -Onone -D DEBUG -serialize-debugging-options -const-gather-protocols-file /Users/joedormond/Library/Developer/Xcode/DerivedData/branchr-aheaqiyakzptavfcnnusrgtfekde/Build/Intermediates.noindex/branchr.build/Debug-iphonesimulator/branchr.build/Objects-normal/x86_64/branchr_const_extract_protocols.json -enable-experimental-feature DebugDescriptionMacro -enable-experimental-feature OpaqueTypeErasure -enable-bare-slash-regex -empty-abi-descriptor -validate-clang-modules-once -clang-build-session-file /Users/joedormond/Library/Developer/Xcode/DerivedData/ModuleCache.noindex/Session.modulevalidation -Xcc -working-directory -Xcc /Users/joedormond/Documents/branchr -resource-dir /Applications/Xcode.app/Contents/Developer/Toolchains/XcodeDefault.xctoolchain/usr/lib/swift -enable-anonymous-context-mangled-names -file-compilation-dir /Users/joedormond/Documents/branchr -Xcc -D_LIBCPP_HARDENING_MODE\=_LIBCPP_HARDENING_MODE_DEBUG -Xcc -ivfsstatcache -Xcc /Users/joedormond/Library/Developer/Xcode/DerivedData/SDKStatCaches.noindex/iphonesimulator18.2-22C146-07b28473f605e47e75261259d3ef3b5a.sdkstatcache -Xcc -I/Users/joedormond/Library/Developer/Xcode/DerivedData/branchr-aheaqiyakzptavfcnnusrgtfekde/Build/Intermediates.noindex/branchr.build/Debug-iphonesimulator/branchr.build/swift-overrides.hmap -Xcc -iquote -Xcc /Users/joedormond/Library/Developer/Xcode/DerivedData/branchr-aheaqiyakzptavfcnnusrgtfekde/Build/Intermediates.noindex/branchr.build/Debug-iphonesimulator/branchr.build/branchr-generated-files.hmap -Xcc -I/Users/joedormond/Library/Developer/Xcode/DerivedData/branchr-aheaqiyakzptavfcnnusrgtfekde/Build/Intermediates.noindex/branchr.build/Debug-iphonesimulator/branchr.build/branchr-own-target-headers.hmap -Xcc -I/Users/joedormond/Library/Developer/Xcode/DerivedData/branchr-aheaqiyakzptavfcnnusrgtfekde/Build/Intermediates.noindex/branchr.build/Debug-iphonesimulator/branchr.build/branchr-all-target-headers.hmap -Xcc -iquote -Xcc /Users/joedormond/Library/Developer/Xcode/DerivedData/branchr-aheaqiyakzptavfcnnusrgtfekde/Build/Intermediates.noindex/branchr.build/Debug-iphonesimulator/branchr.build/branchr-project-headers.hmap -Xcc -I/Users/joedormond/Library/Developer/Xcode/DerivedData/branchr-aheaqiyakzptavfcnnusrgtfekde/Build/Products/Debug-iphonesimulator/include -Xcc -I/Users/joedormond/Library/Developer/Xcode/DerivedData/branchr-aheaqiyakzptavfcnnusrgtfekde/Build/Intermediates.noindex/branchr.build/Debug-iphonesimulator/branchr.build/DerivedSources-normal/x86_64 -Xcc -I/Users/joedormond/Library/Developer/Xcode/DerivedData/branchr-aheaqiyakzptavfcnnusrgtfekde/Build/Intermediates.noindex/branchr.build/Debug-iphonesimulator/branchr.build/DerivedSources/x86_64 -Xcc -I/Users/joedormond/Library/Developer/Xcode/DerivedData/branchr-aheaqiyakzptavfcnnusrgtfekde/Build/Intermediates.noindex/branchr.build/Debug-iphonesimulator/branchr.build/DerivedSources -Xcc -DDEBUG\=1 -module-name branchr -frontend-parseable-output -disable-clang-spi -target-sdk-version 18.2 -target-sdk-name iphonesimulator18.2 -external-plugin-path /Applications/Xcode.app/Contents/Developer/Platforms/iPhoneOS.platform/Developer/usr/lib/swift/host/plugins\#/Applications/Xcode.app/Contents/Developer/Platforms/iPhoneOS.platform/Developer/usr/bin/swift-plugin-server -external-plugin-path /Applications/Xcode.app/Contents/Developer/Platforms/iPhoneOS.platform/Developer/usr/local/lib/swift/host/plugins\#/Applications/Xcode.app/Contents/Developer/Platforms/iPhoneOS.platform/Developer/usr/bin/swift-plugin-server -plugin-path /Applications/Xcode.app/Contents/Developer/Toolchains/XcodeDefault.xctoolchain/usr/lib/swift/host/plugins -plugin-path /Applications/Xcode.app/Contents/Developer/Toolchains/XcodeDefault.xctoolchain/usr/local/lib/swift/host/plugins -o /Users/joedormond/Library/Developer/Xcode/DerivedData/branchr-aheaqiyakzptavfcnnusrgtfekde/Build/Intermediates.noindex/branchr.build/Debug-iphonesimulator/branchr.build/Objects-normal/x86_64/AutoModeDetectionService.o -o /Users/joedormond/Library/Developer/Xcode/DerivedData/branchr-aheaqiyakzptavfcnnusrgtfekde/Build/Intermediates.noindex/branchr.build/Debug-iphonesimulator/branchr.build/Objects-normal/x86_64/BranchrButton.o -o /Users/joedormond/Library/Developer/Xcode/DerivedData/branchr-aheaqiyakzptavfcnnusrgtfekde/Build/Intermediates.noindex/branchr.build/Debug-iphonesimulator/branchr.build/Objects-normal/x86_64/BranchrColor.o -o /Users/joedormond/Library/Developer/Xcode/DerivedData/branchr-aheaqiyakzptavfcnnusrgtfekde/Build/Intermediates.noindex/branchr.build/Debug-iphonesimulator/branchr.build/Objects-normal/x86_64/CalorieCalculator.o -o /Users/joedormond/Library/Developer/Xcode/DerivedData/branchr-aheaqiyakzptavfcnnusrgtfekde/Build/Intermediates.noindex/branchr.build/Debug-iphonesimulator/branchr.build/Objects-normal/x86_64/CommandProcessor.o -o /Users/joedormond/Library/Developer/Xcode/DerivedData/branchr-aheaqiyakzptavfcnnusrgtfekde/Build/Intermediates.noindex/branchr.build/Debug-iphonesimulator/branchr.build/Objects-normal/x86_64/GestureControlService.o -o /Users/joedormond/Library/Developer/Xcode/DerivedData/branchr-aheaqiyakzptavfcnnusrgtfekde/Build/Intermediates.noindex/branchr.build/Debug-iphonesimulator/branchr.build/Objects-normal/x86_64/GroupSessionManager.o -o /Users/joedormond/Library/Developer/Xcode/DerivedData/branchr-aheaqiyakzptavfcnnusrgtfekde/Build/Intermediates.noindex/branchr.build/Debug-iphonesimulator/branchr.build/Objects-normal/x86_64/HapticsService.o -o /Users/joedormond/Library/Developer/Xcode/DerivedData/branchr-aheaqiyakzptavfcnnusrgtfekde/Build/Intermediates.noindex/branchr.build/Debug-iphonesimulator/branchr.build/Objects-normal/x86_64/HostDJController.o -o /Users/joedormond/Library/Developer/Xcode/DerivedData/branchr-aheaqiyakzptavfcnnusrgtfekde/Build/Intermediates.noindex/branchr.build/Debug-iphonesimulator/branchr.build/Objects-normal/x86_64/HUDManager.o -o /Users/joedormond/Library/Developer/Xcode/DerivedData/branchr-aheaqiyakzptavfcnnusrgtfekde/Build/Intermediates.noindex/branchr.build/Debug-iphonesimulator/branchr.build/Objects-normal/x86_64/LocationTrackingService.o -o /Users/joedormond/Library/Developer/Xcode/DerivedData/branchr-aheaqiyakzptavfcnnusrgtfekde/Build/Intermediates.noindex/branchr.build/Debug-iphonesimulator/branchr.build/Objects-normal/x86_64/ModeConfiguration.o -o /Users/joedormond/Library/Developer/Xcode/DerivedData/branchr-aheaqiyakzptavfcnnusrgtfekde/Build/Intermediates.noindex/branchr.build/Debug-iphonesimulator/branchr.build/Objects-normal/x86_64/ModeManager.o -o /Users/joedormond/Library/Developer/Xcode/DerivedData/branchr-aheaqiyakzptavfcnnusrgtfekde/Build/Intermediates.noindex/branchr.build/Debug-iphonesimulator/branchr.build/Objects-normal/x86_64/MotionDetectionService.o -o /Users/joedormond/Library/Developer/Xcode/DerivedData/branchr-aheaqiyakzptavfcnnusrgtfekde/Build/Intermediates.noindex/branchr.build/Debug-iphonesimulator/branchr.build/Objects-normal/x86_64/MusicKitService.o -o /Users/joedormond/Library/Developer/Xcode/DerivedData/branchr-aheaqiyakzptavfcnnusrgtfekde/Build/Intermediates.noindex/branchr.build/Debug-iphonesimulator/branchr.build/Objects-normal/x86_64/MusicService.o -o /Users/joedormond/Library/Developer/Xcode/DerivedData/branchr-aheaqiyakzptavfcnnusrgtfekde/Build/Intermediates.noindex/branchr.build/Debug-iphonesimulator/branchr.build/Objects-normal/x86_64/MusicSyncService.o -index-unit-output-path /branchr.build/Debug-iphonesimulator/branchr.build/Objects-normal/x86_64/AutoModeDetectionService.o -index-unit-output-path /branchr.build/Debug-iphonesimulator/branchr.build/Objects-normal/x86_64/BranchrButton.o -index-unit-output-path /branchr.build/Debug-iphonesimulator/branchr.build/Objects-normal/x86_64/BranchrColor.o -index-unit-output-path /branchr.build/Debug-iphonesimulator/branchr.build/Objects-normal/x86_64/CalorieCalculator.o -index-unit-output-path /branchr.build/Debug-iphonesimulator/branchr.build/Objects-normal/x86_64/CommandProcessor.o -index-unit-output-path /branchr.build/Debug-iphonesimulator/branchr.build/Objects-normal/x86_64/GestureControlService.o -index-unit-output-path /branchr.build/Debug-iphonesimulator/branchr.build/Objects-normal/x86_64/GroupSessionManager.o -index-unit-output-path /branchr.build/Debug-iphonesimulator/branchr.build/Objects-normal/x86_64/HapticsService.o -index-unit-output-path /branchr.build/Debug-iphonesimulator/branchr.build/Objects-normal/x86_64/HostDJController.o -index-unit-output-path /branchr.build/Debug-iphonesimulator/branchr.build/Objects-normal/x86_64/HUDManager.o -index-unit-output-path /branchr.build/Debug-iphonesimulator/branchr.build/Objects-normal/x86_64/LocationTrackingService.o -index-unit-output-path /branchr.build/Debug-iphonesimulator/branchr.build/Objects-normal/x86_64/ModeConfiguration.o -index-unit-output-path /branchr.build/Debug-iphonesimulator/branchr.build/Objects-normal/x86_64/ModeManager.o -index-unit-output-path /branchr.build/Debug-iphonesimulator/branchr.build/Objects-normal/x86_64/MotionDetectionService.o -index-unit-output-path /branchr.build/Debug-iphonesimulator/branchr.build/Objects-normal/x86_64/MusicKitService.o -index-unit-output-path /branchr.build/Debug-iphonesimulator/branchr.build/Objects-normal/x86_64/MusicService.o -index-unit-output-path /branchr.build/Debug-iphonesimulator/branchr.build/Objects-normal/x86_64/MusicSyncService.o -index-store-path /Users/joedormond/Library/Developer/Xcode/DerivedData/branchr-aheaqiyakzptavfcnnusrgtfekde/Index.noindex/DataStore -index-system-modules

SwiftCompile normal x86_64 /Users/joedormond/Documents/branchr/Services/HUDManager.swift (in target 'branchr' from project 'branchr')
    cd /Users/joedormond/Documents/branchr
    /Applications/Xcode.app/Contents/Developer/Toolchains/XcodeDefault.xctoolchain/usr/bin/swift-frontend -c /Users/joedormond/Documents/branchr/branchrApp.swift /Users/joedormond/Documents/branchr/App/BranchrAppRoot.swift /Users/joedormond/Documents/branchr/App/FloatingActionMenu.swift /Users/joedormond/Documents/branchr/Services/AchievementTracker.swift /Users/joedormond/Documents/branchr/Services/AIInsightService.swift /Users/joedormond/Documents/branchr/Services/AINoiseControlService.swift /Users/joedormond/Documents/branchr/Services/AudioManager.swift /Users/joedormond/Documents/branchr/Views/DJ/DJControlSheetView.swift /Users/joedormond/Documents/branchr/Views/Home/HomeView.swift /Users/joedormond/Documents/branchr/Views/Home/ModeStatusBannerView.swift /Users/joedormond/Documents/branchr/Views/Ride/CloudStatusBannerView.swift /Users/joedormond/Documents/branchr/Views/Ride/RideHistoryView.swift /Users/joedormond/Documents/branchr/Views/Ride/RideMapView.swift /Users/joedormond/Documents/branchr/Views/Ride/RideSummaryView.swift /Users/joedormond/Documents/branchr/Views/Settings/ModeSelectionView.swift /Users/joedormond/Documents/branchr/Views/Settings/SafetyControlView.swift /Users/joedormond/Documents/branchr/Views/Settings/SettingsView.swift /Users/joedormond/Documents/branchr/Views/SharedComponents/SectionCard.swift /Users/joedormond/Documents/branchr/Views/Splash/LaunchAnimationView.swift /Users/joedormond/Documents/branchr/Views/Splash/LaunchBikeRiderView.swift /Users/joedormond/Documents/branchr/Views/Voice/DJControlView.swift /Users/joedormond/Documents/branchr/Views/Voice/MusicStatusBannerView.swift /Users/joedormond/Documents/branchr/Views/Voice/VoiceSettingsView.swift /Users/joedormond/Documents/branchr/Views/AudioControlView.swift /Users/joedormond/Documents/branchr/Views/GroupRideView.swift /Users/joedormond/Documents/branchr/Views/MapComponents.swift /Users/joedormond/Documents/branchr/Views/RideCalendarView.swift /Users/joedormond/Documents/branchr/Views/RideDayDetailView.swift /Users/joedormond/Documents/branchr/Views/RideHUDView.swift /Users/joedormond/Documents/branchr/Views/RideInsightsView.swift /Users/joedormond/Documents/branchr/Views/RidePromptView.swift /Users/joedormond/Documents/branchr/Views/SongRequestSheet.swift /Users/joedormond/Documents/branchr/Views/WeightSettingsView.swift /Users/joedormond/Documents/branchr/Services/AudioMixerService.swift -primary-file /Users/joedormond/Documents/branchr/Services/AutoModeDetectionService.swift -primary-file /Users/joedormond/Documents/branchr/Services/BranchrButton.swift -primary-file /Users/joedormond/Documents/branchr/Services/BranchrColor.swift -primary-file /Users/joedormond/Documents/branchr/Services/CalorieCalculator.swift -primary-file /Users/joedormond/Documents/branchr/Services/CommandProcessor.swift -primary-file /Users/joedormond/Documents/branchr/Services/GestureControlService.swift -primary-file /Users/joedormond/Documents/branchr/Services/GroupSessionManager.swift -primary-file /Users/joedormond/Documents/branchr/Services/HapticsService.swift -primary-file /Users/joedormond/Documents/branchr/Services/HostDJController.swift -primary-file /Users/joedormond/Documents/branchr/Services/HUDManager.swift -primary-file /Users/joedormond/Documents/branchr/Services/LocationTrackingService.swift -primary-file /Users/joedormond/Documents/branchr/Services/ModeConfiguration.swift -primary-file /Users/joedormond/Documents/branchr/Services/ModeManager.swift -primary-file /Users/joedormond/Documents/branchr/Services/MotionDetectionService.swift -primary-file /Users/joedormond/Documents/branchr/Services/MusicKitService.swift -primary-file /Users/joedormond/Documents/branchr/Services/MusicService.swift -primary-file /Users/joedormond/Documents/branchr/Services/MusicSyncService.swift /Users/joedormond/Documents/branchr/Services/PandoraIntegrationService.swift /Users/joedormond/Documents/branchr/Services/PeerConnectionService.swift /Users/joedormond/Documents/branchr/Services/RideCloudSyncService.swift /Users/joedormond/Documents/branchr/Services/RideDataManager.swift /Users/joedormond/Documents/branchr/Services/SongRequestManager.swift /Users/joedormond/Documents/branchr/Services/SpeechCommandService.swift /Users/joedormond/Documents/branchr/Services/ThemeManager.swift /Users/joedormond/Documents/branchr/Services/UserPreferenceManager.swift /Users/joedormond/Documents/branchr/Services/UserPreferenceSyncManager.swift /Users/joedormond/Documents/branchr/Services/VoiceActivationService.swift /Users/joedormond/Documents/branchr/Services/VoiceAssistantService.swift /Users/joedormond/Documents/branchr/Services/VoiceChatService.swift /Users/joedormond/Documents/branchr/Services/VoiceResponseManager.swift /Users/joedormond/Documents/branchr/Services/VoiceSongRequestService.swift /Users/joedormond/Documents/branchr/Services/WatchConnectivityService.swift /Users/joedormond/Documents/branchr/App/RemoteCommandRegistrar.swift /Users/joedormond/Library/Developer/Xcode/DerivedData/branchr-aheaqiyakzptavfcnnusrgtfekde/Build/Intermediates.noindex/branchr.build/Debug-iphonesimulator/branchr.build/DerivedSources/GeneratedAssetSymbols.swift -supplementary-output-file-map /Users/joedormond/Library/Developer/Xcode/DerivedData/branchr-aheaqiyakzptavfcnnusrgtfekde/Build/Intermediates.noindex/branchr.build/Debug-iphonesimulator/branchr.build/Objects-normal/x86_64/supplementaryOutputs-3 -emit-localized-strings -emit-localized-strings-path /Users/joedormond/Library/Developer/Xcode/DerivedData/branchr-aheaqiyakzptavfcnnusrgtfekde/Build/Intermediates.noindex/branchr.build/Debug-iphonesimulator/branchr.build/Objects-normal/x86_64 -target x86_64-apple-ios18.2-simulator -enable-objc-interop -sdk /Applications/Xcode.app/Contents/Developer/Platforms/iPhoneSimulator.platform/Developer/SDKs/iPhoneSimulator18.2.sdk -I /Users/joedormond/Library/Developer/Xcode/DerivedData/branchr-aheaqiyakzptavfcnnusrgtfekde/Build/Products/Debug-iphonesimulator -F /Users/joedormond/Library/Developer/Xcode/DerivedData/branchr-aheaqiyakzptavfcnnusrgtfekde/Build/Products/Debug-iphonesimulator -no-color-diagnostics -enable-testing -g -debug-info-format\=dwarf -dwarf-version\=5 -module-cache-path /Users/joedormond/Library/Developer/Xcode/DerivedData/ModuleCache.noindex -swift-version 5 -enforce-exclusivity\=checked -Onone -D DEBUG -serialize-debugging-options -const-gather-protocols-file /Users/joedormond/Library/Developer/Xcode/DerivedData/branchr-aheaqiyakzptavfcnnusrgtfekde/Build/Intermediates.noindex/branchr.build/Debug-iphonesimulator/branchr.build/Objects-normal/x86_64/branchr_const_extract_protocols.json -enable-experimental-feature DebugDescriptionMacro -enable-experimental-feature OpaqueTypeErasure -enable-bare-slash-regex -empty-abi-descriptor -validate-clang-modules-once -clang-build-session-file /Users/joedormond/Library/Developer/Xcode/DerivedData/ModuleCache.noindex/Session.modulevalidation -Xcc -working-directory -Xcc /Users/joedormond/Documents/branchr -resource-dir /Applications/Xcode.app/Contents/Developer/Toolchains/XcodeDefault.xctoolchain/usr/lib/swift -enable-anonymous-context-mangled-names -file-compilation-dir /Users/joedormond/Documents/branchr -Xcc -D_LIBCPP_HARDENING_MODE\=_LIBCPP_HARDENING_MODE_DEBUG -Xcc -ivfsstatcache -Xcc /Users/joedormond/Library/Developer/Xcode/DerivedData/SDKStatCaches.noindex/iphonesimulator18.2-22C146-07b28473f605e47e75261259d3ef3b5a.sdkstatcache -Xcc -I/Users/joedormond/Library/Developer/Xcode/DerivedData/branchr-aheaqiyakzptavfcnnusrgtfekde/Build/Intermediates.noindex/branchr.build/Debug-iphonesimulator/branchr.build/swift-overrides.hmap -Xcc -iquote -Xcc /Users/joedormond/Library/Developer/Xcode/DerivedData/branchr-aheaqiyakzptavfcnnusrgtfekde/Build/Intermediates.noindex/branchr.build/Debug-iphonesimulator/branchr.build/branchr-generated-files.hmap -Xcc -I/Users/joedormond/Library/Developer/Xcode/DerivedData/branchr-aheaqiyakzptavfcnnusrgtfekde/Build/Intermediates.noindex/branchr.build/Debug-iphonesimulator/branchr.build/branchr-own-target-headers.hmap -Xcc -I/Users/joedormond/Library/Developer/Xcode/DerivedData/branchr-aheaqiyakzptavfcnnusrgtfekde/Build/Intermediates.noindex/branchr.build/Debug-iphonesimulator/branchr.build/branchr-all-target-headers.hmap -Xcc -iquote -Xcc /Users/joedormond/Library/Developer/Xcode/DerivedData/branchr-aheaqiyakzptavfcnnusrgtfekde/Build/Intermediates.noindex/branchr.build/Debug-iphonesimulator/branchr.build/branchr-project-headers.hmap -Xcc -I/Users/joedormond/Library/Developer/Xcode/DerivedData/branchr-aheaqiyakzptavfcnnusrgtfekde/Build/Products/Debug-iphonesimulator/include -Xcc -I/Users/joedormond/Library/Developer/Xcode/DerivedData/branchr-aheaqiyakzptavfcnnusrgtfekde/Build/Intermediates.noindex/branchr.build/Debug-iphonesimulator/branchr.build/DerivedSources-normal/x86_64 -Xcc -I/Users/joedormond/Library/Developer/Xcode/DerivedData/branchr-aheaqiyakzptavfcnnusrgtfekde/Build/Intermediates.noindex/branchr.build/Debug-iphonesimulator/branchr.build/DerivedSources/x86_64 -Xcc -I/Users/joedormond/Library/Developer/Xcode/DerivedData/branchr-aheaqiyakzptavfcnnusrgtfekde/Build/Intermediates.noindex/branchr.build/Debug-iphonesimulator/branchr.build/DerivedSources -Xcc -DDEBUG\=1 -module-name branchr -frontend-parseable-output -disable-clang-spi -target-sdk-version 18.2 -target-sdk-name iphonesimulator18.2 -external-plugin-path /Applications/Xcode.app/Contents/Developer/Platforms/iPhoneOS.platform/Developer/usr/lib/swift/host/plugins\#/Applications/Xcode.app/Contents/Developer/Platforms/iPhoneOS.platform/Developer/usr/bin/swift-plugin-server -external-plugin-path /Applications/Xcode.app/Contents/Developer/Platforms/iPhoneOS.platform/Developer/usr/local/lib/swift/host/plugins\#/Applications/Xcode.app/Contents/Developer/Platforms/iPhoneOS.platform/Developer/usr/bin/swift-plugin-server -plugin-path /Applications/Xcode.app/Contents/Developer/Toolchains/XcodeDefault.xctoolchain/usr/lib/swift/host/plugins -plugin-path /Applications/Xcode.app/Contents/Developer/Toolchains/XcodeDefault.xctoolchain/usr/local/lib/swift/host/plugins -o /Users/joedormond/Library/Developer/Xcode/DerivedData/branchr-aheaqiyakzptavfcnnusrgtfekde/Build/Intermediates.noindex/branchr.build/Debug-iphonesimulator/branchr.build/Objects-normal/x86_64/AutoModeDetectionService.o -o /Users/joedormond/Library/Developer/Xcode/DerivedData/branchr-aheaqiyakzptavfcnnusrgtfekde/Build/Intermediates.noindex/branchr.build/Debug-iphonesimulator/branchr.build/Objects-normal/x86_64/BranchrButton.o -o /Users/joedormond/Library/Developer/Xcode/DerivedData/branchr-aheaqiyakzptavfcnnusrgtfekde/Build/Intermediates.noindex/branchr.build/Debug-iphonesimulator/branchr.build/Objects-normal/x86_64/BranchrColor.o -o /Users/joedormond/Library/Developer/Xcode/DerivedData/branchr-aheaqiyakzptavfcnnusrgtfekde/Build/Intermediates.noindex/branchr.build/Debug-iphonesimulator/branchr.build/Objects-normal/x86_64/CalorieCalculator.o -o /Users/joedormond/Library/Developer/Xcode/DerivedData/branchr-aheaqiyakzptavfcnnusrgtfekde/Build/Intermediates.noindex/branchr.build/Debug-iphonesimulator/branchr.build/Objects-normal/x86_64/CommandProcessor.o -o /Users/joedormond/Library/Developer/Xcode/DerivedData/branchr-aheaqiyakzptavfcnnusrgtfekde/Build/Intermediates.noindex/branchr.build/Debug-iphonesimulator/branchr.build/Objects-normal/x86_64/GestureControlService.o -o /Users/joedormond/Library/Developer/Xcode/DerivedData/branchr-aheaqiyakzptavfcnnusrgtfekde/Build/Intermediates.noindex/branchr.build/Debug-iphonesimulator/branchr.build/Objects-normal/x86_64/GroupSessionManager.o -o /Users/joedormond/Library/Developer/Xcode/DerivedData/branchr-aheaqiyakzptavfcnnusrgtfekde/Build/Intermediates.noindex/branchr.build/Debug-iphonesimulator/branchr.build/Objects-normal/x86_64/HapticsService.o -o /Users/joedormond/Library/Developer/Xcode/DerivedData/branchr-aheaqiyakzptavfcnnusrgtfekde/Build/Intermediates.noindex/branchr.build/Debug-iphonesimulator/branchr.build/Objects-normal/x86_64/HostDJController.o -o /Users/joedormond/Library/Developer/Xcode/DerivedData/branchr-aheaqiyakzptavfcnnusrgtfekde/Build/Intermediates.noindex/branchr.build/Debug-iphonesimulator/branchr.build/Objects-normal/x86_64/HUDManager.o -o /Users/joedormond/Library/Developer/Xcode/DerivedData/branchr-aheaqiyakzptavfcnnusrgtfekde/Build/Intermediates.noindex/branchr.build/Debug-iphonesimulator/branchr.build/Objects-normal/x86_64/LocationTrackingService.o -o /Users/joedormond/Library/Developer/Xcode/DerivedData/branchr-aheaqiyakzptavfcnnusrgtfekde/Build/Intermediates.noindex/branchr.build/Debug-iphonesimulator/branchr.build/Objects-normal/x86_64/ModeConfiguration.o -o /Users/joedormond/Library/Developer/Xcode/DerivedData/branchr-aheaqiyakzptavfcnnusrgtfekde/Build/Intermediates.noindex/branchr.build/Debug-iphonesimulator/branchr.build/Objects-normal/x86_64/ModeManager.o -o /Users/joedormond/Library/Developer/Xcode/DerivedData/branchr-aheaqiyakzptavfcnnusrgtfekde/Build/Intermediates.noindex/branchr.build/Debug-iphonesimulator/branchr.build/Objects-normal/x86_64/MotionDetectionService.o -o /Users/joedormond/Library/Developer/Xcode/DerivedData/branchr-aheaqiyakzptavfcnnusrgtfekde/Build/Intermediates.noindex/branchr.build/Debug-iphonesimulator/branchr.build/Objects-normal/x86_64/MusicKitService.o -o /Users/joedormond/Library/Developer/Xcode/DerivedData/branchr-aheaqiyakzptavfcnnusrgtfekde/Build/Intermediates.noindex/branchr.build/Debug-iphonesimulator/branchr.build/Objects-normal/x86_64/MusicService.o -o /Users/joedormond/Library/Developer/Xcode/DerivedData/branchr-aheaqiyakzptavfcnnusrgtfekde/Build/Intermediates.noindex/branchr.build/Debug-iphonesimulator/branchr.build/Objects-normal/x86_64/MusicSyncService.o -index-unit-output-path /branchr.build/Debug-iphonesimulator/branchr.build/Objects-normal/x86_64/AutoModeDetectionService.o -index-unit-output-path /branchr.build/Debug-iphonesimulator/branchr.build/Objects-normal/x86_64/BranchrButton.o -index-unit-output-path /branchr.build/Debug-iphonesimulator/branchr.build/Objects-normal/x86_64/BranchrColor.o -index-unit-output-path /branchr.build/Debug-iphonesimulator/branchr.build/Objects-normal/x86_64/CalorieCalculator.o -index-unit-output-path /branchr.build/Debug-iphonesimulator/branchr.build/Objects-normal/x86_64/CommandProcessor.o -index-unit-output-path /branchr.build/Debug-iphonesimulator/branchr.build/Objects-normal/x86_64/GestureControlService.o -index-unit-output-path /branchr.build/Debug-iphonesimulator/branchr.build/Objects-normal/x86_64/GroupSessionManager.o -index-unit-output-path /branchr.build/Debug-iphonesimulator/branchr.build/Objects-normal/x86_64/HapticsService.o -index-unit-output-path /branchr.build/Debug-iphonesimulator/branchr.build/Objects-normal/x86_64/HostDJController.o -index-unit-output-path /branchr.build/Debug-iphonesimulator/branchr.build/Objects-normal/x86_64/HUDManager.o -index-unit-output-path /branchr.build/Debug-iphonesimulator/branchr.build/Objects-normal/x86_64/LocationTrackingService.o -index-unit-output-path /branchr.build/Debug-iphonesimulator/branchr.build/Objects-normal/x86_64/ModeConfiguration.o -index-unit-output-path /branchr.build/Debug-iphonesimulator/branchr.build/Objects-normal/x86_64/ModeManager.o -index-unit-output-path /branchr.build/Debug-iphonesimulator/branchr.build/Objects-normal/x86_64/MotionDetectionService.o -index-unit-output-path /branchr.build/Debug-iphonesimulator/branchr.build/Objects-normal/x86_64/MusicKitService.o -index-unit-output-path /branchr.build/Debug-iphonesimulator/branchr.build/Objects-normal/x86_64/MusicService.o -index-unit-output-path /branchr.build/Debug-iphonesimulator/branchr.build/Objects-normal/x86_64/MusicSyncService.o -index-store-path /Users/joedormond/Library/Developer/Xcode/DerivedData/branchr-aheaqiyakzptavfcnnusrgtfekde/Index.noindex/DataStore -index-system-modules

SwiftCompile normal x86_64 /Users/joedormond/Documents/branchr/Services/LocationTrackingService.swift (in target 'branchr' from project 'branchr')
    cd /Users/joedormond/Documents/branchr
    /Applications/Xcode.app/Contents/Developer/Toolchains/XcodeDefault.xctoolchain/usr/bin/swift-frontend -c /Users/joedormond/Documents/branchr/branchrApp.swift /Users/joedormond/Documents/branchr/App/BranchrAppRoot.swift /Users/joedormond/Documents/branchr/App/FloatingActionMenu.swift /Users/joedormond/Documents/branchr/Services/AchievementTracker.swift /Users/joedormond/Documents/branchr/Services/AIInsightService.swift /Users/joedormond/Documents/branchr/Services/AINoiseControlService.swift /Users/joedormond/Documents/branchr/Services/AudioManager.swift /Users/joedormond/Documents/branchr/Views/DJ/DJControlSheetView.swift /Users/joedormond/Documents/branchr/Views/Home/HomeView.swift /Users/joedormond/Documents/branchr/Views/Home/ModeStatusBannerView.swift /Users/joedormond/Documents/branchr/Views/Ride/CloudStatusBannerView.swift /Users/joedormond/Documents/branchr/Views/Ride/RideHistoryView.swift /Users/joedormond/Documents/branchr/Views/Ride/RideMapView.swift /Users/joedormond/Documents/branchr/Views/Ride/RideSummaryView.swift /Users/joedormond/Documents/branchr/Views/Settings/ModeSelectionView.swift /Users/joedormond/Documents/branchr/Views/Settings/SafetyControlView.swift /Users/joedormond/Documents/branchr/Views/Settings/SettingsView.swift /Users/joedormond/Documents/branchr/Views/SharedComponents/SectionCard.swift /Users/joedormond/Documents/branchr/Views/Splash/LaunchAnimationView.swift /Users/joedormond/Documents/branchr/Views/Splash/LaunchBikeRiderView.swift /Users/joedormond/Documents/branchr/Views/Voice/DJControlView.swift /Users/joedormond/Documents/branchr/Views/Voice/MusicStatusBannerView.swift /Users/joedormond/Documents/branchr/Views/Voice/VoiceSettingsView.swift /Users/joedormond/Documents/branchr/Views/AudioControlView.swift /Users/joedormond/Documents/branchr/Views/GroupRideView.swift /Users/joedormond/Documents/branchr/Views/MapComponents.swift /Users/joedormond/Documents/branchr/Views/RideCalendarView.swift /Users/joedormond/Documents/branchr/Views/RideDayDetailView.swift /Users/joedormond/Documents/branchr/Views/RideHUDView.swift /Users/joedormond/Documents/branchr/Views/RideInsightsView.swift /Users/joedormond/Documents/branchr/Views/RidePromptView.swift /Users/joedormond/Documents/branchr/Views/SongRequestSheet.swift /Users/joedormond/Documents/branchr/Views/WeightSettingsView.swift /Users/joedormond/Documents/branchr/Services/AudioMixerService.swift -primary-file /Users/joedormond/Documents/branchr/Services/AutoModeDetectionService.swift -primary-file /Users/joedormond/Documents/branchr/Services/BranchrButton.swift -primary-file /Users/joedormond/Documents/branchr/Services/BranchrColor.swift -primary-file /Users/joedormond/Documents/branchr/Services/CalorieCalculator.swift -primary-file /Users/joedormond/Documents/branchr/Services/CommandProcessor.swift -primary-file /Usewarning: next compile won't be incremental; could not write dependency graph: Could not write to /Users/joedormond/Library/Developer/Xcode/DerivedData/branchr-aheaqiyakzptavfcnnusrgtfekde/Build/Intermediates.noindex/branchr.build/Debug-iphonesimulator/branchr.build/Objects-normal/x86_64/branchr-master.priors, error: You can’t save the file “branchr-master.priors” because the volume “Macintosh HD” is out of space.
** BUILD FAILED **


The following build commands failed:
	Building project branchr with scheme branchr
(3 failures)
2025-11-02 21:31:59.643 xcodebuild[14547:80136] Error saving log: Error Domain=NSPOSIXErrorDomain Code=28 "No space left on device" UserInfo={NSFilePath=/Users/joedormond/Library/Developer/Xcode/DerivedData/branchr-aheaqiyakzptavfcnnusrgtfekde/Logs/Build/979DCFCE-918E-4B21-9C8E-546954819129.xcactivitylog, NSLocalizedDescription=No space left on device} | User info: {
    NSFilePath = "/Users/joedormond/Library/Developer/Xcode/DerivedData/branchr-aheaqiyakzptavfcnnusrgtfekde/Logs/Build/979DCFCE-918E-4B21-9C8E-546954819129.xcactivitylog";
    NSLocalizedDescription = "No space left on device";
}
